Archive member included to satisfy reference by file (symbol)

app/libapp.a(main.c.obj)      (--whole-archive)
app/libapp.a(bls_hsm_ns.c.obj)
                              (--whole-archive)
app/libapp.a(common.c.obj)    (--whole-archive)
zephyr/libzephyr.a(cbprintf.c.obj)
                              (--whole-archive)
zephyr/libzephyr.a(cbprintf_packaged.c.obj)
                              (--whole-archive)
zephyr/libzephyr.a(crc32c_sw.c.obj)
                              (--whole-archive)
zephyr/libzephyr.a(crc32_sw.c.obj)
                              (--whole-archive)
zephyr/libzephyr.a(crc16_sw.c.obj)
                              (--whole-archive)
zephyr/libzephyr.a(crc8_sw.c.obj)
                              (--whole-archive)
zephyr/libzephyr.a(crc7_sw.c.obj)
                              (--whole-archive)
zephyr/libzephyr.a(dec.c.obj)
                              (--whole-archive)
zephyr/libzephyr.a(fdtable.c.obj)
                              (--whole-archive)
zephyr/libzephyr.a(hex.c.obj)
                              (--whole-archive)
zephyr/libzephyr.a(notify.c.obj)
                              (--whole-archive)
zephyr/libzephyr.a(printk.c.obj)
                              (--whole-archive)
zephyr/libzephyr.a(onoff.c.obj)
                              (--whole-archive)
zephyr/libzephyr.a(rb.c.obj)  (--whole-archive)
zephyr/libzephyr.a(sem.c.obj)
                              (--whole-archive)
zephyr/libzephyr.a(thread_entry.c.obj)
                              (--whole-archive)
zephyr/libzephyr.a(timeutil.c.obj)
                              (--whole-archive)
zephyr/libzephyr.a(heap.c.obj)
                              (--whole-archive)
zephyr/libzephyr.a(heap-validate.c.obj)
                              (--whole-archive)
zephyr/libzephyr.a(bitarray.c.obj)
                              (--whole-archive)
zephyr/libzephyr.a(cbprintf_complete.c.obj)
                              (--whole-archive)
zephyr/libzephyr.a(ring_buffer.c.obj)
                              (--whole-archive)
zephyr/libzephyr.a(mpsc_pbuf.c.obj)
                              (--whole-archive)
zephyr/libzephyr.a(reboot.c.obj)
                              (--whole-archive)
zephyr/libzephyr.a(fnmatch.c.obj)
                              (--whole-archive)
zephyr/libzephyr.a(configs.c.obj)
                              (--whole-archive)
zephyr/libzephyr.a(soc.c.obj)
                              (--whole-archive)
zephyr/libzephyr.a(power.c.obj)
                              (--whole-archive)
zephyr/libzephyr.a(soc_nrf_common.S.obj)
                              (--whole-archive)
zephyr/libzephyr.a(validate_base_addresses.c.obj)
                              (--whole-archive)
zephyr/libzephyr.a(validate_enabled_instances.c.obj)
                              (--whole-archive)
zephyr/libzephyr.a(log_list.c.obj)
                              (--whole-archive)
zephyr/libzephyr.a(log_core.c.obj)
                              (--whole-archive)
zephyr/libzephyr.a(log_mgmt.c.obj)
                              (--whole-archive)
zephyr/libzephyr.a(log_msg.c.obj)
                              (--whole-archive)
zephyr/libzephyr.a(log_output.c.obj)
                              (--whole-archive)
zephyr/libzephyr.a(log_cmds.c.obj)
                              (--whole-archive)
zephyr/libzephyr.a(kernel_service.c.obj)
                              (--whole-archive)
zephyr/libzephyr.a(device_service.c.obj)
                              (--whole-archive)
zephyr/libzephyr.a(date_service.c.obj)
                              (--whole-archive)
zephyr/libzephyr.a(devmem_service.c.obj)
                              (--whole-archive)
zephyr/libzephyr.a(shell.c.obj)
                              (--whole-archive)
zephyr/libzephyr.a(shell_fprintf.c.obj)
                              (--whole-archive)
zephyr/libzephyr.a(shell_utils.c.obj)
                              (--whole-archive)
zephyr/libzephyr.a(shell_ops.c.obj)
                              (--whole-archive)
zephyr/libzephyr.a(shell_uart.c.obj)
                              (--whole-archive)
zephyr/libzephyr.a(shell_help.c.obj)
                              (--whole-archive)
zephyr/libzephyr.a(shell_cmds.c.obj)
                              (--whole-archive)
zephyr/libzephyr.a(shell_history.c.obj)
                              (--whole-archive)
zephyr/libzephyr.a(shell_log_backend.c.obj)
                              (--whole-archive)
zephyr/libzephyr.a(shell_wildcard.c.obj)
                              (--whole-archive)
zephyr/libzephyr.a(power.c.obj)
                              (--whole-archive)
zephyr/libzephyr.a(pm_ctrl.c.obj)
                              (--whole-archive)
zephyr/libzephyr.a(policy_residency.c.obj)
                              (--whole-archive)
zephyr/libzephyr.a(tracing_none.c.obj)
                              (--whole-archive)
zephyr/libzephyr.a(secure_services_ns.c.obj)
                              (--whole-archive)
[...]
Memory Configuration

Name             Origin             Length             Attributes
FLASH            0x00020000         0x000e0000         xr
SRAM             0x20010000         0x00070000         xw
IDT_LIST         0xfffff7ff         0x00000800         xw
*default*        0x00000000         0xffffffff

Linker script and memory map

LOAD zephyr/CMakeFiles/zephyr_prebuilt.dir/misc/empty_file.c.obj
                0x00000020                _region_min_align = 0x20

.rel.plt        0x00020000        0x0
 *(SORT_BY_ALIGNMENT(.rel.plt))
                [!provide]                PROVIDE (__rel_iplt_start = .)
 *(SORT_BY_ALIGNMENT(.rel.iplt))
 .rel.iplt      0x00020000        0x0 app/libapp.a(main.c.obj)
                [!provide]                PROVIDE (__rel_iplt_end = .)

.rela.plt       0x00000000        0x0
 *(SORT_BY_ALIGNMENT(.rela.plt))
                [!provide]                PROVIDE (__rela_iplt_start = .)
 *(SORT_BY_ALIGNMENT(.rela.iplt))
                [!provide]                PROVIDE (__rela_iplt_end = .)

.rel.dyn
 *(SORT_BY_ALIGNMENT(.rel.*))

.rela.dyn
 *(SORT_BY_ALIGNMENT(.rela.*))

/DISCARD/
 *(SORT_BY_ALIGNMENT(.plt))
 *(SORT_BY_ALIGNMENT(.iplt))
 *(SORT_BY_ALIGNMENT(.got.plt))
 *(SORT_BY_ALIGNMENT(.igot.plt))
 *(SORT_BY_ALIGNMENT(.got))
 *(SORT_BY_ALIGNMENT(.igot))
 *(SORT_BY_ALIGNMENT(.note.GNU-stack))
                0x00020000                __rom_region_start = 0x20000

rom_start       0x00020000      0x23c
                0x00000000                . = 0x0
                0x00000000                . = ALIGN (0x4)
                0x00000000                . = ALIGN (0x80)
                0x00000000                . = ALIGN (0x200)
                0x00020000                _vector_start = .
 *(SORT_BY_ALIGNMENT(.exc_vector_table))
 *(SORT_BY_ALIGNMENT(.exc_vector_table.*))
 .exc_vector_table._vector_table_section
                0x00020000       0x40 zephyr/arch/arch/arm/core/aarch32/cortex_m/libarch__arm__core__aarch32__cortex_m.a(vector_table.S.obj)
                0x00020000                _vector_table
 *(SORT_BY_ALIGNMENT(.gnu.linkonce.irq_vector_table*))
 .gnu.linkonce.irq_vector_table
                0x00020040      0x114 zephyr/arch/common/libisr_tables.a(isr_tables.c.obj)
                0x00020040                _irq_vector_table
 *(SORT_BY_ALIGNMENT(.vectors))
                0x00020154                _vector_end = .
                0x00000200                . = 0x200
 *fill*         0x00020154       0xac 
                0x00020200                _fw_info_start = .
 *(SORT_BY_NAME(SORT_BY_ALIGNMENT(.firmware_info*)))
 .firmware_info
                0x00020200       0x3c modules/nrf/subsys/fw_info/lib..__nrf__subsys__fw_info.a(fw_info.c.obj)
                0x00020200                m_firmware_info
                0x0000003c                _fw_info_size = ABSOLUTE ((. - _fw_info_start))

text            0x00020240    0x33984
                0x00020240                __text_region_start = .
 *(SORT_BY_ALIGNMENT(.text))
 .text          0x00020240      0x378 c:/users/administrador/ncs/v1.8.0/toolchain/opt/bin/../lib/gcc/arm-none-eabi/9.2.1/thumb/v8-m.main/nofp\libgcc.a(_arm_addsubdf3.o)
                0x00020240                __aeabi_drsub
                0x00020248                __aeabi_dsub
                0x00020248                __subdf3
                0x0002024c                __aeabi_dadd
                0x0002024c                __adddf3
                0x000204c4                __floatunsidf
                0x000204c4                __aeabi_ui2d
                0x000204e4                __floatsidf
                0x000204e4                __aeabi_i2d
                0x00020508                __aeabi_f2d
                0x00020508                __extendsfdf2
                0x0002054c                __floatundidf
                0x0002054c                __aeabi_ul2d
                0x0002055c                __floatdidf
                0x0002055c                __aeabi_l2d
 .text          0x000205b8      0x424 c:/users/administrador/ncs/v1.8.0/toolchain/opt/bin/../lib/gcc/arm-none-eabi/9.2.1/thumb/v8-m.main/nofp\libgcc.a(_arm_muldivdf3.o)
                0x000205b8                __aeabi_dmul
                0x000205b8                __muldf3
                0x0002080c                __divdf3
                0x0002080c                __aeabi_ddiv
 .text          0x000209dc      0x110 c:/users/administrador/ncs/v1.8.0/toolchain/opt/bin/../lib/gcc/arm-none-eabi/9.2.1/thumb/v8-m.main/nofp\libgcc.a(_arm_cmpdf2.o)
                0x000209dc                __gtdf2
                0x000209dc                __gedf2
                0x000209e4                __ltdf2
                0x000209e4                __ledf2
                0x000209ec                __nedf2
                0x000209ec                __eqdf2
                0x000209ec                __cmpdf2
                0x00020a68                __aeabi_cdrcmple
                0x00020a78                __aeabi_cdcmpeq
                0x00020a78                __aeabi_cdcmple
                0x00020a88                __aeabi_dcmpeq
                0x00020a9c                __aeabi_dcmplt
                0x00020ab0                __aeabi_dcmple
                0x00020ac4                __aeabi_dcmpge
                0x00020ad8                __aeabi_dcmpgt
 .text          0x00020aec       0x2c c:/users/administrador/ncs/v1.8.0/toolchain/opt/bin/../lib/gcc/arm-none-eabi/9.2.1/thumb/v8-m.main/nofp\libgcc.a(_arm_unorddf2.o)
                0x00020aec                __unorddf2
                0x00020aec                __aeabi_dcmpun
 .text          0x00020b18       0x50 c:/users/administrador/ncs/v1.8.0/toolchain/opt/bin/../lib/gcc/arm-none-eabi/9.2.1/thumb/v8-m.main/nofp\libgcc.a(_arm_fixdfsi.o)
                0x00020b18                __aeabi_d2iz
                0x00020b18                __fixdfsi
 .text          0x00020b68       0xa0 c:/users/administrador/ncs/v1.8.0/toolchain/opt/bin/../lib/gcc/arm-none-eabi/9.2.1/thumb/v8-m.main/nofp\libgcc.a(_aeabi_ldivmod.o)
                0x00020b68                __aeabi_ldivmod
 .text          0x00020c08       0x30 c:/users/administrador/ncs/v1.8.0/toolchain/opt/bin/../lib/gcc/arm-none-eabi/9.2.1/thumb/v8-m.main/nofp\libgcc.a(_aeabi_uldivmod.o)
                0x00020c08                __aeabi_uldivmod
 .text          0x00020c38      0x2c8 c:/users/administrador/ncs/v1.8.0/toolchain/opt/bin/../lib/gcc/arm-none-eabi/9.2.1/thumb/v8-m.main/nofp\libgcc.a(_udivmoddi4.o)
                0x00020c38                __udivmoddi4
 .text          0x00020f00        0x4 c:/users/administrador/ncs/v1.8.0/toolchain/opt/bin/../lib/gcc/arm-none-eabi/9.2.1/thumb/v8-m.main/nofp\libgcc.a(_dvmd_tls.o)
                0x00020f00                __aeabi_idiv0
                0x00020f00                __aeabi_ldiv0
 .text          0x00020f04    0x109d8 C:/Users/Administrador/Documents/Nordic/Project_v1/bls-hsm/cli/../lib/libblst.a(server.o)
                0x000250f4                blst_p1_cneg
                0x00025106                blst_p1_from_affine
                0x0002515c                blst_p1_affine_on_curve
                0x00025180                blst_p1_on_curve
                0x00025260                blst_p1_affine_serialize
                0x00025296                blst_p1_affine_compress
                0x000252e0                blst_p1_add
                0x000252e8                blst_p1_add_or_double
                0x000252f2                blst_p1_add_affine
                0x000252fa                blst_p1_add_or_double_affine
                0x00025302                blst_p1_double
                0x0002530a                blst_p1_is_equal
                0x00025312                blst_p1_unchecked_mult
                0x0002532e                blst_p1_affine_is_equal
                0x00025356                blst_p1_is_inf
                0x00025374                blst_p1_generator
                0x0002537c                blst_p1_affine_is_inf
                0x00025398                blst_p1_affine_generator
                0x000253a0                blst_p1_in_g1
                0x000253a8                blst_p1_affine_in_g1
                0x00025408                blst_p2_cneg
                0x0002541a                blst_p2_from_affine
                0x00025470                blst_p2_affine_serialize
                0x000254a6                blst_p2_affine_compress
                0x000254f0                blst_p2_affine_is_equal
                0x00025518                blst_p2_is_inf
                0x00025536                blst_p2_generator
                0x00025540                blst_p2_affine_is_inf
                0x0002555c                blst_p2_affine_generator
                0x00025564                blst_fp12_conjugate
                0x0002556c                blst_fp12_is_equal
                0x00025594                blst_fp12_is_one
                0x000255e0                blst_fp12_one
                0x000255e8                blst_bendian_from_fp12
                0x000256a8                blst_pairing_sizeof
                0x000256ae                blst_pairing_init
                0x000256cc                blst_pairing_get_dst
                0x000256da                blst_fp_is_square
                0x000256ec                blst_fp2_is_square
                0x00025740                blst_fr_inverse
                0x00025748                blst_fr_eucl_inverse
                0x00025750                blst_p1s_mult_wbits_precompute_sizeof
                0x0002575e                blst_p1s_mult_wbits_scratch_sizeof
                0x00025770                blst_p2s_mult_wbits_precompute_sizeof
                0x0002577e                blst_p2s_mult_wbits_scratch_sizeof
                0x00025790                blst_p1s_mult_pippenger_scratch_sizeof
                0x000257a0                blst_p1s_tile_pippenger
                0x000257ca                blst_p1s_mult_pippenger
                0x000258a0                blst_p2s_mult_pippenger_scratch_sizeof
                0x000258b2                mul_mont_sparse_256
                0x000258c6                sqr_mont_sparse_256
                0x000258dc                mul_mont_384
                0x000258f0                sqr_mont_384
                0x00025906                add_mod_256
                0x00025916                add_mod_384
                0x00025926                sub_mod_256
                0x00025936                sub_mod_384
                0x00025946                mul_by_3_mod_256
                0x00025950                mul_by_3_mod_384
                0x0002595a                lshift_mod_256
                0x0002596a                lshift_mod_384
                0x0002597a                cneg_mod_256
                0x0002598a                cneg_mod_384
                0x0002599a                check_mod_256
                0x000259a4                add_n_check_mod_256
                0x000259b4                sub_n_check_mod_256
                0x000259c4                from_mont_256
                0x000259d4                from_mont_384
                0x000259e4                redc_mont_256
                0x000259f4                redc_mont_384
                0x00025a04                rshift_mod_256
                0x00025a14                rshift_mod_384
                0x00025a24                div_by_2_mod_384
                0x00025a3a                sgn0_pty_mod_384
                0x00025a44                sgn0_pty_mont_384
                0x00025a68                sgn0_pty_mod_384x
                0x00025ad8                sgn0_pty_mont_384x
                0x00025b6c                mul_mont_384x
                0x00025e54                blst_fp12_frobenius_map
                0x0002628c                blst_fp12_mul
                0x00026420                blst_fp12_sqr
                0x00026730                blst_fp12_mul_by_xy00z0
                0x0002686c                blst_miller_loop_lines
                0x00026874                sqr_n_mul_mont_383
                0x00027034                blst_p1_from_jacobian
                0x0002703c                blst_p1_to_affine
                0x000270d0                blst_p1_serialize
                0x0002710a                blst_p1_compress
                0x00027218                blst_fp2_inverse
                0x00027220                blst_fp2_eucl_inverse
                0x00027228                blst_fp_inverse
                0x00027230                blst_fp_eucl_inverse
                0x00027548                blst_p1s_add
                0x00027818                blst_p1s_mult_wbits
                0x00027830                blst_p1s_to_affine
                0x00027daa                blst_p1s_mult_wbits_precompute
                0x000285d8                blst_p1_uncompress
                0x00028788                blst_p1_deserialize
                0x00028790                blst_aggregate_in_g1
                0x00028824                blst_fp_sqrt
                0x00028b8c                blst_map_to_g1
                0x00028b94                sqr_mont_382x
                0x00028c90                ct_inverse_mod_256
                0x00028ca0                ct_inverse_mod_384
                0x00028cb0                ct_is_square_mod_384
                0x00028cba                div_3_limbs
                0x00028f7c                blst_sk_to_pk_in_g1
                0x00028f8c                blst_sign_pk_in_g2
                0x00028f94                blst_sk_to_pk2_in_g1
                0x00028ff4                blst_sign_pk2_in_g2
                0x00029052                blst_p1_mult
                0x00029144                quot_rem_128
                0x0002914e                quot_rem_64
                0x00029158                vec_prefetch
                0x0002915a                blst_sha256_block_data_order
                0x00029368                blst_sha256_hcopy
                0x0002937c                blst_sha256_emit
                0x00029460                blst_sha256_bcopy
                0x00029728                blst_expand_message_xmd
                0x0002988c                blst_encode_to_g1
                0x000298b6                blst_hash_to_g1
                0x00029c50                blst_keygen
                0x00029c64                blst_keygen_v3
                0x00029c78                blst_derive_master_eip2333
                0x00029e28                blst_derive_child_eip2333
                0x00029e48                mul_by_8_mod_384
                0x00029e5e                mul_by_3_mod_384x
                0x00029e7e                mul_by_8_mod_384x
                0x00029eaa                mul_by_1_plus_i_mod_384x
                0x00029ef8                add_mod_384x
                0x00029f2e                sub_mod_384x
                0x00029f64                sqr_mont_384x
                0x0002a074                blst_p2_from_jacobian
                0x0002a0cc                blst_p2_to_affine
                0x0002a11c                blst_p2_serialize
                0x0002a19c                blst_p2_compress
                0x0002a278                blst_p2_affine_on_curve
                0x0002a3a4                blst_p2_on_curve
                0x0002a688                blst_fp2_sqrt
                0x0002a930                blst_p2_uncompress
                0x0002aba8                blst_p2_deserialize
                0x0002aec0                blst_p2_add
                0x0002b244                blst_p2_add_or_double
                0x0002b24e                blst_pairing_merge
                0x0002b66c                blst_p2_add_affine
                0x0002b9b4                blst_p2_add_or_double_affine
                0x0002bb80                blst_p2_double
                0x0002c014                blst_p2_unchecked_mult
                0x0002c120                blst_p2_mult
                0x0002c3c4                blst_p2_is_equal
                0x0002c3fa                blst_p2_in_g2
                0x0002c402                blst_p2_affine_in_g2
                0x0002c464                blst_aggregate_in_g2
                0x0002c614                blst_sk_to_pk_in_g2
                0x0002c624                blst_sign_pk_in_g1
                0x0002c62c                blst_sk_to_pk2_in_g2
                0x0002c68c                blst_sign_pk2_in_g1
                0x0002cf04                blst_map_to_g2
                0x0002cf0c                blst_encode_to_g2
                0x0002cf36                blst_hash_to_g2
                0x0002d314                blst_fp12_cyclotomic_sqr
                0x0002d384                blst_fp12_in_group
                0x0002d900                blst_fp12_inverse
                0x0002da68                blst_final_exp
                0x0002da70                blst_fp12_finalverify
                0x0002e450                blst_miller_loop
                0x0002e728                blst_pairing_aggregate_pk_in_g2
                0x0002e750                blst_pairing_mul_n_aggregate_pk_in_g2
                0x0002e77a                blst_pairing_chk_n_aggr_pk_in_g2
                0x0002e7a0                blst_pairing_chk_n_mul_n_aggr_pk_in_g2
                0x0002eb04                blst_pairing_aggregate_pk_in_g1
                0x0002eb2c                blst_pairing_mul_n_aggregate_pk_in_g1
                0x0002eb56                blst_pairing_chk_n_aggr_pk_in_g1
                0x0002eb7c                blst_pairing_chk_n_mul_n_aggr_pk_in_g1
                0x0002ebf6                blst_pairing_commit
                0x0002ebfe                blst_pairing_as_fp12
                0x0002ed00                blst_pairing_finalverify
                0x0002ed08                blst_core_verify_pk_in_g1
                0x0002ed70                blst_core_verify_pk_in_g2
                0x0002edd8                blst_pairing_raw_aggregate
                0x0002eea8                blst_aggregated_in_g1
                0x0002eebc                blst_aggregated_in_g2
                0x0002ef84                blst_precompute_lines
                0x0002f42e                blst_p2s_add
                0x0002f6fe                blst_p2s_mult_wbits
                0x0002f716                blst_p2s_to_affine
                0x0002fc44                blst_p2s_mult_wbits_precompute
                0x00030640                blst_p2s_tile_pippenger
                0x00030746                blst_p2s_mult_pippenger
                0x0003075e                blst_fr_add
                0x00030778                blst_fr_sub
                0x00030790                blst_fr_mul_by_3
                0x000307a0                blst_fr_lshift
                0x000307b8                blst_fr_rshift
                0x000307d0                blst_fr_mul
                0x000307f0                blst_fr_sqr
                0x00030810                blst_fr_cneg
                0x00030834                blst_fr_to
                0x0003085c                blst_fr_from
                0x00030878                blst_fr_from_scalar
                0x000308f4                blst_scalar_from_fr
                0x00030964                blst_scalar_fr_check
                0x0003098c                blst_sk_check
                0x0003099c                blst_sk_add_n_check
                0x000309b4                blst_sk_sub_n_check
                0x000309cc                blst_sk_mul_n_check
                0x00030adc                blst_sk_inverse
                0x00030bc4                blst_fp_add
                0x00030bdc                blst_fp_sub
                0x00030bf4                blst_fp_mul_by_3
                0x00030c04                blst_fp_mul_by_8
                0x00030c20                blst_fp_lshift
                0x00030c38                blst_fp_mul
                0x00030c58                blst_fp_sqr
                0x00030c7c                blst_fp_cneg
                0x00030ca0                blst_fp_to
                0x00030cc8                blst_fp_from
                0x00030ce8                blst_fp_from_uint32
                0x00030d10                blst_uint32_from_fp
                0x00030d30                blst_fp_from_uint64
                0x00030d58                blst_uint64_from_fp
                0x00030d78                blst_fp_from_bendian
                0x00030dc4                blst_bendian_from_fp
                0x00030e10                blst_fp_from_lendian
                0x00030e58                blst_lendian_from_fp
                0x00030ea0                blst_fp2_add
                0x00030edc                blst_fp2_sub
                0x00030f18                blst_fp2_mul_by_3
                0x00030f40                blst_fp2_mul_by_8
                0x00030f70                blst_fp2_lshift
                0x00030fac                blst_fp2_mul
                0x00030fc8                blst_fp2_sqr
                0x00030fdc                blst_fp2_cneg
                0x00031020                blst_scalar_from_uint32
                0x00031052                blst_uint32_from_scalar
                0x0003108a                blst_scalar_from_uint64
                0x000310d8                blst_uint64_from_scalar
                0x00031138                blst_scalar_from_bendian
                0x000311a4                blst_bendian_from_scalar
                0x0003120c                blst_scalar_from_lendian
                0x00031226                blst_lendian_from_scalar
                0x00031240                blst_fr_from_uint64
                0x00031268                blst_uint64_from_fr
                0x00031284                blst_scalar_from_le_bytes
                0x00031474                blst_scalar_from_be_bytes
                0x00031664                blst_scalar_from_hexascii
                0x000316d0                blst_fr_from_hexascii
                0x00031704                blst_fp_from_hexascii
                0x00031738                blst_uniq_sizeof
                0x0003173e                blst_uniq_init
                0x00031746                blst_uniq_test
 .text          0x000318dc       0xec C:/Users/Administrador/ncs/v1.8.0/toolchain/opt/arm-none-eabi/lib/thumb/v8-m.main/nofp\libc.a(lib_a-memcpy.o)
                0x000318dc                memcpy
 .text          0x000319c8      0x1bc C:/Users/Administrador/ncs/v1.8.0/toolchain/opt/arm-none-eabi/lib/thumb/v8-m.main/nofp\libc.a(lib_a-strcmp.o)
                0x000319c8                strcmp
 *(SORT_BY_ALIGNMENT(.text.*))
 *fill*         0x00031b84        0x4 
 .text.z_impl_clock_gettime
                0x00031b88       0xa4 zephyr/lib/posix/liblib__posix.a(clock.c.obj)
                0x00031b88                z_impl_clock_gettime
 *fill*         0x00031c2c        0x4 
 .text.clock_settime
                0x00031c30       0x88 zephyr/lib/posix/liblib__posix.a(clock.c.obj)
                0x00031c30                clock_settime
 .text._dtoa_r  0x00031cb8      0xee8 C:/Users/Administrador/ncs/v1.8.0/toolchain/opt/arm-none-eabi/lib/thumb/v8-m.main/nofp\libc.a(lib_a-dtoa.o)
                0x00031cb8                _dtoa_r
 .text.cmd_keygen
                0x00032ba0       0x4c app/libapp.a(main.c.obj)
 .text.cmd_signature_message
                0x00032bec       0x74 app/libapp.a(main.c.obj)
 .text.cmd_signature_verification
                0x00032c60       0x58 app/libapp.a(main.c.obj)
 .text.cmd_get_keys
                0x00032cb8       0x50 app/libapp.a(main.c.obj)
 .text.cmd_reset
                0x00032d08       0x24 app/libapp.a(main.c.obj)
 .text.event_handler
                0x00032d2c       0x3c app/libapp.a(main.c.obj)
 .text.cmd_prompt
                0x00032d68       0x78 app/libapp.a(main.c.obj)
 .text.lv_ex_label_1
                0x00032de0       0x54 app/libapp.a(main.c.obj)
                0x00032de0                lv_ex_label_1
 .text.cmd_import
                0x00032e34       0x58 app/libapp.a(main.c.obj)
 .text.lv_ex_btn_1
                0x00032e8c       0x94 app/libapp.a(main.c.obj)
                0x00032e8c                lv_ex_btn_1
 .text.main     0x00032f20       0xc0 app/libapp.a(main.c.obj)
                0x00032f20                main
 .text.get_point_from_msg
                0x00032fe0       0x40 app/libapp.a(bls_hsm_ns.c.obj)
                0x00032fe0                get_point_from_msg
 .text.pk_parse
                0x00033020       0x68 app/libapp.a(bls_hsm_ns.c.obj)
                0x00033020                pk_parse
 .text.msg_parse
                0x00033088       0x60 app/libapp.a(bls_hsm_ns.c.obj)
                0x00033088                msg_parse
 .text.sig_parse
                0x000330e8       0x68 app/libapp.a(bls_hsm_ns.c.obj)
                0x000330e8                sig_parse
 .text.keygen   0x00033150       0xc4 app/libapp.a(bls_hsm_ns.c.obj)
                0x00033150                keygen
 .text.signature
                0x00033214       0xf4 app/libapp.a(bls_hsm_ns.c.obj)
                0x00033214                signature
 .text.verify   0x00033308       0xd8 app/libapp.a(bls_hsm_ns.c.obj)
                0x00033308                verify
 .text.print_keys_Json
                0x000333e0       0x90 app/libapp.a(bls_hsm_ns.c.obj)
                0x000333e0                print_keys_Json
 .text.resetc   0x00033470       0x18 app/libapp.a(bls_hsm_ns.c.obj)
                0x00033470                resetc
 .text.import   0x00033488       0xc4 app/libapp.a(bls_hsm_ns.c.obj)
                0x00033488                import
 .text.print_pk
                0x0003354c       0x44 app/libapp.a(common.c.obj)
                0x0003354c                print_pk
 .text.char_out
                0x00033590       0x10 zephyr/libzephyr.a(printk.c.obj)
 .text.__printk_hook_install
                0x000335a0        0xc zephyr/libzephyr.a(printk.c.obj)
                0x000335a0                __printk_hook_install
 .text.vprintk  0x000335ac       0x1c zephyr/libzephyr.a(printk.c.obj)
                0x000335ac                vprintk
 .text.vsnprintk
                0x000335c8       0x28 zephyr/libzephyr.a(printk.c.obj)
                0x000335c8                vsnprintk
 .text.process_event
                0x000335f0      0x1cc zephyr/libzephyr.a(onoff.c.obj)
 .text.timeutil_timegm64
                0x000337bc      0x104 zephyr/libzephyr.a(timeutil.c.obj)
                0x000337bc                timeutil_timegm64
 .text.extract_decimal
                0x000338c0       0x2c zephyr/libzephyr.a(cbprintf_complete.c.obj)
 .text.encode_uint
                0x000338ec       0xa0 zephyr/libzephyr.a(cbprintf_complete.c.obj)
 .text.cbvprintf
                0x0003398c      0x730 zephyr/libzephyr.a(cbprintf_complete.c.obj)
                0x0003398c                cbvprintf
 .text.sys_reboot
                0x000340bc       0x30 zephyr/libzephyr.a(reboot.c.obj)
                0x000340bc                sys_reboot
 .text.foldcase
                0x000340ec       0x18 zephyr/libzephyr.a(fnmatch.c.obj)
 .text.arch_busy_wait
                0x00034104       0x24 zephyr/libzephyr.a(soc.c.obj)
                0x00034104                arch_busy_wait
 .text.enable_logger
                0x00034128       0x5c zephyr/libzephyr.a(log_core.c.obj)
 .text.log_process_thread_timer_expiry_fn
                0x00034184        0xc zephyr/libzephyr.a(log_core.c.obj)
 .text.z_log_get_s_mask
                0x00034190       0x48 zephyr/libzephyr.a(log_core.c.obj)
                0x00034190                z_log_get_s_mask
 .text.log_core_init
                0x000341d8       0x54 zephyr/libzephyr.a(log_core.c.obj)
                0x000341d8                log_core_init
 .text.log_init
                0x0003422c       0x50 zephyr/libzephyr.a(log_core.c.obj)
                0x0003422c                log_init
 .text.get_msg  0x0003427c       0x28 zephyr/libzephyr.a(log_core.c.obj)
                0x0003427c                get_msg
 .text.z_log_notify_backend_enabled
                0x000342a4       0x1c zephyr/libzephyr.a(log_core.c.obj)
                0x000342a4                z_log_notify_backend_enabled
 .text.z_log_dropped
                0x000342c0       0x2c zephyr/libzephyr.a(log_core.c.obj)
                0x000342c0                z_log_dropped
 .text.z_log_dropped_read_and_clear
                0x000342ec       0x18 zephyr/libzephyr.a(log_core.c.obj)
                0x000342ec                z_log_dropped_read_and_clear
 .text.dropped_notify
                0x00034304       0x38 zephyr/libzephyr.a(log_core.c.obj)
                0x00034304                dropped_notify
 .text.z_log_strdup
                0x0003433c       0x68 zephyr/libzephyr.a(log_core.c.obj)
                0x0003433c                z_log_strdup
 .text.log_is_strdup
                0x000343a4       0x1c zephyr/libzephyr.a(log_core.c.obj)
                0x000343a4                log_is_strdup
 .text.z_impl_log_process
                0x000343c0      0x160 zephyr/libzephyr.a(log_core.c.obj)
                0x000343c0                z_impl_log_process
 .text.msg_finalize
                0x00034520       0xbc zephyr/libzephyr.a(log_core.c.obj)
 .text.log_process_thread_func
                0x000345dc       0x48 zephyr/libzephyr.a(log_core.c.obj)
 .text.z_impl_log_panic
                0x00034624       0x48 zephyr/libzephyr.a(log_core.c.obj)
                0x00034624                z_impl_log_panic
 .text.log_free
                0x0003466c       0x2c zephyr/libzephyr.a(log_core.c.obj)
                0x0003466c                log_free
 .text.z_log_runtime_filters_init
                0x00034698       0x3c zephyr/libzephyr.a(log_mgmt.c.obj)
                0x00034698                z_log_runtime_filters_init
 .text.log_source_name_get
                0x000346d4       0x1c zephyr/libzephyr.a(log_mgmt.c.obj)
                0x000346d4                log_source_name_get
 .text.z_impl_log_filter_set
                0x000346f0       0xa4 zephyr/libzephyr.a(log_mgmt.c.obj)
                0x000346f0                z_impl_log_filter_set
 .text.backend_filter_set
                0x00034794       0x30 zephyr/libzephyr.a(log_mgmt.c.obj)
 .text.log_backend_enable
                0x000347c4       0x2c zephyr/libzephyr.a(log_mgmt.c.obj)
                0x000347c4                log_backend_enable
 .text.log_filter_get
                0x000347f0       0x34 zephyr/libzephyr.a(log_mgmt.c.obj)
                0x000347f0                log_filter_get
 .text.log_msg_pool_init
                0x00034824       0x14 zephyr/libzephyr.a(log_msg.c.obj)
                0x00034824                log_msg_pool_init
 .text.log_msg_no_space_handle
                0x00034838       0x30 zephyr/libzephyr.a(log_msg.c.obj)
                0x00034838                log_msg_no_space_handle
 .text.log_msg_chunk_alloc
                0x00034868       0x28 zephyr/libzephyr.a(log_msg.c.obj)
                0x00034868                log_msg_chunk_alloc
 .text.msg_free
                0x00034890       0x7c zephyr/libzephyr.a(log_msg.c.obj)
 .text.log_msg_mem_get_free
                0x0003490c       0x10 zephyr/libzephyr.a(log_msg.c.obj)
                0x0003490c                log_msg_mem_get_free
 .text.log_msg_mem_get_used
                0x0003491c        0xc zephyr/libzephyr.a(log_msg.c.obj)
                0x0003491c                log_msg_mem_get_used
 .text.print_formatted
                0x00034928       0x24 zephyr/libzephyr.a(log_output.c.obj)
 .text.prefix_print
                0x0003494c      0x120 zephyr/libzephyr.a(log_output.c.obj)
 .text.postfix_print
                0x00034a6c       0x3c zephyr/libzephyr.a(log_output.c.obj)
 .text.hexdump_line_print
                0x00034aa8       0xe4 zephyr/libzephyr.a(log_output.c.obj)
 .text.log_output_msg_process
                0x00034b8c       0xf8 zephyr/libzephyr.a(log_output.c.obj)
                0x00034b8c                log_output_msg_process
 .text.log_output_dropped_process
                0x00034c84       0x58 zephyr/libzephyr.a(log_output.c.obj)
                0x00034c84                log_output_dropped_process
 .text.log_output_timestamp_freq_set
                0x00034cdc       0x30 zephyr/libzephyr.a(log_output.c.obj)
                0x00034cdc                log_output_timestamp_freq_set
 .text.severity_lvl_get
                0x00034d0c       0x24 zephyr/libzephyr.a(log_cmds.c.obj)
 .text.backend_name_get
                0x00034d30       0x30 zephyr/libzephyr.a(log_cmds.c.obj)
 .text.cmd_log_memory_slabs
                0x00034d60       0x40 zephyr/libzephyr.a(log_cmds.c.obj)
 .text.cmd_log_backends_list
                0x00034da0       0x60 zephyr/libzephyr.a(log_cmds.c.obj)
 .text.log_status
                0x00034e00       0xb8 zephyr/libzephyr.a(log_cmds.c.obj)
 .text.module_name_get
                0x00034eb8       0x20 zephyr/libzephyr.a(log_cmds.c.obj)
 .text.shell_backend_cmd_execute
                0x00034ed8       0x78 zephyr/libzephyr.a(log_cmds.c.obj)
 .text.cmd_log_backend_status
                0x00034f50       0x10 zephyr/libzephyr.a(log_cmds.c.obj)
 .text.cmd_log_backend_halt
                0x00034f60        0xc zephyr/libzephyr.a(log_cmds.c.obj)
 .text.cmd_log_backend_go
                0x00034f6c        0xc zephyr/libzephyr.a(log_cmds.c.obj)
 .text.cmd_log_backend_enable
                0x00034f78        0xc zephyr/libzephyr.a(log_cmds.c.obj)
 .text.cmd_log_backend_disable
                0x00034f84        0xc zephyr/libzephyr.a(log_cmds.c.obj)
 .text.shell_state_precheck
                0x00034f90       0x20 zephyr/libzephyr.a(log_cmds.c.obj)
 .text.filters_set
                0x00034fb0       0xd0 zephyr/libzephyr.a(log_cmds.c.obj)
 .text.log_enable
                0x00035080       0x60 zephyr/libzephyr.a(log_cmds.c.obj)
 .text.cmd_kernel_version
                0x000350e0       0x2c zephyr/libzephyr.a(kernel_service.c.obj)
 .text.cmd_kernel_uptime
                0x0003510c       0x34 zephyr/libzephyr.a(kernel_service.c.obj)
 .text.cmd_kernel_threads
                0x00035140       0x38 zephyr/libzephyr.a(kernel_service.c.obj)
 .text.cmd_kernel_stacks
                0x00035178       0x5c zephyr/libzephyr.a(kernel_service.c.obj)
 .text.shell_tdata_dump
                0x000351d4       0xcc zephyr/libzephyr.a(kernel_service.c.obj)
 .text.cmd_kernel_cycles
                0x000352a0       0x1c zephyr/libzephyr.a(kernel_service.c.obj)
 .text.shell_stack_dump
                0x000352bc       0x68 zephyr/libzephyr.a(kernel_service.c.obj)
 .text.get_device_name
                0x00035324       0x20 zephyr/libzephyr.a(device_service.c.obj)
 .text.cmd_device_list_visitor
                0x00035344       0x20 zephyr/libzephyr.a(device_service.c.obj)
 .text.cmd_device_list
                0x00035364       0x98 zephyr/libzephyr.a(device_service.c.obj)
 .text.device_get_config_level
                0x000353fc       0x54 zephyr/libzephyr.a(device_service.c.obj)
 .text.cmd_device_levels
                0x00035450       0x94 zephyr/libzephyr.a(device_service.c.obj)
 .text.date_print
                0x000354e4       0x30 zephyr/libzephyr.a(date_service.c.obj)
 .text.get_h_m_s
                0x00035514       0xa8 zephyr/libzephyr.a(date_service.c.obj)
 .text.cmd_date_set
                0x000355bc      0x124 zephyr/libzephyr.a(date_service.c.obj)
 .text.cmd_devmem
                0x000356e0       0xcc zephyr/libzephyr.a(devmem_service.c.obj)
 .text.set_bypass
                0x000357ac       0x4c zephyr/libzephyr.a(devmem_service.c.obj)
 .text.cmd_load
                0x000357f8       0xe4 zephyr/libzephyr.a(devmem_service.c.obj)
 .text.bypass_cb
                0x000358dc      0x11c zephyr/libzephyr.a(devmem_service.c.obj)
 .text.shell_internal_help_print
                0x000359f8       0x20 zephyr/libzephyr.a(shell.c.obj)
 .text.history_handle
                0x00035a18       0xa0 zephyr/libzephyr.a(shell.c.obj)
 .text.state_set.constprop.0
                0x00035ab8       0x4c zephyr/libzephyr.a(shell.c.obj)
 .text.execute  0x00035b04      0x2c4 zephyr/libzephyr.a(shell.c.obj)
 .text.shell_process
                0x00035dc8      0x688 zephyr/libzephyr.a(shell.c.obj)
                0x00035dc8                shell_process
 .text.shell_init
                0x00036450      0x108 zephyr/libzephyr.a(shell.c.obj)
                0x00036450                shell_init
 .text.shell_start
                0x00036558       0x4c zephyr/libzephyr.a(shell.c.obj)
                0x00036558                shell_start
 .text.shell_thread
                0x000365a4       0xc8 zephyr/libzephyr.a(shell.c.obj)
                0x000365a4                shell_thread
 .text.cmd_help
                0x0003666c       0x4c zephyr/libzephyr.a(shell.c.obj)
 .text.shell_hexdump_line
                0x000366b8       0xd8 zephyr/libzephyr.a(shell.c.obj)
                0x000366b8                shell_hexdump_line
 .text.z_shell_fprintf_fmt
                0x00036790       0x28 zephyr/libzephyr.a(shell_fprintf.c.obj)
                0x00036790                z_shell_fprintf_fmt
 .text.z_shell_make_argv
                0x000367b8      0x190 zephyr/libzephyr.a(shell_utils.c.obj)
                0x000367b8                z_shell_make_argv
 .text.z_shell_cmd_get
                0x00036948       0x4c zephyr/libzephyr.a(shell_utils.c.obj)
                0x00036948                z_shell_cmd_get
 .text.z_shell_spaces_trim
                0x00036994       0x70 zephyr/libzephyr.a(shell_utils.c.obj)
                0x00036994                z_shell_spaces_trim
 .text.z_shell_cmd_trim
                0x00036a04       0x6c zephyr/libzephyr.a(shell_utils.c.obj)
                0x00036a04                z_shell_cmd_trim
 .text.z_clear_eos.isra.0
                0x00036a70       0x10 zephyr/libzephyr.a(shell_ops.c.obj)
 .text.z_shell_op_cursor_vert_move
                0x00036a80       0x20 zephyr/libzephyr.a(shell_ops.c.obj)
                0x00036a80                z_shell_op_cursor_vert_move
 .text.z_shell_op_cursor_horiz_move
                0x00036aa0       0x20 zephyr/libzephyr.a(shell_ops.c.obj)
                0x00036aa0                z_shell_op_cursor_horiz_move
 .text.z_shell_op_cond_next_line
                0x00036ac0       0x28 zephyr/libzephyr.a(shell_ops.c.obj)
                0x00036ac0                z_shell_op_cond_next_line
 .text.z_shell_op_cursor_position_synchronize
                0x00036ae8       0x54 zephyr/libzephyr.a(shell_ops.c.obj)
                0x00036ae8                z_shell_op_cursor_position_synchronize
 .text.z_shell_op_cursor_word_move
                0x00036b3c       0x70 zephyr/libzephyr.a(shell_ops.c.obj)
                0x00036b3c                z_shell_op_cursor_word_move
 .text.z_shell_print_cmd
                0x00036bac       0x10 zephyr/libzephyr.a(shell_ops.c.obj)
                0x00036bac                z_shell_print_cmd
 .text.z_shell_vt100_color_set
                0x00036bbc       0x48 zephyr/libzephyr.a(shell_ops.c.obj)
                0x00036bbc                z_shell_vt100_color_set
 .text.z_shell_vt100_colors_restore
                0x00036c04       0x4c zephyr/libzephyr.a(shell_ops.c.obj)
                0x00036c04                z_shell_vt100_colors_restore
 .text.z_shell_op_word_remove
                0x00036c50       0xa8 zephyr/libzephyr.a(shell_ops.c.obj)
                0x00036c50                z_shell_op_word_remove
 .text.reprint_from_cursor
                0x00036cf8       0x80 zephyr/libzephyr.a(shell_ops.c.obj)
 .text.z_shell_op_char_insert
                0x00036d78       0x70 zephyr/libzephyr.a(shell_ops.c.obj)
                0x00036d78                z_shell_op_char_insert
 .text.z_shell_print_prompt_and_cmd
                0x00036de8       0x30 zephyr/libzephyr.a(shell_ops.c.obj)
                0x00036de8                z_shell_print_prompt_and_cmd
 .text.init     0x00036e18       0x44 zephyr/libzephyr.a(shell_uart.c.obj)
 .text.enable_shell_uart
                0x00036e5c       0x30 zephyr/libzephyr.a(shell_uart.c.obj)
 .text.uart_callback
                0x00036e8c      0x11c zephyr/libzephyr.a(shell_uart.c.obj)
 .text.formatted_text_print.constprop.0
                0x00036fa8       0xf4 zephyr/libzephyr.a(shell_help.c.obj)
 .text.z_shell_help_subcmd_print
                0x0003709c       0xf4 zephyr/libzephyr.a(shell_help.c.obj)
                0x0003709c                z_shell_help_subcmd_print
 .text.z_shell_help_cmd_print
                0x00037190       0x48 zephyr/libzephyr.a(shell_help.c.obj)
                0x00037190                z_shell_help_cmd_print
 .text.z_shell_help_request
                0x000371d8       0x28 zephyr/libzephyr.a(shell_help.c.obj)
                0x000371d8                z_shell_help_request
 .text.cmd_clear
                0x00037200       0x2c zephyr/libzephyr.a(shell_cmds.c.obj)
 .text.cmd_resize_default
                0x0003722c       0x24 zephyr/libzephyr.a(shell_cmds.c.obj)
 .text.cmd_shell_stats_show
                0x00037250       0x18 zephyr/libzephyr.a(shell_cmds.c.obj)
 .text.cmd_history
                0x00037268       0x48 zephyr/libzephyr.a(shell_cmds.c.obj)
 .text.cmd_echo
                0x000372b0       0x54 zephyr/libzephyr.a(shell_cmds.c.obj)
 .text.cmd_resize
                0x00037304      0x180 zephyr/libzephyr.a(shell_cmds.c.obj)
 .text.z_shell_wildcard_process
                0x00037484       0xe8 zephyr/libzephyr.a(shell_wildcard.c.obj)
                0x00037484                z_shell_wildcard_process
 .text.pm_state_notify
                0x0003756c       0x4c zephyr/libzephyr.a(power.c.obj)
 .text.pm_system_resume
                0x000375b8       0x4c zephyr/libzephyr.a(power.c.obj)
                0x000375b8                pm_system_resume
 .text.pm_system_suspend
                0x00037604       0x88 zephyr/libzephyr.a(power.c.obj)
                0x00037604                pm_system_suspend
 .text.before_nse
                0x0003768c       0x14 zephyr/libzephyr.a(secure_services_ns.c.obj)
                0x0003768c                before_nse
 .text.after_nse
                0x000376a0       0x14 zephyr/libzephyr.a(secure_services_ns.c.obj)
                0x000376a0                after_nse
 .text.z_arm_cpu_idle_init
                0x000376b4        0xc zephyr/arch/arch/arm/core/aarch32/libarch__arm__core__aarch32.a(cpu_idle.S.obj)
                0x000376b4                z_arm_cpu_idle_init
 .text.arch_cpu_idle
                0x000376c0       0x1c zephyr/arch/arch/arm/core/aarch32/libarch__arm__core__aarch32.a(cpu_idle.S.obj)
                0x000376c0                arch_cpu_idle
 .text.arch_cpu_atomic_idle
                0x000376dc       0x14 zephyr/arch/arch/arm/core/aarch32/libarch__arm__core__aarch32.a(cpu_idle.S.obj)
                0x000376dc                arch_cpu_atomic_idle
 .text.z_arm_fatal_error
                0x000376f0       0x88 zephyr/arch/arch/arm/core/aarch32/libarch__arm__core__aarch32.a(fatal.c.obj)
                0x000376f0                z_arm_fatal_error
 .text.arch_irq_enable
                0x00037778       0x20 zephyr/arch/arch/arm/core/aarch32/libarch__arm__core__aarch32.a(irq_manage.c.obj)
                0x00037778                arch_irq_enable
 .text.arch_irq_disable
                0x00037798       0x28 zephyr/arch/arch/arm/core/aarch32/libarch__arm__core__aarch32.a(irq_manage.c.obj)
                0x00037798                arch_irq_disable
 .text.arch_irq_is_enabled
                0x000377c0       0x1c zephyr/arch/arch/arm/core/aarch32/libarch__arm__core__aarch32.a(irq_manage.c.obj)
                0x000377c0                arch_irq_is_enabled
 .text.z_arm_irq_priority_set
                0x000377dc       0x2c zephyr/arch/arch/arm/core/aarch32/libarch__arm__core__aarch32.a(irq_manage.c.obj)
                0x000377dc                z_arm_irq_priority_set
 .text.z_SysNmiOnReset
                0x00037808        0x8 zephyr/arch/arch/arm/core/aarch32/libarch__arm__core__aarch32.a(nmi_on_reset.S.obj)
                0x00037808                z_SysNmiOnReset
 .text.z_arm_prep_c
                0x00037810       0x48 zephyr/arch/arch/arm/core/aarch32/libarch__arm__core__aarch32.a(prep_c.c.obj)
                0x00037810                z_arm_prep_c
 .text.arch_swap
                0x00037858       0x38 zephyr/arch/arch/arm/core/aarch32/libarch__arm__core__aarch32.a(swap.c.obj)
                0x00037858                arch_swap
 .text.z_arm_pendsv
                0x00037890       0x5c zephyr/arch/arch/arm/core/aarch32/libarch__arm__core__aarch32.a(swap_helper.S.obj)
                0x00037890                z_arm_pendsv
 .text.z_arm_svc
                0x000378ec       0x20 zephyr/arch/arch/arm/core/aarch32/libarch__arm__core__aarch32.a(swap_helper.S.obj)
                0x000378ec                z_arm_svc
 .text.arch_new_thread
                0x0003790c       0x38 zephyr/arch/arch/arm/core/aarch32/libarch__arm__core__aarch32.a(thread.c.obj)
                0x0003790c                arch_new_thread
 .text.arch_switch_to_main_thread
                0x00037944       0x2c zephyr/arch/arch/arm/core/aarch32/libarch__arm__core__aarch32.a(thread.c.obj)
                0x00037944                arch_switch_to_main_thread
 .text._isr_wrapper
                0x00037970       0x40 zephyr/arch/arch/arm/core/aarch32/libarch__arm__core__aarch32.a(isr_wrapper.S.obj)
                0x00037970                _isr_wrapper
 .text._HandlerModeExit
                0x000379b0       0x1c zephyr/arch/arch/arm/core/aarch32/cortex_m/libarch__arm__core__aarch32__cortex_m.a(exc_exit.S.obj)
                0x000379b0                z_arm_int_exit
                0x000379b0                z_arm_exc_exit
 .text.usage_fault.isra.0
                0x000379cc      0x140 zephyr/arch/arch/arm/core/aarch32/cortex_m/libarch__arm__core__aarch32__cortex_m.a(fault.c.obj)
 .text.mem_manage_fault.isra.0
                0x00037b0c      0x130 zephyr/arch/arch/arm/core/aarch32/cortex_m/libarch__arm__core__aarch32__cortex_m.a(fault.c.obj)
 .text.bus_fault.isra.0
                0x00037c3c      0x148 zephyr/arch/arch/arm/core/aarch32/cortex_m/libarch__arm__core__aarch32__cortex_m.a(fault.c.obj)
 .text.z_arm_fault
                0x00037d84      0x24c zephyr/arch/arch/arm/core/aarch32/cortex_m/libarch__arm__core__aarch32__cortex_m.a(fault.c.obj)
                0x00037d84                z_arm_fault
 .text.z_arm_fault_init
                0x00037fd0       0x18 zephyr/arch/arch/arm/core/aarch32/cortex_m/libarch__arm__core__aarch32__cortex_m.a(fault.c.obj)
                0x00037fd0                z_arm_fault_init
 .text.__fault  0x00037fe8       0x14 zephyr/arch/arch/arm/core/aarch32/cortex_m/libarch__arm__core__aarch32__cortex_m.a(fault_s.S.obj)
                0x00037fe8                z_arm_usage_fault
                0x00037fe8                z_arm_mpu_fault
                0x00037fe8                z_arm_exc_spurious
                0x00037fe8                z_arm_debug_monitor
                0x00037fe8                z_arm_hard_fault
                0x00037fe8                z_arm_bus_fault
 .text.z_arm_interrupt_init
                0x00037ffc       0x18 zephyr/arch/arch/arm/core/aarch32/cortex_m/libarch__arm__core__aarch32__cortex_m.a(irq_init.c.obj)
                0x00037ffc                z_arm_interrupt_init
 .text._reset_section
                0x00038014       0x3c zephyr/arch/arch/arm/core/aarch32/cortex_m/libarch__arm__core__aarch32__cortex_m.a(reset.S.obj)
                0x00038014                __start
                0x00038014                z_arm_reset
 .text.sys_arch_reboot
                0x00038050       0x24 zephyr/arch/arch/arm/core/aarch32/cortex_m/libarch__arm__core__aarch32__cortex_m.a(scb.c.obj)
                0x00038050                sys_arch_reboot
 .text.z_impl_k_thread_abort
                0x00038074       0x24 zephyr/arch/arch/arm/core/aarch32/cortex_m/libarch__arm__core__aarch32__cortex_m.a(thread_abort.c.obj)
                0x00038074                z_impl_k_thread_abort
 .text.z_arm_configure_static_mpu_regions
                0x00038098       0x38 zephyr/arch/arch/arm/core/aarch32/mpu/libarch__arm__core__aarch32__mpu.a(arm_core_mpu.c.obj)
                0x00038098                z_arm_configure_static_mpu_regions
 .text.region_init
                0x000380d0       0x30 zephyr/arch/arch/arm/core/aarch32/mpu/libarch__arm__core__aarch32__mpu.a(arm_mpu.c.obj)
 .text.region_allocate_and_init
                0x00038100       0x3c zephyr/arch/arch/arm/core/aarch32/mpu/libarch__arm__core__aarch32__mpu.a(arm_mpu.c.obj)
 .text.mpu_configure_regions_and_partition.constprop.0
                0x0003813c      0x184 zephyr/arch/arch/arm/core/aarch32/mpu/libarch__arm__core__aarch32__mpu.a(arm_mpu.c.obj)
 .text.arm_core_mpu_enable
                0x000382c0       0x14 zephyr/arch/arch/arm/core/aarch32/mpu/libarch__arm__core__aarch32__mpu.a(arm_mpu.c.obj)
                0x000382c0                arm_core_mpu_enable
 .text.arm_core_mpu_disable
                0x000382d4       0x10 zephyr/arch/arch/arm/core/aarch32/mpu/libarch__arm__core__aarch32__mpu.a(arm_mpu.c.obj)
                0x000382d4                arm_core_mpu_disable
 .text.arm_core_mpu_configure_static_mpu_regions
                0x000382e4       0x14 zephyr/arch/arch/arm/core/aarch32/mpu/libarch__arm__core__aarch32__mpu.a(arm_mpu.c.obj)
                0x000382e4                arm_core_mpu_configure_static_mpu_regions
 .text.arm_core_mpu_mark_areas_for_dynamic_regions
                0x000382f8       0xac zephyr/arch/arch/arm/core/aarch32/mpu/libarch__arm__core__aarch32__mpu.a(arm_mpu.c.obj)
                0x000382f8                arm_core_mpu_mark_areas_for_dynamic_regions
 .text.z_arm_mpu_init
                0x000383a4       0x4c zephyr/arch/arch/arm/core/aarch32/mpu/libarch__arm__core__aarch32__mpu.a(arm_mpu.c.obj)
                0x000383a4                z_arm_mpu_init
 .text.__stdout_hook_install
                0x000383f0        0xc zephyr/lib/libc/newlib/liblib__libc__newlib.a(libc-hooks.c.obj)
                0x000383f0                __stdout_hook_install
 .text.z_impl_zephyr_read_stdin
                0x000383fc       0x28 zephyr/lib/libc/newlib/liblib__libc__newlib.a(libc-hooks.c.obj)
                0x000383fc                z_impl_zephyr_read_stdin
 .text.z_impl_zephyr_write_stdout
                0x00038424       0x30 zephyr/lib/libc/newlib/liblib__libc__newlib.a(libc-hooks.c.obj)
                0x00038424                z_impl_zephyr_write_stdout
 .text._sbrk    0x00038454       0x28 zephyr/lib/libc/newlib/liblib__libc__newlib.a(libc-hooks.c.obj)
                0x00038454                sbrk
                0x00038454                _sbrk
 .text.__chk_fail
                0x0003847c       0x1c zephyr/lib/libc/newlib/liblib__libc__newlib.a(libc-hooks.c.obj)
                0x0003847c                __chk_fail
 .text.lvgl_log
                0x00038498       0x78 zephyr/lib/gui/lvgl/liblib__gui__lvgl.a(lvgl.c.obj)
 .text.lvgl_pointer_kscan_read
                0x00038510       0xa8 zephyr/lib/gui/lvgl/liblib__gui__lvgl.a(lvgl.c.obj)
 .text.lvgl_pointer_kscan_callback
                0x000385b8       0x54 zephyr/lib/gui/lvgl/liblib__gui__lvgl.a(lvgl.c.obj)
 .text.lvgl_init
                0x0003860c      0x1dc zephyr/lib/gui/lvgl/liblib__gui__lvgl.a(lvgl.c.obj)
 .text.set_lvgl_rendering_cb
                0x000387e8       0x98 zephyr/lib/gui/lvgl/liblib__gui__lvgl.a(lvgl_display.c.obj)
                0x000387e8                set_lvgl_rendering_cb
 .text.onoff_stop
                0x00038880       0x48 zephyr/drivers/clock_control/libdrivers__clock_control.a(clock_control_nrf.c.obj)
 .text.onoff_start
                0x000388c8       0x54 zephyr/drivers/clock_control/libdrivers__clock_control.a(clock_control_nrf.c.obj)
 .text.clk_init
                0x0003891c       0x68 zephyr/drivers/clock_control/libdrivers__clock_control.a(clock_control_nrf.c.obj)
 .text.clkstarted_handle.constprop.0
                0x00038984       0x34 zephyr/drivers/clock_control/libdrivers__clock_control.a(clock_control_nrf.c.obj)
 .text.clock_event_handler
                0x000389b8       0x30 zephyr/drivers/clock_control/libdrivers__clock_control.a(clock_control_nrf.c.obj)
 .text.hfclk_start
                0x000389e8       0x30 zephyr/drivers/clock_control/libdrivers__clock_control.a(clock_control_nrf.c.obj)
 .text.generic_hfclk_start
                0x00038a18       0x64 zephyr/drivers/clock_control/libdrivers__clock_control.a(clock_control_nrf.c.obj)
 .text.hfclk_stop
                0x00038a7c       0x30 zephyr/drivers/clock_control/libdrivers__clock_control.a(clock_control_nrf.c.obj)
 .text.generic_hfclk_stop
                0x00038aac       0x20 zephyr/drivers/clock_control/libdrivers__clock_control.a(clock_control_nrf.c.obj)
 .text.cmd_status
                0x00038acc       0xfc zephyr/drivers/clock_control/libdrivers__clock_control.a(clock_control_nrf.c.obj)
 .text.api_blocking_start
                0x00038bc8       0x3c zephyr/drivers/clock_control/libdrivers__clock_control.a(clock_control_nrf.c.obj)
 .text.z_nrf_clock_control_lf_on
                0x00038c04      0x104 zephyr/drivers/clock_control/libdrivers__clock_control.a(clock_control_nrf.c.obj)
                0x00038c04                z_nrf_clock_control_lf_on
 .text.uart_console_init
                0x00038d08       0x30 zephyr/drivers/console/libdrivers__console.a(uart_console.c.obj)
 .text.console_out
                0x00038d38       0x28 zephyr/drivers/console/libdrivers__console.a(uart_console.c.obj)
 .text.ili9xxx_set_contrast
                0x00038d60       0x30 zephyr/drivers/display/libdrivers__display.a(display_ili9xxx.c.obj)
 .text.ili9xxx_set_brightness
                0x00038d90       0x30 zephyr/drivers/display/libdrivers__display.a(display_ili9xxx.c.obj)
 .text.ili9xxx_get_framebuffer
                0x00038dc0       0x2c zephyr/drivers/display/libdrivers__display.a(display_ili9xxx.c.obj)
 .text.ili9xxx_read
                0x00038dec       0x30 zephyr/drivers/display/libdrivers__display.a(display_ili9xxx.c.obj)
 .text.ili9xxx_set_pixel_format
                0x00038e1c       0x68 zephyr/drivers/display/libdrivers__display.a(display_ili9xxx.c.obj)
 .text.ili9xxx_init
                0x00038e84      0x214 zephyr/drivers/display/libdrivers__display.a(display_ili9xxx.c.obj)
 .text.gpio_nrfx_init
                0x00039098       0x30 zephyr/drivers/gpio/libdrivers__gpio.a(gpio_nrfx.c.obj)
 .text.gpio_nrfx_config
                0x000390c8       0xcc zephyr/drivers/gpio/libdrivers__gpio.a(gpio_nrfx.c.obj)
 .text.nrf_gpio_cfg_sense_set
                0x00039194       0x30 zephyr/drivers/gpio/libdrivers__gpio.a(gpio_nrfx.c.obj)
 .text.check_level_trigger_pins
                0x000391c4       0x94 zephyr/drivers/gpio/libdrivers__gpio.a(gpio_nrfx.c.obj)
 .text.gpio_nrfx_pin_interrupt_configure
                0x00039258      0x1a8 zephyr/drivers/gpio/libdrivers__gpio.a(gpio_nrfx.c.obj)
 .text.gpiote_event_handler
                0x00039400       0xc0 zephyr/drivers/gpio/libdrivers__gpio.a(gpio_nrfx.c.obj)
 .text.device_name_get
                0x000394c0       0x20 zephyr/drivers/i2c/libdrivers__i2c.a(i2c_shell.c.obj)
 .text.cmd_i2c_scan
                0x000394e0       0xf0 zephyr/drivers/i2c/libdrivers__i2c.a(i2c_shell.c.obj)
 .text.cmd_i2c_recover
                0x000395d0       0x4c zephyr/drivers/i2c/libdrivers__i2c.a(i2c_shell.c.obj)
 .text.cmd_i2c_write_byte
                0x0003961c       0x94 zephyr/drivers/i2c/libdrivers__i2c.a(i2c_shell.c.obj)
 .text.cmd_i2c_read
                0x000396b0       0xc0 zephyr/drivers/i2c/libdrivers__i2c.a(i2c_shell.c.obj)
 .text.cmd_i2c_read_byte
                0x00039770       0xa8 zephyr/drivers/i2c/libdrivers__i2c.a(i2c_shell.c.obj)
 .text.cmd_i2c_write
                0x00039818       0xc8 zephyr/drivers/i2c/libdrivers__i2c.a(i2c_shell.c.obj)
 .text.twim_1_init
                0x000398e0       0x5c zephyr/drivers/i2c/libdrivers__i2c.a(i2c_nrfx_twim.c.obj)
 .text.i2c_nrfx_twim_configure
                0x0003993c       0x5c zephyr/drivers/i2c/libdrivers__i2c.a(i2c_nrfx_twim.c.obj)
 .text.event_handler
                0x00039998       0x34 zephyr/drivers/i2c/libdrivers__i2c.a(i2c_nrfx_twim.c.obj)
 .text.i2c_nrfx_twim_transfer
                0x000399cc      0x248 zephyr/drivers/i2c/libdrivers__i2c.a(i2c_nrfx_twim.c.obj)
 .text.transfer_next_chunk
                0x00039c14       0xc0 zephyr/drivers/spi/libdrivers__spi.a(spi_nrfx_spim.c.obj)
 .text.spi_nrfx_transceive
                0x00039cd4      0x3c4 zephyr/drivers/spi/libdrivers__spi.a(spi_nrfx_spim.c.obj)
 .text.event_handler
                0x0003a098       0xc4 zephyr/drivers/spi/libdrivers__spi.a(spi_nrfx_spim.c.obj)
 .text.ft5336_configure
                0x0003a15c       0x38 zephyr/drivers/kscan/libdrivers__kscan.a(kscan_ft5336.c.obj)
 .text.ft5336_init
                0x0003a194       0x64 zephyr/drivers/kscan/libdrivers__kscan.a(kscan_ft5336.c.obj)
 .text.uarte_nrfx_configure
                0x0003a1f8      0x184 zephyr/drivers/serial/libdrivers__serial.a(uart_nrfx_uarte.c.obj)
 .text.nrf_gpio_cfg_input
                0x0003a37c       0x30 zephyr/drivers/serial/libdrivers__serial.a(uart_nrfx_uarte.c.obj)
 .text.uarte_nrfx_poll_out
                0x0003a3ac       0x94 zephyr/drivers/serial/libdrivers__serial.a(uart_nrfx_uarte.c.obj)
 .text.nrf_gpio_pin_set
                0x0003a440       0x24 zephyr/drivers/serial/libdrivers__serial.a(uart_nrfx_uarte.c.obj)
 .text.nrf_gpio_cfg_output
                0x0003a464       0x30 zephyr/drivers/serial/libdrivers__serial.a(uart_nrfx_uarte.c.obj)
 .text.uarte_0_init
                0x0003a494      0x138 zephyr/drivers/serial/libdrivers__serial.a(uart_nrfx_uarte.c.obj)
 .text.sys_clock_timeout_handler
                0x0003a5cc       0x78 zephyr/drivers/timer/libdrivers__timer.a(nrf_rtc_timer.c.obj)
 .text.compare_int_lock
                0x0003a644       0x44 zephyr/drivers/timer/libdrivers__timer.a(nrf_rtc_timer.c.obj)
 .text.compare_int_unlock.part.0
                0x0003a688       0x4c zephyr/drivers/timer/libdrivers__timer.a(nrf_rtc_timer.c.obj)
 .text.z_nrf_rtc_timer_read
                0x0003a6d4       0x44 zephyr/drivers/timer/libdrivers__timer.a(nrf_rtc_timer.c.obj)
                0x0003a6d4                z_nrf_rtc_timer_read
 .text.compare_set
                0x0003a718      0x140 zephyr/drivers/timer/libdrivers__timer.a(nrf_rtc_timer.c.obj)
 .text.rtc_nrf_isr
                0x0003a858       0xe8 zephyr/drivers/timer/libdrivers__timer.a(nrf_rtc_timer.c.obj)
                0x0003a858                rtc_nrf_isr
 .text.sys_clock_driver_init
                0x0003a940       0x88 zephyr/drivers/timer/libdrivers__timer.a(nrf_rtc_timer.c.obj)
                0x0003a940                sys_clock_driver_init
 .text.sys_clock_set_timeout
                0x0003a9c8       0x60 zephyr/drivers/timer/libdrivers__timer.a(nrf_rtc_timer.c.obj)
                0x0003a9c8                sys_clock_set_timeout
 .text.sys_clock_elapsed
                0x0003aa28       0x14 zephyr/drivers/timer/libdrivers__timer.a(nrf_rtc_timer.c.obj)
                0x0003aa28                sys_clock_elapsed
 .text.k_sys_fatal_error_handler
                0x0003aa3c       0x34 modules/nrf/lib/fatal_error/lib..__nrf__lib__fatal_error.a(fatal_error.c.obj)
                0x0003aa3c                k_sys_fatal_error_handler
 .text.check_ext_api_requests
                0x0003aa70       0x9c modules/nrf/subsys/fw_info/lib..__nrf__subsys__fw_info.a(fw_info.c.obj)
 .text.SystemCoreClockUpdate
                0x0003ab0c       0x20 modules/hal_nordic/nrfx/libmodules__hal_nordic__nrfx.a(system_nrf5340_application.c.obj)
                0x0003ab0c                SystemCoreClockUpdate
 .text.nrfx_clock_init
                0x0003ab2c       0x20 modules/hal_nordic/nrfx/libmodules__hal_nordic__nrfx.a(nrfx_clock.c.obj)
                0x0003ab2c                nrfx_clock_init
 .text.nrfx_clock_enable
                0x0003ab4c       0x24 modules/hal_nordic/nrfx/libmodules__hal_nordic__nrfx.a(nrfx_clock.c.obj)
                0x0003ab4c                nrfx_clock_enable
 .text.nrfx_clock_start
                0x0003ab70       0xa0 modules/hal_nordic/nrfx/libmodules__hal_nordic__nrfx.a(nrfx_clock.c.obj)
                0x0003ab70                nrfx_clock_start
 .text.nrfx_clock_stop
                0x0003ac10       0xd8 modules/hal_nordic/nrfx/libmodules__hal_nordic__nrfx.a(nrfx_clock.c.obj)
                0x0003ac10                nrfx_clock_stop
 .text.nrfx_power_clock_irq_handler
                0x0003ace8       0xac modules/hal_nordic/nrfx/libmodules__hal_nordic__nrfx.a(nrfx_clock.c.obj)
                0x0003ace8                nrfx_power_clock_irq_handler
 .text.nrfx_dppi_channel_alloc
                0x0003ad94       0x50 modules/hal_nordic/nrfx/libmodules__hal_nordic__nrfx.a(nrfx_dppi.c.obj)
                0x0003ad94                nrfx_dppi_channel_alloc
 .text.nrfx_gpiote_channel_free
                0x0003ade4       0x44 modules/hal_nordic/nrfx/libmodules__hal_nordic__nrfx.a(nrfx_gpiote.c.obj)
                0x0003ade4                nrfx_gpiote_channel_free
 .text.nrfx_gpiote_channel_alloc
                0x0003ae28       0x70 modules/hal_nordic/nrfx/libmodules__hal_nordic__nrfx.a(nrfx_gpiote.c.obj)
                0x0003ae28                nrfx_gpiote_channel_alloc
 .text.nrf_gpio_cfg.constprop.0
                0x0003ae98       0x40 modules/hal_nordic/nrfx/libmodules__hal_nordic__nrfx.a(nrfx_spim.c.obj)
 .text.nrf_gpio_pin_clear
                0x0003aed8       0x24 modules/hal_nordic/nrfx/libmodules__hal_nordic__nrfx.a(nrfx_spim.c.obj)
 .text.nrf_gpio_pin_set
                0x0003aefc       0x24 modules/hal_nordic/nrfx/libmodules__hal_nordic__nrfx.a(nrfx_spim.c.obj)
 .text.nrfx_spim_init
                0x0003af20      0x1d4 modules/hal_nordic/nrfx/libmodules__hal_nordic__nrfx.a(nrfx_spim.c.obj)
                0x0003af20                nrfx_spim_init
 .text.nrfx_spim_uninit
                0x0003b0f4       0xac modules/hal_nordic/nrfx/libmodules__hal_nordic__nrfx.a(nrfx_spim.c.obj)
                0x0003b0f4                nrfx_spim_uninit
 .text.nrfx_spim_xfer
                0x0003b1a0      0x128 modules/hal_nordic/nrfx/libmodules__hal_nordic__nrfx.a(nrfx_spim.c.obj)
                0x0003b1a0                nrfx_spim_xfer
 .text.nrfx_spim_4_irq_handler
                0x0003b2c8       0x50 modules/hal_nordic/nrfx/libmodules__hal_nordic__nrfx.a(nrfx_spim.c.obj)
                0x0003b2c8                nrfx_spim_4_irq_handler
 .text.nrfx_twim_init
                0x0003b318       0xf4 modules/hal_nordic/nrfx/libmodules__hal_nordic__nrfx.a(nrfx_twim.c.obj)
                0x0003b318                nrfx_twim_init
 .text.nrfx_twim_enable
                0x0003b40c       0x20 modules/hal_nordic/nrfx/libmodules__hal_nordic__nrfx.a(nrfx_twim.c.obj)
                0x0003b40c                nrfx_twim_enable
 .text.nrfx_twim_disable
                0x0003b42c       0x3c modules/hal_nordic/nrfx/libmodules__hal_nordic__nrfx.a(nrfx_twim.c.obj)
                0x0003b42c                nrfx_twim_disable
 .text.nrfx_twim_xfer
                0x0003b468      0x2fc modules/hal_nordic/nrfx/libmodules__hal_nordic__nrfx.a(nrfx_twim.c.obj)
                0x0003b468                nrfx_twim_xfer
 .text.nrfx_twim_1_irq_handler
                0x0003b764      0x184 modules/hal_nordic/nrfx/libmodules__hal_nordic__nrfx.a(nrfx_twim.c.obj)
                0x0003b764                nrfx_twim_1_irq_handler
 .text.nrf_gpio_pin_clear
                0x0003b8e8       0x24 modules/hal_nordic/nrfx/libmodules__hal_nordic__nrfx.a(nrfx_twi_twim.c.obj)
 .text.nrf_gpio_pin_set
                0x0003b90c       0x24 modules/hal_nordic/nrfx/libmodules__hal_nordic__nrfx.a(nrfx_twi_twim.c.obj)
 .text.nrfx_twi_twim_bus_recover
                0x0003b930       0xc8 modules/hal_nordic/nrfx/libmodules__hal_nordic__nrfx.a(nrfx_twi_twim.c.obj)
                0x0003b930                nrfx_twi_twim_bus_recover
 .text.lv_disp_get_scr_act
                0x0003b9f8       0x34 modules/lvgl/lib..__modules__lib__gui__lvgl.a(lv_disp.c.obj)
                0x0003b9f8                lv_disp_get_scr_act
 .text.lv_disp_get_scr_prev
                0x0003ba2c       0x34 modules/lvgl/lib..__modules__lib__gui__lvgl.a(lv_disp.c.obj)
                0x0003ba2c                lv_disp_get_scr_prev
 .text.lv_disp_get_layer_top
                0x0003ba60       0x34 modules/lvgl/lib..__modules__lib__gui__lvgl.a(lv_disp.c.obj)
                0x0003ba60                lv_disp_get_layer_top
 .text.lv_disp_get_layer_sys
                0x0003ba94       0x34 modules/lvgl/lib..__modules__lib__gui__lvgl.a(lv_disp.c.obj)
                0x0003ba94                lv_disp_get_layer_sys
 .text.indev_reset_check
                0x0003bac8       0x1c modules/lvgl/lib..__modules__lib__gui__lvgl.a(lv_indev.c.obj)
 .text.indev_proc_reset_query_handler
                0x0003bae4       0x40 modules/lvgl/lib..__modules__lib__gui__lvgl.a(lv_indev.c.obj)
 .text.indev_drag_throw.part.0
                0x0003bb24      0x154 modules/lvgl/lib..__modules__lib__gui__lvgl.a(lv_indev.c.obj)
 .text.lv_indev_reset.part.0
                0x0003bc78       0x40 modules/lvgl/lib..__modules__lib__gui__lvgl.a(lv_indev.c.obj)
 .text.indev_proc_release
                0x0003bcb8      0x158 modules/lvgl/lib..__modules__lib__gui__lvgl.a(lv_indev.c.obj)
 .text.lv_indev_get_act
                0x0003be10        0xc modules/lvgl/lib..__modules__lib__gui__lvgl.a(lv_indev.c.obj)
                0x0003be10                lv_indev_get_act
 .text.lv_indev_reset
                0x0003be1c       0x3c modules/lvgl/lib..__modules__lib__gui__lvgl.a(lv_indev.c.obj)
                0x0003be1c                lv_indev_reset
 .text.indev_proc_press
                0x0003be58      0x6d4 modules/lvgl/lib..__modules__lib__gui__lvgl.a(lv_indev.c.obj)
 .text._lv_indev_read_task
                0x0003c52c      0x108 modules/lvgl/lib..__modules__lib__gui__lvgl.a(lv_indev.c.obj)
                0x0003c52c                _lv_indev_read_task
 .text.style_prop_is_cacheble
                0x0003c634      0x11c modules/lvgl/lib..__modules__lib__gui__lvgl.a(lv_obj.c.obj)
 .text.lv_init  0x0003c750       0xa0 modules/lvgl/lib..__modules__lib__gui__lvgl.a(lv_obj.c.obj)
                0x0003c750                lv_init
 .text.lv_obj_realign
                0x0003c7f0       0x28 modules/lvgl/lib..__modules__lib__gui__lvgl.a(lv_obj.c.obj)
                0x0003c7f0                lv_obj_realign
 .text.lv_event_send_func
                0x0003c818       0x88 modules/lvgl/lib..__modules__lib__gui__lvgl.a(lv_obj.c.obj)
                0x0003c818                lv_event_send_func
 .text.lv_obj_get_disp
                0x0003c8a0       0x6c modules/lvgl/lib..__modules__lib__gui__lvgl.a(lv_obj.c.obj)
                0x0003c8a0                lv_obj_get_disp
 .text.obj_del_core
                0x0003c90c       0x94 modules/lvgl/lib..__modules__lib__gui__lvgl.a(lv_obj.c.obj)
 .text.lv_obj_create
                0x0003c9a0      0x2f0 modules/lvgl/lib..__modules__lib__gui__lvgl.a(lv_obj.c.obj)
                0x0003c9a0                lv_obj_create
 .text.lv_obj_clean_style_list
                0x0003cc90       0x38 modules/lvgl/lib..__modules__lib__gui__lvgl.a(lv_obj.c.obj)
                0x0003cc90                lv_obj_clean_style_list
 .text._lv_obj_get_style_int
                0x0003ccc8      0x1f8 modules/lvgl/lib..__modules__lib__gui__lvgl.a(lv_obj.c.obj)
                0x0003ccc8                _lv_obj_get_style_int
 .text.update_style_cache
                0x0003cec0      0x2b4 modules/lvgl/lib..__modules__lib__gui__lvgl.a(lv_obj.c.obj)
 .text.lv_obj_refresh_style
                0x0003d174      0x17c modules/lvgl/lib..__modules__lib__gui__lvgl.a(lv_obj.c.obj)
                0x0003d174                lv_obj_refresh_style
 .text.lv_obj_signal
                0x0003d2f0       0xa8 modules/lvgl/lib..__modules__lib__gui__lvgl.a(lv_obj.c.obj)
 .text.lv_refr_vdb_flush
                0x0003d398       0x6c modules/lvgl/lib..__modules__lib__gui__lvgl.a(lv_refr.c.obj)
 .text.lv_refr_obj_and_children
                0x0003d404       0x5c modules/lvgl/lib..__modules__lib__gui__lvgl.a(lv_refr.c.obj)
 .text.lv_refr_area_part
                0x0003d460      0x140 modules/lvgl/lib..__modules__lib__gui__lvgl.a(lv_refr.c.obj)
 .text._lv_refr_get_disp_refreshing
                0x0003d5a0        0xc modules/lvgl/lib..__modules__lib__gui__lvgl.a(lv_refr.c.obj)
                0x0003d5a0                _lv_refr_get_disp_refreshing
 .text._lv_disp_refr_task
                0x0003d5ac      0x468 modules/lvgl/lib..__modules__lib__gui__lvgl.a(lv_refr.c.obj)
                0x0003d5ac                _lv_disp_refr_task
 .text._lv_style_list_remove_style
                0x0003da14       0xa4 modules/lvgl/lib..__modules__lib__gui__lvgl.a(lv_style.c.obj)
                0x0003da14                _lv_style_list_remove_style
 .text._lv_style_list_add_style
                0x0003dab8       0x84 modules/lvgl/lib..__modules__lib__gui__lvgl.a(lv_style.c.obj)
                0x0003dab8                _lv_style_list_add_style
 .text.get_alloc_local_style
                0x0003db3c       0x5c modules/lvgl/lib..__modules__lib__gui__lvgl.a(lv_style.c.obj)
 .text.lv_img_cf_get_px_size
                0x0003db98       0x14 modules/lvgl/lib..__modules__lib__gui__lvgl.a(lv_draw_img.c.obj)
                0x0003db98                lv_img_cf_get_px_size
 .text.lv_draw_img
                0x0003dbac      0x204 modules/lvgl/lib..__modules__lib__gui__lvgl.a(lv_draw_img.c.obj)
                0x0003dbac                lv_draw_img
 .text.lv_draw_label_dsc_init
                0x0003ddb0       0x30 modules/lvgl/lib..__modules__lib__gui__lvgl.a(lv_draw_label.c.obj)
                0x0003ddb0                lv_draw_label_dsc_init
 .text.lv_draw_label
                0x0003dde0      0x8dc modules/lvgl/lib..__modules__lib__gui__lvgl.a(lv_draw_label.c.obj)
                0x0003dde0                lv_draw_label
 .text.lv_draw_line
                0x0003e6bc      0x7f0 modules/lvgl/lib..__modules__lib__gui__lvgl.a(lv_draw_line.c.obj)
                0x0003e6bc                lv_draw_line
 .text.lv_draw_mask_add
                0x0003eeac       0x4c modules/lvgl/lib..__modules__lib__gui__lvgl.a(lv_draw_mask.c.obj)
                0x0003eeac                lv_draw_mask_add
 .text.lv_draw_mask_apply
                0x0003eef8       0x44 modules/lvgl/lib..__modules__lib__gui__lvgl.a(lv_draw_mask.c.obj)
                0x0003eef8                lv_draw_mask_apply
 .text.lv_draw_mask_remove_id
                0x0003ef3c       0x24 modules/lvgl/lib..__modules__lib__gui__lvgl.a(lv_draw_mask.c.obj)
                0x0003ef3c                lv_draw_mask_remove_id
 .text.lv_draw_mask_remove_custom
                0x0003ef60       0x28 modules/lvgl/lib..__modules__lib__gui__lvgl.a(lv_draw_mask.c.obj)
                0x0003ef60                lv_draw_mask_remove_custom
 .text.lv_draw_mask_get_cnt
                0x0003ef88       0x1c modules/lvgl/lib..__modules__lib__gui__lvgl.a(lv_draw_mask.c.obj)
                0x0003ef88                lv_draw_mask_get_cnt
 .text.lv_draw_mask_line_points_init
                0x0003efa4      0x108 modules/lvgl/lib..__modules__lib__gui__lvgl.a(lv_draw_mask.c.obj)
                0x0003efa4                lv_draw_mask_line_points_init
 .text.lv_draw_mask_radius_init
                0x0003f0ac       0x54 modules/lvgl/lib..__modules__lib__gui__lvgl.a(lv_draw_mask.c.obj)
                0x0003f0ac                lv_draw_mask_radius_init
 .text.lv_draw_rect_dsc_init
                0x0003f100       0x48 modules/lvgl/lib..__modules__lib__gui__lvgl.a(lv_draw_rect.c.obj)
                0x0003f100                lv_draw_rect_dsc_init
 .text._lv_img_cache_open
                0x0003f148      0x17c modules/lvgl/lib..__modules__lib__gui__lvgl.a(lv_img_cache.c.obj)
                0x0003f148                _lv_img_cache_open
 .text.lv_img_cache_invalidate_src
                0x0003f2c4       0x54 modules/lvgl/lib..__modules__lib__gui__lvgl.a(lv_img_cache.c.obj)
                0x0003f2c4                lv_img_cache_invalidate_src
 .text.lv_img_cache_set_size
                0x0003f318       0x5c modules/lvgl/lib..__modules__lib__gui__lvgl.a(lv_img_cache.c.obj)
                0x0003f318                lv_img_cache_set_size
 .text.lv_img_decoder_built_in_info
                0x0003f374       0x7c modules/lvgl/lib..__modules__lib__gui__lvgl.a(lv_img_decoder.c.obj)
                0x0003f374                lv_img_decoder_built_in_info
 .text.lv_img_decoder_built_in_open
                0x0003f3f0      0x14c modules/lvgl/lib..__modules__lib__gui__lvgl.a(lv_img_decoder.c.obj)
                0x0003f3f0                lv_img_decoder_built_in_open
 .text.lv_img_decoder_built_in_read_line
                0x0003f53c      0x2e0 modules/lvgl/lib..__modules__lib__gui__lvgl.a(lv_img_decoder.c.obj)
                0x0003f53c                lv_img_decoder_built_in_read_line
 .text.lv_img_decoder_get_info
                0x0003f81c       0x48 modules/lvgl/lib..__modules__lib__gui__lvgl.a(lv_img_decoder.c.obj)
                0x0003f81c                lv_img_decoder_get_info
 .text.lv_img_decoder_open
                0x0003f864       0x8c modules/lvgl/lib..__modules__lib__gui__lvgl.a(lv_img_decoder.c.obj)
                0x0003f864                lv_img_decoder_open
 .text.lv_img_decoder_create
                0x0003f8f0       0x1c modules/lvgl/lib..__modules__lib__gui__lvgl.a(lv_img_decoder.c.obj)
                0x0003f8f0                lv_img_decoder_create
 .text._lv_img_decoder_init
                0x0003f90c       0x58 modules/lvgl/lib..__modules__lib__gui__lvgl.a(lv_img_decoder.c.obj)
                0x0003f90c                _lv_img_decoder_init
 .text.lv_disp_drv_init
                0x0003f964       0x34 modules/lvgl/lib..__modules__lib__gui__lvgl.a(lv_hal_disp.c.obj)
                0x0003f964                lv_disp_drv_init
 .text.lv_disp_get_default
                0x0003f998        0xc modules/lvgl/lib..__modules__lib__gui__lvgl.a(lv_hal_disp.c.obj)
                0x0003f998                lv_disp_get_default
 .text.lv_disp_get_hor_res
                0x0003f9a4       0x24 modules/lvgl/lib..__modules__lib__gui__lvgl.a(lv_hal_disp.c.obj)
                0x0003f9a4                lv_disp_get_hor_res
 .text.lv_disp_get_ver_res
                0x0003f9c8       0x20 modules/lvgl/lib..__modules__lib__gui__lvgl.a(lv_hal_disp.c.obj)
                0x0003f9c8                lv_disp_get_ver_res
 .text.lv_disp_get_dpi
                0x0003f9e8       0x18 modules/lvgl/lib..__modules__lib__gui__lvgl.a(lv_hal_disp.c.obj)
                0x0003f9e8                lv_disp_get_dpi
 .text.lv_disp_get_size_category
                0x0003fa00       0x48 modules/lvgl/lib..__modules__lib__gui__lvgl.a(lv_hal_disp.c.obj)
                0x0003fa00                lv_disp_get_size_category
 .text.lv_disp_get_next
                0x0003fa48       0x14 modules/lvgl/lib..__modules__lib__gui__lvgl.a(lv_hal_disp.c.obj)
                0x0003fa48                lv_disp_get_next
 .text.lv_disp_drv_register
                0x0003fa5c      0x108 modules/lvgl/lib..__modules__lib__gui__lvgl.a(lv_hal_disp.c.obj)
                0x0003fa5c                lv_disp_drv_register
 .text.lv_indev_drv_init
                0x0003fb64       0x20 modules/lvgl/lib..__modules__lib__gui__lvgl.a(lv_hal_indev.c.obj)
                0x0003fb64                lv_indev_drv_init
 .text.lv_indev_drv_register
                0x0003fb84       0x88 modules/lvgl/lib..__modules__lib__gui__lvgl.a(lv_hal_indev.c.obj)
                0x0003fb84                lv_indev_drv_register
 .text.lv_indev_get_next
                0x0003fc0c       0x14 modules/lvgl/lib..__modules__lib__gui__lvgl.a(lv_hal_indev.c.obj)
                0x0003fc0c                lv_indev_get_next
 .text._lv_indev_read
                0x0003fc20       0x68 modules/lvgl/lib..__modules__lib__gui__lvgl.a(lv_hal_indev.c.obj)
                0x0003fc20                _lv_indev_read
 .text.lv_log_register_print_cb
                0x0003fc88        0xc modules/lvgl/lib..__modules__lib__gui__lvgl.a(lv_log.c.obj)
                0x0003fc88                lv_log_register_print_cb
 .text._lv_log_add
                0x0003fc94       0x50 modules/lvgl/lib..__modules__lib__gui__lvgl.a(lv_log.c.obj)
                0x0003fc94                _lv_log_add
 .text.lv_mem_alloc
                0x0003fce4       0x4c modules/lvgl/lib..__modules__lib__gui__lvgl.a(lv_mem.c.obj)
                0x0003fce4                lv_mem_alloc
 .text.lv_mem_free
                0x0003fd30       0x20 modules/lvgl/lib..__modules__lib__gui__lvgl.a(lv_mem.c.obj)
                0x0003fd30                lv_mem_free
 .text._lv_mem_get_size
                0x0003fd50       0x1c modules/lvgl/lib..__modules__lib__gui__lvgl.a(lv_mem.c.obj)
                0x0003fd50                _lv_mem_get_size
 .text.lv_mem_realloc
                0x0003fd6c       0x78 modules/lvgl/lib..__modules__lib__gui__lvgl.a(lv_mem.c.obj)
                0x0003fd6c                lv_mem_realloc
 .text._lv_mem_buf_get
                0x0003fde4       0xc4 modules/lvgl/lib..__modules__lib__gui__lvgl.a(lv_mem.c.obj)
                0x0003fde4                _lv_mem_buf_get
 .text._lv_mem_buf_release
                0x0003fea8       0x70 modules/lvgl/lib..__modules__lib__gui__lvgl.a(lv_mem.c.obj)
                0x0003fea8                _lv_mem_buf_release
 .text._lv_mem_buf_free_all
                0x0003ff18       0x48 modules/lvgl/lib..__modules__lib__gui__lvgl.a(lv_mem.c.obj)
                0x0003ff18                _lv_mem_buf_free_all
 .text._lv_task_core_init
                0x0003ff60       0x24 modules/lvgl/lib..__modules__lib__gui__lvgl.a(lv_task.c.obj)
                0x0003ff60                _lv_task_core_init
 .text.lv_task_create_basic
                0x0003ff84       0x80 modules/lvgl/lib..__modules__lib__gui__lvgl.a(lv_task.c.obj)
                0x0003ff84                lv_task_create_basic
 .text.lv_task_del
                0x00040004       0x38 modules/lvgl/lib..__modules__lib__gui__lvgl.a(lv_task.c.obj)
                0x00040004                lv_task_del
 .text.lv_task_exec
                0x0004003c       0x58 modules/lvgl/lib..__modules__lib__gui__lvgl.a(lv_task.c.obj)
 .text.lv_task_handler
                0x00040094      0x184 modules/lvgl/lib..__modules__lib__gui__lvgl.a(lv_task.c.obj)
                0x00040094                lv_task_handler
 .text.lv_task_set_prio
                0x00040218       0x58 modules/lvgl/lib..__modules__lib__gui__lvgl.a(lv_task.c.obj)
                0x00040218                lv_task_set_prio
 .text._lv_txt_get_width
                0x00040270       0xa4 modules/lvgl/lib..__modules__lib__gui__lvgl.a(lv_txt.c.obj)
                0x00040270                _lv_txt_get_width
 .text._lv_txt_get_next_line
                0x00040314      0x1c8 modules/lvgl/lib..__modules__lib__gui__lvgl.a(lv_txt.c.obj)
                0x00040314                _lv_txt_get_next_line
 .text._lv_txt_get_size
                0x000404dc       0xe4 modules/lvgl/lib..__modules__lib__gui__lvgl.a(lv_txt.c.obj)
                0x000404dc                _lv_txt_get_size
 .text.get_glyph_dsc_id.isra.0.part.0
                0x000405c0       0xc0 modules/lvgl/lib..__modules__lib__gui__lvgl.a(lv_font_fmt_txt.c.obj)
 .text.lv_font_get_glyph_dsc_fmt_txt
                0x00040680      0x14c modules/lvgl/lib..__modules__lib__gui__lvgl.a(lv_font_fmt_txt.c.obj)
                0x00040680                lv_font_get_glyph_dsc_fmt_txt
 .text._lv_font_clean_up_fmt_txt
                0x000407cc       0x18 modules/lvgl/lib..__modules__lib__gui__lvgl.a(lv_font_fmt_txt.c.obj)
                0x000407cc                _lv_font_clean_up_fmt_txt
 .text.apply_theme
                0x000407e4       0x38 modules/lvgl/lib..__modules__lib__gui__lvgl.a(lv_theme.c.obj)
 .text.lv_theme_set_act
                0x0004081c        0xc modules/lvgl/lib..__modules__lib__gui__lvgl.a(lv_theme.c.obj)
                0x0004081c                lv_theme_set_act
 .text.lv_theme_apply
                0x00040828       0x28 modules/lvgl/lib..__modules__lib__gui__lvgl.a(lv_theme.c.obj)
                0x00040828                lv_theme_apply
 .text.lv_theme_get_font_normal
                0x00040850        0xc modules/lvgl/lib..__modules__lib__gui__lvgl.a(lv_theme.c.obj)
                0x00040850                lv_theme_get_font_normal
 .text.theme_apply
                0x0004085c       0x54 modules/lvgl/lib..__modules__lib__gui__lvgl.a(lv_theme_material.c.obj)
 .text.style_init_reset
                0x000408b0       0x14 modules/lvgl/lib..__modules__lib__gui__lvgl.a(lv_theme_material.c.obj)
 .text.lv_theme_material_init
                0x000408c4      0xeb0 modules/lvgl/lib..__modules__lib__gui__lvgl.a(lv_theme_material.c.obj)
                0x000408c4                lv_theme_material_init
 .text.lv_btn_design
                0x00041774       0x28 modules/lvgl/lib..__modules__lib__gui__lvgl.a(lv_btn.c.obj)
 .text.lv_btn_create
                0x0004179c       0xcc modules/lvgl/lib..__modules__lib__gui__lvgl.a(lv_btn.c.obj)
                0x0004179c                lv_btn_create
 .text.lv_btn_signal
                0x00041868       0x84 modules/lvgl/lib..__modules__lib__gui__lvgl.a(lv_btn.c.obj)
 .text.lv_cont_refr_autofit
                0x000418ec      0x358 modules/lvgl/lib..__modules__lib__gui__lvgl.a(lv_cont.c.obj)
 .text.lv_cont_create
                0x00041c44       0xe0 modules/lvgl/lib..__modules__lib__gui__lvgl.a(lv_cont.c.obj)
                0x00041c44                lv_cont_create
 .text.lv_cont_signal
                0x00041d24       0xa8 modules/lvgl/lib..__modules__lib__gui__lvgl.a(lv_cont.c.obj)
 .text.lv_label_revert_dots
                0x00041dcc       0x74 modules/lvgl/lib..__modules__lib__gui__lvgl.a(lv_label.c.obj)
 .text.lv_label_set_dot_tmp
                0x00041e40       0x78 modules/lvgl/lib..__modules__lib__gui__lvgl.a(lv_label.c.obj)
 .text.lv_label_get_letter_on
                0x00041eb8      0x230 modules/lvgl/lib..__modules__lib__gui__lvgl.a(lv_label.c.obj)
                0x00041eb8                lv_label_get_letter_on
 .text.lv_label_refr_text
                0x000420e8      0x23c modules/lvgl/lib..__modules__lib__gui__lvgl.a(lv_label.c.obj)
 .text.lv_label_create
                0x00042324      0x184 modules/lvgl/lib..__modules__lib__gui__lvgl.a(lv_label.c.obj)
                0x00042324                lv_label_create
 .text.lv_label_signal
                0x000424a8       0xc0 modules/lvgl/lib..__modules__lib__gui__lvgl.a(lv_label.c.obj)
 .text.z_sys_init_run_level
                0x00042568       0x40 zephyr/kernel/libkernel.a(device.c.obj)
                0x00042568                z_sys_init_run_level
 .text.z_device_get_all_static
                0x000425a8       0x1c zephyr/kernel/libkernel.a(device.c.obj)
                0x000425a8                z_device_get_all_static
 .text.z_impl_device_get_binding
                0x000425c4       0x58 zephyr/kernel/libkernel.a(device.c.obj)
                0x000425c4                z_impl_device_get_binding
 .text.device_required_foreach
                0x0004261c       0x74 zephyr/kernel/libkernel.a(device.c.obj)
                0x0004261c                device_required_foreach
 .text.z_impl_z_errno
                0x00042690        0xc zephyr/kernel/libkernel.a(errno.c.obj)
                0x00042690                z_impl_z_errno
 .text.z_fatal_error
                0x0004269c       0xf0 zephyr/kernel/libkernel.a(fatal.c.obj)
                0x0004269c                z_fatal_error
 .text.init_idle_thread
                0x0004278c       0x68 zephyr/kernel/libkernel.a(init.c.obj)
 .text.bg_thread_main
                0x000427f4       0x34 zephyr/kernel/libkernel.a(init.c.obj)
 .text.z_bss_zero
                0x00042828       0x14 zephyr/kernel/libkernel.a(init.c.obj)
                0x00042828                z_bss_zero
 .text.z_cstart
                0x0004283c       0xe8 zephyr/kernel/libkernel.a(init.c.obj)
                0x0004283c                z_cstart
 .text.init_mem_slab_module
                0x00042924       0x44 zephyr/kernel/libkernel.a(mem_slab.c.obj)
 .text.k_mem_slab_alloc
                0x00042968       0x60 zephyr/kernel/libkernel.a(mem_slab.c.obj)
                0x00042968                k_mem_slab_alloc
 .text.k_thread_foreach
                0x000429c8       0x34 zephyr/kernel/libkernel.a(thread.c.obj)
                0x000429c8                k_thread_foreach
 .text.z_thread_monitor_exit
                0x000429fc       0x3c zephyr/kernel/libkernel.a(thread.c.obj)
                0x000429fc                z_thread_monitor_exit
 .text.z_impl_k_thread_name_set
                0x00042a38       0x20 zephyr/kernel/libkernel.a(thread.c.obj)
                0x00042a38                z_impl_k_thread_name_set
 .text.k_thread_state_str
                0x00042a58       0x74 zephyr/kernel/libkernel.a(thread.c.obj)
                0x00042a58                k_thread_state_str
 .text.z_setup_new_thread
                0x00042acc       0xc0 zephyr/kernel/libkernel.a(thread.c.obj)
                0x00042acc                z_setup_new_thread
 .text.z_impl_k_thread_create
                0x00042b8c       0x58 zephyr/kernel/libkernel.a(thread.c.obj)
                0x00042b8c                z_impl_k_thread_create
 .text.z_init_static_threads
                0x00042be4       0xbc zephyr/kernel/libkernel.a(thread.c.obj)
                0x00042be4                z_init_static_threads
 .text.sys_kernel_version_get
                0x00042ca0        0x8 zephyr/kernel/libkernel.a(version.c.obj)
                0x00042ca0                sys_kernel_version_get
 .text.idle     0x00042ca8       0x2c zephyr/kernel/libkernel.a(idle.c.obj)
                0x00042ca8                idle
 .text.z_impl_k_msgq_put
                0x00042cd4       0xb4 zephyr/kernel/libkernel.a(msg_q.c.obj)
                0x00042cd4                z_impl_k_msgq_put
 .text.z_impl_k_msgq_get
                0x00042d88       0xc0 zephyr/kernel/libkernel.a(msg_q.c.obj)
                0x00042d88                z_impl_k_msgq_get
 .text.z_impl_k_mutex_lock
                0x00042e48       0xfc zephyr/kernel/libkernel.a(mutex.c.obj)
                0x00042e48                z_impl_k_mutex_lock
 .text.z_impl_k_mutex_unlock
                0x00042f44       0x90 zephyr/kernel/libkernel.a(mutex.c.obj)
                0x00042f44                z_impl_k_mutex_unlock
 .text.z_impl_k_sem_give
                0x00042fd4       0x4c zephyr/kernel/libkernel.a(sem.c.obj)
                0x00042fd4                z_impl_k_sem_give
 .text.z_impl_k_sem_take
                0x00043020       0x54 zephyr/kernel/libkernel.a(sem.c.obj)
                0x00043020                z_impl_k_sem_take
 .text.work_queue_main
                0x00043074      0x13c zephyr/kernel/libkernel.a(work.c.obj)
 .text.submit_to_queue_locked
                0x000431b0       0xa0 zephyr/kernel/libkernel.a(work.c.obj)
 .text.k_work_submit
                0x00043250        0xc zephyr/kernel/libkernel.a(work.c.obj)
                0x00043250                k_work_submit
 .text.k_work_queue_start
                0x0004325c       0x70 zephyr/kernel/libkernel.a(work.c.obj)
                0x0004325c                k_work_queue_start
 .text.z_reset_time_slice
                0x000432cc       0x2c zephyr/kernel/libkernel.a(sched.c.obj)
                0x000432cc                z_reset_time_slice
 .text.k_sched_time_slice_set
                0x000432f8       0x64 zephyr/kernel/libkernel.a(sched.c.obj)
                0x000432f8                k_sched_time_slice_set
 .text.z_reschedule
                0x0004335c       0x24 zephyr/kernel/libkernel.a(sched.c.obj)
                0x0004335c                z_reschedule
 .text.k_sched_lock
                0x00043380       0x28 zephyr/kernel/libkernel.a(sched.c.obj)
                0x00043380                k_sched_lock
 .text.update_cache
                0x000433a8       0x40 zephyr/kernel/libkernel.a(sched.c.obj)
 .text.move_thread_to_end_of_prio_q
                0x000433e8       0x7c zephyr/kernel/libkernel.a(sched.c.obj)
 .text.z_time_slice
                0x00043464       0x84 zephyr/kernel/libkernel.a(sched.c.obj)
                0x00043464                z_time_slice
 .text.ready_thread
                0x000434e8       0x70 zephyr/kernel/libkernel.a(sched.c.obj)
 .text.z_sched_start
                0x00043558       0x3c zephyr/kernel/libkernel.a(sched.c.obj)
                0x00043558                z_sched_start
 .text.unready_thread
                0x00043594       0x30 zephyr/kernel/libkernel.a(sched.c.obj)
 .text.pend     0x000435c4       0x4c zephyr/kernel/libkernel.a(sched.c.obj)
 .text.z_pend_curr
                0x00043610       0x28 zephyr/kernel/libkernel.a(sched.c.obj)
                0x00043610                z_pend_curr
 .text.z_set_prio
                0x00043638       0x98 zephyr/kernel/libkernel.a(sched.c.obj)
                0x00043638                z_set_prio
 .text.z_impl_k_thread_suspend
                0x000436d0       0x64 zephyr/kernel/libkernel.a(sched.c.obj)
                0x000436d0                z_impl_k_thread_suspend
 .text.k_sched_unlock
                0x00043734       0x38 zephyr/kernel/libkernel.a(sched.c.obj)
                0x00043734                k_sched_unlock
 .text.z_sched_init
                0x0004376c       0x18 zephyr/kernel/libkernel.a(sched.c.obj)
                0x0004376c                z_sched_init
 .text.z_impl_k_yield
                0x00043784       0x84 zephyr/kernel/libkernel.a(sched.c.obj)
                0x00043784                z_impl_k_yield
 .text.z_tick_sleep
                0x00043808       0x98 zephyr/kernel/libkernel.a(sched.c.obj)
 .text.z_impl_k_sleep
                0x000438a0       0x34 zephyr/kernel/libkernel.a(sched.c.obj)
                0x000438a0                z_impl_k_sleep
 .text.z_impl_z_current_get
                0x000438d4        0xc zephyr/kernel/libkernel.a(sched.c.obj)
                0x000438d4                z_impl_z_current_get
 .text.z_impl_k_is_preempt_thread
                0x000438e0       0x20 zephyr/kernel/libkernel.a(sched.c.obj)
                0x000438e0                z_impl_k_is_preempt_thread
 .text.z_thread_abort
                0x00043900       0xac zephyr/kernel/libkernel.a(sched.c.obj)
                0x00043900                z_thread_abort
 .text.z_sched_wait
                0x000439ac       0x24 zephyr/kernel/libkernel.a(sched.c.obj)
                0x000439ac                z_sched_wait
 .text.z_data_copy
                0x000439d0       0x34 zephyr/kernel/libkernel.a(xip.c.obj)
                0x000439d0                z_data_copy
 .text.elapsed  0x00043a04       0x14 zephyr/kernel/libkernel.a(timeout.c.obj)
 .text.remove_timeout
                0x00043a18       0x34 zephyr/kernel/libkernel.a(timeout.c.obj)
 .text.next_timeout
                0x00043a4c       0x58 zephyr/kernel/libkernel.a(timeout.c.obj)
 .text.z_add_timeout
                0x00043aa4      0x110 zephyr/kernel/libkernel.a(timeout.c.obj)
                0x00043aa4                z_add_timeout
 .text.sys_clock_announce
                0x00043bb4       0xd4 zephyr/kernel/libkernel.a(timeout.c.obj)
                0x00043bb4                sys_clock_announce
 .text.sys_clock_tick_get
                0x00043c88       0x34 zephyr/kernel/libkernel.a(timeout.c.obj)
                0x00043c88                sys_clock_tick_get
 .text.z_timer_expiration_handler
                0x00043cbc       0x7c zephyr/kernel/libkernel.a(timer.c.obj)
                0x00043cbc                z_timer_expiration_handler
 .text.z_impl_k_timer_start
                0x00043d38       0xc0 zephyr/kernel/libkernel.a(timer.c.obj)
                0x00043d38                z_impl_k_timer_start
 .text.z_impl_k_poll
                0x00043df8       0xb8 zephyr/kernel/libkernel.a(poll.c.obj)
                0x00043df8                z_impl_k_poll
 .text.z_impl_k_poll_signal_raise
                0x00043eb0       0x50 zephyr/kernel/libkernel.a(poll.c.obj)
                0x00043eb0                z_impl_k_poll_signal_raise
 .text.k_aligned_alloc
                0x00043f00       0x10 zephyr/kernel/libkernel.a(mempool.c.obj)
                0x00043f00                k_aligned_alloc
 .text.statics_init
                0x00043f10       0x24 zephyr/kernel/libkernel.a(kheap.c.obj)
 .text.k_sys_work_q_init
                0x00043f34       0x34 zephyr/kernel/libkernel.a(system_work_q.c.obj)
 .text.gmtime_r
                0x00043f68      0x1d4 C:/Users/Administrador/ncs/v1.8.0/toolchain/opt/arm-none-eabi/lib/thumb/v8-m.main/nofp\libc.a(lib_a-gmtime_r.o)
                0x00043f68                gmtime_r
 .text.malloc   0x0004413c       0x10 C:/Users/Administrador/ncs/v1.8.0/toolchain/opt/arm-none-eabi/lib/thumb/v8-m.main/nofp\libc.a(lib_a-malloc.o)
                0x0004413c                malloc
 .text.free     0x0004414c       0x10 C:/Users/Administrador/ncs/v1.8.0/toolchain/opt/arm-none-eabi/lib/thumb/v8-m.main/nofp\libc.a(lib_a-malloc.o)
                0x0004414c                free
 .text._malloc_r
                0x0004415c      0x59c C:/Users/Administrador/ncs/v1.8.0/toolchain/opt/arm-none-eabi/lib/thumb/v8-m.main/nofp\libc.a(lib_a-mallocr.o)
                0x0004415c                _malloc_r
 .text.memcmp   0x000446f8       0x5c C:/Users/Administrador/ncs/v1.8.0/toolchain/opt/arm-none-eabi/lib/thumb/v8-m.main/nofp\libc.a(lib_a-memcmp.o)
                0x000446f8                memcmp
 .text.memmove  0x00044754       0xd4 C:/Users/Administrador/ncs/v1.8.0/toolchain/opt/arm-none-eabi/lib/thumb/v8-m.main/nofp\libc.a(lib_a-memmove.o)
                0x00044754                memmove
 .text.memset   0x00044828       0xa0 C:/Users/Administrador/ncs/v1.8.0/toolchain/opt/arm-none-eabi/lib/thumb/v8-m.main/nofp\libc.a(lib_a-memset.o)
                0x00044828                memset
 .text.__malloc_lock
                0x000448c8        0xc C:/Users/Administrador/ncs/v1.8.0/toolchain/opt/arm-none-eabi/lib/thumb/v8-m.main/nofp\libc.a(lib_a-mlock.o)
                0x000448c8                __malloc_lock
 .text.__malloc_unlock