Archive member included to satisfy reference by file (symbol)

app/libapp.a(main.c.obj)      (--whole-archive)
zephyr/libzephyr.a(cbprintf.c.obj)
                              (--whole-archive)
zephyr/libzephyr.a(cbprintf_packaged.c.obj)
                              (--whole-archive)
zephyr/libzephyr.a(crc32c_sw.c.obj)
                              (--whole-archive)
zephyr/libzephyr.a(crc32_sw.c.obj)
                              (--whole-archive)
zephyr/libzephyr.a(crc16_sw.c.obj)
                              (--whole-archive)
zephyr/libzephyr.a(crc8_sw.c.obj)
                              (--whole-archive)
zephyr/libzephyr.a(crc7_sw.c.obj)
                              (--whole-archive)
zephyr/libzephyr.a(dec.c.obj)
                              (--whole-archive)
zephyr/libzephyr.a(fdtable.c.obj)
                              (--whole-archive)
zephyr/libzephyr.a(hex.c.obj)
                              (--whole-archive)
zephyr/libzephyr.a(notify.c.obj)
                              (--whole-archive)
zephyr/libzephyr.a(printk.c.obj)
                              (--whole-archive)
zephyr/libzephyr.a(onoff.c.obj)
                              (--whole-archive)
zephyr/libzephyr.a(rb.c.obj)  (--whole-archive)
zephyr/libzephyr.a(sem.c.obj)
                              (--whole-archive)
zephyr/libzephyr.a(thread_entry.c.obj)
                              (--whole-archive)
zephyr/libzephyr.a(timeutil.c.obj)
                              (--whole-archive)
zephyr/libzephyr.a(heap.c.obj)
                              (--whole-archive)
zephyr/libzephyr.a(heap-validate.c.obj)
                              (--whole-archive)
zephyr/libzephyr.a(bitarray.c.obj)
                              (--whole-archive)
zephyr/libzephyr.a(cbprintf_complete.c.obj)
                              (--whole-archive)
zephyr/libzephyr.a(assert.c.obj)
                              (--whole-archive)
zephyr/libzephyr.a(mpsc_pbuf.c.obj)
                              (--whole-archive)
zephyr/libzephyr.a(reboot.c.obj)
                              (--whole-archive)
zephyr/libzephyr.a(configs.c.obj)
                              (--whole-archive)
zephyr/libzephyr.a(soc.c.obj)
                              (--whole-archive)
zephyr/libzephyr.a(power.c.obj)
                              (--whole-archive)
zephyr/libzephyr.a(soc_nrf_common.S.obj)
                              (--whole-archive)
zephyr/libzephyr.a(validate_base_addresses.c.obj)
                              (--whole-archive)
zephyr/libzephyr.a(validate_enabled_instances.c.obj)
                              (--whole-archive)
zephyr/libzephyr.a(log_minimal.c.obj)
                              (--whole-archive)
zephyr/libzephyr.a(power.c.obj)
                              (--whole-archive)
zephyr/libzephyr.a(pm_ctrl.c.obj)
                              (--whole-archive)
zephyr/libzephyr.a(policy_residency.c.obj)
                              (--whole-archive)
zephyr/libzephyr.a(tracing_none.c.obj)
                              (--whole-archive)
zephyr/libzephyr.a(spm.c.obj)
                              (--whole-archive)
zephyr/libzephyr.a(secure_services.c.obj)
                              (--whole-archive)
zephyr/libzephyr.a(flash_map_partition_manager.c.obj)
                              (--whole-archive)
zephyr/libzephyr.a(nrf_cc3xx_platform_abort_zephyr.c.obj)
                              (--whole-archive)
zephyr/libzephyr.a(nrf_cc3xx_platform_mutex_zephyr.c.obj)
                              (--whole-archive)
zephyr/arch/common/libarch__common.a(sw_isr_common.c.obj)
                              (--whole-archive)
zephyr/arch/arch/arm/core/aarch32/libarch__arm__core__aarch32.a(cpu_idle.S.obj)
                              (--whole-archive)
zephyr/arch/arch/arm/core/aarch32/libarch__arm__core__aarch32.a(fatal.c.obj)
                              (--whole-archive)
zephyr/arch/arch/arm/core/aarch32/libarch__arm__core__aarch32.a(irq_manage.c.obj)
                              (--whole-archive)
zephyr/arch/arch/arm/core/aarch32/libarch__arm__core__aarch32.a(nmi.c.obj)
                              (--whole-archive)
zephyr/arch/arch/arm/core/aarch32/libarch__arm__core__aarch32.a(nmi_on_reset.S.obj)
                              (--whole-archive)
zephyr/arch/arch/arm/core/aarch32/libarch__arm__core__aarch32.a(prep_c.c.obj)
                              (--whole-archive)
zephyr/arch/arch/arm/core/aarch32/libarch__arm__core__aarch32.a(swap.c.obj)
                              (--whole-archive)
zephyr/arch/arch/arm/core/aarch32/libarch__arm__core__aarch32.a(swap_helper.S.obj)
                              (--whole-archive)
zephyr/arch/arch/arm/core/aarch32/libarch__arm__core__aarch32.a(thread.c.obj)
                              (--whole-archive)
zephyr/arch/arch/arm/core/aarch32/libarch__arm__core__aarch32.a(isr_wrapper.S.obj)
                              (--whole-archive)
zephyr/arch/arch/arm/core/aarch32/cortex_m/libarch__arm__core__aarch32__cortex_m.a(exc_exit.S.obj)
[...]
Memory Configuration

Name             Origin             Length             Attributes
FLASH            0x00000000         0x00020000         xr
SRAM             0x20000000         0x00010000         xw
IDT_LIST         0xfffff7ff         0x00000800         xw
*default*        0x00000000         0xffffffff

Linker script and memory map

LOAD zephyr/CMakeFiles/zephyr_final.dir/misc/empty_file.c.obj
LOAD zephyr/CMakeFiles/zephyr_final.dir/isr_tables.c.obj
LOAD zephyr/CMakeFiles/zephyr_final.dir/dev_handles.c.obj
                0x00000020                _region_min_align = 0x20

.rel.plt        0x00000000        0x0
 *(SORT_BY_ALIGNMENT(.rel.plt))
                [!provide]                PROVIDE (__rel_iplt_start = .)
 *(SORT_BY_ALIGNMENT(.rel.iplt))
 .rel.iplt      0x00000000        0x0 zephyr/CMakeFiles/zephyr_final.dir/isr_tables.c.obj
                [!provide]                PROVIDE (__rel_iplt_end = .)

.rela.plt       0x00000000        0x0
 *(SORT_BY_ALIGNMENT(.rela.plt))
                [!provide]                PROVIDE (__rela_iplt_start = .)
 *(SORT_BY_ALIGNMENT(.rela.iplt))
                [!provide]                PROVIDE (__rela_iplt_end = .)

.rel.dyn
 *(SORT_BY_ALIGNMENT(.rel.*))

.rela.dyn
 *(SORT_BY_ALIGNMENT(.rela.*))

/DISCARD/
 *(SORT_BY_ALIGNMENT(.plt))
 *(SORT_BY_ALIGNMENT(.iplt))
 *(SORT_BY_ALIGNMENT(.got.plt))
 *(SORT_BY_ALIGNMENT(.igot.plt))
 *(SORT_BY_ALIGNMENT(.got))
 *(SORT_BY_ALIGNMENT(.igot))
 *(SORT_BY_ALIGNMENT(.irq_info*))
 *(SORT_BY_ALIGNMENT(.intList*))
 *(SORT_BY_ALIGNMENT(.note.GNU-stack))
                0x00000000                __rom_region_start = 0x0

rom_start       0x00000000      0x23c
                0x00000000                . = 0x0
                0x00000000                . = ALIGN (0x4)
                0x00000000                . = ALIGN (0x80)
                0x00000000                . = ALIGN (0x200)
                0x00000000                _vector_start = .
 *(SORT_BY_ALIGNMENT(.exc_vector_table))
 *(SORT_BY_ALIGNMENT(.exc_vector_table.*))
 .exc_vector_table._vector_table_section
                0x00000000       0x40 zephyr/arch/arch/arm/core/aarch32/cortex_m/libarch__arm__core__aarch32__cortex_m.a(vector_table.S.obj)
                0x00000000                _vector_table
 *(SORT_BY_ALIGNMENT(.gnu.linkonce.irq_vector_table*))
 .gnu.linkonce.irq_vector_table
                0x00000040      0x114 zephyr/CMakeFiles/zephyr_final.dir/isr_tables.c.obj
                0x00000040                _irq_vector_table
 *(SORT_BY_ALIGNMENT(.vectors))
                0x00000154                _vector_end = .
                0x00000200                . = 0x200
 *fill*         0x00000154       0xac 
                0x00000200                _fw_info_start = .
 *(SORT_BY_NAME(SORT_BY_ALIGNMENT(.firmware_info*)))
 .firmware_info
                0x00000200       0x3c modules/nrf/subsys/fw_info/lib..__nrf__subsys__fw_info.a(fw_info.c.obj)
                0x00000200                m_firmware_info
                0x0000003c                _fw_info_size = ABSOLUTE ((. - _fw_info_start))

text            0x00000240    0x1a858
                0x00000240                __text_region_start = .
 *(SORT_BY_ALIGNMENT(.text))
 .text          0x00000240       0x30 c:/users/administrador/ncs/v1.8.0/toolchain/opt/bin/../lib/gcc/arm-none-eabi/9.2.1/thumb/v8-m.main/nofp\libgcc.a(_aeabi_uldivmod.o)
                0x00000240                __aeabi_uldivmod
 .text          0x00000270      0x2c8 c:/users/administrador/ncs/v1.8.0/toolchain/opt/bin/../lib/gcc/arm-none-eabi/9.2.1/thumb/v8-m.main/nofp\libgcc.a(_udivmoddi4.o)
                0x00000270                __udivmoddi4
 .text          0x00000538        0x4 c:/users/administrador/ncs/v1.8.0/toolchain/opt/bin/../lib/gcc/arm-none-eabi/9.2.1/thumb/v8-m.main/nofp\libgcc.a(_dvmd_tls.o)
                0x00000538                __aeabi_idiv0
                0x00000538                __aeabi_ldiv0
 .text          0x0000053c    0x109d8 C:/Users/Administrador/Documents/Nordic/Project_v1/bls-hsm/secure_module/zephyr/spm/../../../lib/libblst.a(server.o)
                0x0000472c                blst_p1_cneg
                0x0000473e                blst_p1_from_affine
                0x00004794                blst_p1_affine_on_curve
                0x000047b8                blst_p1_on_curve
                0x00004898                blst_p1_affine_serialize
                0x000048ce                blst_p1_affine_compress
                0x00004918                blst_p1_add
                0x00004920                blst_p1_add_or_double
                0x0000492a                blst_p1_add_affine
                0x00004932                blst_p1_add_or_double_affine
                0x0000493a                blst_p1_double
                0x00004942                blst_p1_is_equal
                0x0000494a                blst_p1_unchecked_mult
                0x00004966                blst_p1_affine_is_equal
                0x0000498e                blst_p1_is_inf
                0x000049ac                blst_p1_generator
                0x000049b4                blst_p1_affine_is_inf
                0x000049d0                blst_p1_affine_generator
                0x000049d8                blst_p1_in_g1
                0x000049e0                blst_p1_affine_in_g1
                0x00004a40                blst_p2_cneg
                0x00004a52                blst_p2_from_affine
                0x00004aa8                blst_p2_affine_serialize
                0x00004ade                blst_p2_affine_compress
                0x00004b28                blst_p2_affine_is_equal
                0x00004b50                blst_p2_is_inf
                0x00004b6e                blst_p2_generator
                0x00004b78                blst_p2_affine_is_inf
                0x00004b94                blst_p2_affine_generator
                0x00004b9c                blst_fp12_conjugate
                0x00004ba4                blst_fp12_is_equal
                0x00004bcc                blst_fp12_is_one
                0x00004c18                blst_fp12_one
                0x00004c20                blst_bendian_from_fp12
                0x00004ce0                blst_pairing_sizeof
                0x00004ce6                blst_pairing_init
                0x00004d04                blst_pairing_get_dst
                0x00004d12                blst_fp_is_square
                0x00004d24                blst_fp2_is_square
                0x00004d78                blst_fr_inverse
                0x00004d80                blst_fr_eucl_inverse
                0x00004d88                blst_p1s_mult_wbits_precompute_sizeof
                0x00004d96                blst_p1s_mult_wbits_scratch_sizeof
                0x00004da8                blst_p2s_mult_wbits_precompute_sizeof
                0x00004db6                blst_p2s_mult_wbits_scratch_sizeof
                0x00004dc8                blst_p1s_mult_pippenger_scratch_sizeof
                0x00004dd8                blst_p1s_tile_pippenger
                0x00004e02                blst_p1s_mult_pippenger
                0x00004ed8                blst_p2s_mult_pippenger_scratch_sizeof
                0x00004eea                mul_mont_sparse_256
                0x00004efe                sqr_mont_sparse_256
                0x00004f14                mul_mont_384
                0x00004f28                sqr_mont_384
                0x00004f3e                add_mod_256
                0x00004f4e                add_mod_384
                0x00004f5e                sub_mod_256
                0x00004f6e                sub_mod_384
                0x00004f7e                mul_by_3_mod_256
                0x00004f88                mul_by_3_mod_384
                0x00004f92                lshift_mod_256
                0x00004fa2                lshift_mod_384
                0x00004fb2                cneg_mod_256
                0x00004fc2                cneg_mod_384
                0x00004fd2                check_mod_256
                0x00004fdc                add_n_check_mod_256
                0x00004fec                sub_n_check_mod_256
                0x00004ffc                from_mont_256
                0x0000500c                from_mont_384
                0x0000501c                redc_mont_256
                0x0000502c                redc_mont_384
                0x0000503c                rshift_mod_256
                0x0000504c                rshift_mod_384
                0x0000505c                div_by_2_mod_384
                0x00005072                sgn0_pty_mod_384
                0x0000507c                sgn0_pty_mont_384
                0x000050a0                sgn0_pty_mod_384x
                0x00005110                sgn0_pty_mont_384x
                0x000051a4                mul_mont_384x
                0x0000548c                blst_fp12_frobenius_map
                0x000058c4                blst_fp12_mul
                0x00005a58                blst_fp12_sqr
                0x00005d68                blst_fp12_mul_by_xy00z0
                0x00005ea4                blst_miller_loop_lines
                0x00005eac                sqr_n_mul_mont_383
                0x0000666c                blst_p1_from_jacobian
                0x00006674                blst_p1_to_affine
                0x00006708                blst_p1_serialize
                0x00006742                blst_p1_compress
                0x00006850                blst_fp2_inverse
                0x00006858                blst_fp2_eucl_inverse
                0x00006860                blst_fp_inverse
                0x00006868                blst_fp_eucl_inverse
                0x00006b80                blst_p1s_add
                0x00006e50                blst_p1s_mult_wbits
                0x00006e68                blst_p1s_to_affine
                0x000073e2                blst_p1s_mult_wbits_precompute
                0x00007c10                blst_p1_uncompress
                0x00007dc0                blst_p1_deserialize
                0x00007dc8                blst_aggregate_in_g1
                0x00007e5c                blst_fp_sqrt
                0x000081c4                blst_map_to_g1
                0x000081cc                sqr_mont_382x
                0x000082c8                ct_inverse_mod_256
                0x000082d8                ct_inverse_mod_384
                0x000082e8                ct_is_square_mod_384
                0x000082f2                div_3_limbs
                0x000085b4                blst_sk_to_pk_in_g1
                0x000085c4                blst_sign_pk_in_g2
                0x000085cc                blst_sk_to_pk2_in_g1
                0x0000862c                blst_sign_pk2_in_g2
                0x0000868a                blst_p1_mult
                0x0000877c                quot_rem_128
                0x00008786                quot_rem_64
                0x00008790                vec_prefetch
                0x00008792                blst_sha256_block_data_order
                0x000089a0                blst_sha256_hcopy
                0x000089b4                blst_sha256_emit
                0x00008a98                blst_sha256_bcopy
                0x00008d60                blst_expand_message_xmd
                0x00008ec4                blst_encode_to_g1
                0x00008eee                blst_hash_to_g1
                0x00009288                blst_keygen
                0x0000929c                blst_keygen_v3
                0x000092b0                blst_derive_master_eip2333
                0x00009460                blst_derive_child_eip2333
                0x00009480                mul_by_8_mod_384
                0x00009496                mul_by_3_mod_384x
                0x000094b6                mul_by_8_mod_384x
                0x000094e2                mul_by_1_plus_i_mod_384x
                0x00009530                add_mod_384x
                0x00009566                sub_mod_384x
                0x0000959c                sqr_mont_384x
                0x000096ac                blst_p2_from_jacobian
                0x00009704                blst_p2_to_affine
                0x00009754                blst_p2_serialize
                0x000097d4                blst_p2_compress
                0x000098b0                blst_p2_affine_on_curve
                0x000099dc                blst_p2_on_curve
                0x00009cc0                blst_fp2_sqrt
                0x00009f68                blst_p2_uncompress
                0x0000a1e0                blst_p2_deserialize
                0x0000a4f8                blst_p2_add
                0x0000a87c                blst_p2_add_or_double
                0x0000a886                blst_pairing_merge
                0x0000aca4                blst_p2_add_affine
                0x0000afec                blst_p2_add_or_double_affine
                0x0000b1b8                blst_p2_double
                0x0000b64c                blst_p2_unchecked_mult
                0x0000b758                blst_p2_mult
                0x0000b9fc                blst_p2_is_equal
                0x0000ba32                blst_p2_in_g2
                0x0000ba3a                blst_p2_affine_in_g2
                0x0000ba9c                blst_aggregate_in_g2
                0x0000bc4c                blst_sk_to_pk_in_g2
                0x0000bc5c                blst_sign_pk_in_g1
                0x0000bc64                blst_sk_to_pk2_in_g2
                0x0000bcc4                blst_sign_pk2_in_g1
                0x0000c53c                blst_map_to_g2
                0x0000c544                blst_encode_to_g2
                0x0000c56e                blst_hash_to_g2
                0x0000c94c                blst_fp12_cyclotomic_sqr
                0x0000c9bc                blst_fp12_in_group
                0x0000cf38                blst_fp12_inverse
                0x0000d0a0                blst_final_exp
                0x0000d0a8                blst_fp12_finalverify
                0x0000da88                blst_miller_loop
                0x0000dd60                blst_pairing_aggregate_pk_in_g2
                0x0000dd88                blst_pairing_mul_n_aggregate_pk_in_g2
                0x0000ddb2                blst_pairing_chk_n_aggr_pk_in_g2
                0x0000ddd8                blst_pairing_chk_n_mul_n_aggr_pk_in_g2
                0x0000e13c                blst_pairing_aggregate_pk_in_g1
                0x0000e164                blst_pairing_mul_n_aggregate_pk_in_g1
                0x0000e18e                blst_pairing_chk_n_aggr_pk_in_g1
                0x0000e1b4                blst_pairing_chk_n_mul_n_aggr_pk_in_g1
                0x0000e22e                blst_pairing_commit
                0x0000e236                blst_pairing_as_fp12
                0x0000e338                blst_pairing_finalverify
                0x0000e340                blst_core_verify_pk_in_g1
                0x0000e3a8                blst_core_verify_pk_in_g2
                0x0000e410                blst_pairing_raw_aggregate
                0x0000e4e0                blst_aggregated_in_g1
                0x0000e4f4                blst_aggregated_in_g2
                0x0000e5bc                blst_precompute_lines
                0x0000ea66                blst_p2s_add
                0x0000ed36                blst_p2s_mult_wbits
                0x0000ed4e                blst_p2s_to_affine
                0x0000f27c                blst_p2s_mult_wbits_precompute
                0x0000fc78                blst_p2s_tile_pippenger
                0x0000fd7e                blst_p2s_mult_pippenger
                0x0000fd96                blst_fr_add
                0x0000fdb0                blst_fr_sub
                0x0000fdc8                blst_fr_mul_by_3
                0x0000fdd8                blst_fr_lshift
                0x0000fdf0                blst_fr_rshift
                0x0000fe08                blst_fr_mul
                0x0000fe28                blst_fr_sqr
                0x0000fe48                blst_fr_cneg
                0x0000fe6c                blst_fr_to
                0x0000fe94                blst_fr_from
                0x0000feb0                blst_fr_from_scalar
                0x0000ff2c                blst_scalar_from_fr
                0x0000ff9c                blst_scalar_fr_check
                0x0000ffc4                blst_sk_check
                0x0000ffd4                blst_sk_add_n_check
                0x0000ffec                blst_sk_sub_n_check
                0x00010004                blst_sk_mul_n_check
                0x00010114                blst_sk_inverse
                0x000101fc                blst_fp_add
                0x00010214                blst_fp_sub
                0x0001022c                blst_fp_mul_by_3
                0x0001023c                blst_fp_mul_by_8
                0x00010258                blst_fp_lshift
                0x00010270                blst_fp_mul
                0x00010290                blst_fp_sqr
                0x000102b4                blst_fp_cneg
                0x000102d8                blst_fp_to
                0x00010300                blst_fp_from
                0x00010320                blst_fp_from_uint32
                0x00010348                blst_uint32_from_fp
                0x00010368                blst_fp_from_uint64
                0x00010390                blst_uint64_from_fp
                0x000103b0                blst_fp_from_bendian
                0x000103fc                blst_bendian_from_fp
                0x00010448                blst_fp_from_lendian
                0x00010490                blst_lendian_from_fp
                0x000104d8                blst_fp2_add
                0x00010514                blst_fp2_sub
                0x00010550                blst_fp2_mul_by_3
                0x00010578                blst_fp2_mul_by_8
                0x000105a8                blst_fp2_lshift
                0x000105e4                blst_fp2_mul
                0x00010600                blst_fp2_sqr
                0x00010614                blst_fp2_cneg
                0x00010658                blst_scalar_from_uint32
                0x0001068a                blst_uint32_from_scalar
                0x000106c2                blst_scalar_from_uint64
                0x00010710                blst_uint64_from_scalar
                0x00010770                blst_scalar_from_bendian
                0x000107dc                blst_bendian_from_scalar
                0x00010844                blst_scalar_from_lendian
                0x0001085e                blst_lendian_from_scalar
                0x00010878                blst_fr_from_uint64
                0x000108a0                blst_uint64_from_fr
                0x000108bc                blst_scalar_from_le_bytes
                0x00010aac                blst_scalar_from_be_bytes
                0x00010c9c                blst_scalar_from_hexascii
                0x00010d08                blst_fr_from_hexascii
                0x00010d3c                blst_fp_from_hexascii
                0x00010d70                blst_uniq_sizeof
                0x00010d76                blst_uniq_init
                0x00010d7e                blst_uniq_test
 .text          0x00010f14      0x48c C:/Users/Administrador/ncs/v1.8.0/nrfxlib/crypto/nrf_oberon/lib/cortex-m33/soft-float/liboberon_3.0.8.a(ocrypto_aes.s.obj)
                0x00010f14                ocrypto_aes_slice
                0x00010fc0                ocrypto_aes_unslice
                0x000110bc                ocrypto_aes_encrypt_block
                0x00011318                ocrypto_aes_key_schedule
 .text          0x000113a0       0x60 C:/Users/Administrador/ncs/v1.8.0/nrfxlib/crypto/nrf_oberon/lib/cortex-m33/soft-float/liboberon_3.0.8.a(ocrypto_constant_time.s.obj)
                0x000113a0                ocrypto_constant_time_equal
                0x000113c8                ocrypto_constant_time_is_zero
                0x000113e4                ocrypto_constant_time_copy
                0x000113f4                ocrypto_constant_time_fill_zero
 .text          0x00011400      0x45c C:/Users/Administrador/ncs/v1.8.0/nrfxlib/crypto/nrf_oberon/lib/cortex-m33/soft-float/liboberon_3.0.8.a(ocrypto_sha256_loop.s.obj)
                0x00011400                ocrypto_sha256_loop1
                0x0001164c                ocrypto_sha256_loop2
 .text          0x0001185c       0x2a c:/users/administrador/ncs/v1.8.0/toolchain/opt/bin/../lib/gcc/arm-none-eabi/9.2.1/thumb/v8-m.main/nofp\libgcc.a(cmse_nonsecure_call.o)
                0x0001185c                __gnu_cmse_nonsecure_call
 *(SORT_BY_ALIGNMENT(.text.*))
 *fill*         0x00011886        0x2 
 .text.ocrypto_sha256
                0x00011888      0x2f8 C:/Users/Administrador/ncs/v1.8.0/nrfxlib/crypto/nrf_oberon/lib/cortex-m33/soft-float/liboberon_3.0.8.a(ocrypto_sha256.c.obj)
                0x00011888                ocrypto_sha256
 .text.get_keystore_size
                0x00011b80       0x18 app/libapp.a(main.c.obj)
                0x00011b80                __acle_se_get_keystore_size
 .text.store_pk
                0x00011b98       0x3c app/libapp.a(main.c.obj)
                0x00011b98                __acle_se_store_pk
 .text.getkeys  0x00011bd4       0x48 app/libapp.a(main.c.obj)
                0x00011bd4                __acle_se_getkeys
 .text.pk_in_keystore
                0x00011c1c       0x8c app/libapp.a(main.c.obj)
                0x00011c1c                __acle_se_pk_in_keystore
 .text.ikm_sk   0x00011ca8       0x74 app/libapp.a(main.c.obj)
                0x00011ca8                __acle_se_ikm_sk
 .text.sk_to_pk
                0x00011d1c       0x20 app/libapp.a(main.c.obj)
                0x00011d1c                __acle_se_sk_to_pk
 .text.sign_pk  0x00011d3c       0x20 app/libapp.a(main.c.obj)
                0x00011d3c                __acle_se_sign_pk
 .text.reset    0x00011d5c       0x40 app/libapp.a(main.c.obj)
                0x00011d5c                __acle_se_reset
 .text.import_sk
                0x00011d9c       0xb0 app/libapp.a(main.c.obj)
                0x00011d9c                __acle_se_import_sk
 .text.sys_notify_finalize
                0x00011e4c       0x3c zephyr/libzephyr.a(notify.c.obj)
                0x00011e4c                sys_notify_finalize
 .text.char_out
                0x00011e88       0x10 zephyr/libzephyr.a(printk.c.obj)
 .text.__printk_hook_install
                0x00011e98        0xc zephyr/libzephyr.a(printk.c.obj)
                0x00011e98                __printk_hook_install
 .text.vprintk  0x00011ea4       0x1c zephyr/libzephyr.a(printk.c.obj)
                0x00011ea4                vprintk
 .text.process_event
                0x00011ec0      0x374 zephyr/libzephyr.a(onoff.c.obj)
 .text.transition_complete
                0x00012234       0x54 zephyr/libzephyr.a(onoff.c.obj)
 .text.onoff_request
                0x00012288      0x108 zephyr/libzephyr.a(onoff.c.obj)
                0x00012288                onoff_request
 .text.cbvprintf
                0x00012390      0x780 zephyr/libzephyr.a(cbprintf_complete.c.obj)
                0x00012390                cbvprintf
 .text.sys_reboot
                0x00012b10       0x30 zephyr/libzephyr.a(reboot.c.obj)
                0x00012b10                sys_reboot
 .text.nrf_gpio_pin_port_decode
                0x00012b40       0x78 zephyr/libzephyr.a(soc.c.obj)
 .text.nordicsemi_nrf53_init
                0x00012bb8       0x84 zephyr/libzephyr.a(soc.c.obj)
 .text.arch_busy_wait
                0x00012c3c       0x24 zephyr/libzephyr.a(soc.c.obj)
                0x00012c3c                arch_busy_wait
 .text.pm_power_state_set
                0x00012c60       0x28 zephyr/libzephyr.a(power.c.obj)
                0x00012c60                pm_power_state_set
 .text.pm_state_notify
                0x00012c88       0x90 zephyr/libzephyr.a(power.c.obj)
 .text.pm_system_resume
                0x00012d18       0x4c zephyr/libzephyr.a(power.c.obj)
                0x00012d18                pm_system_resume
 .text.pm_system_suspend
                0x00012d64       0xa8 zephyr/libzephyr.a(power.c.obj)
                0x00012d64                pm_system_suspend
 .text.__NVIC_DisableIRQ
                0x00012e0c       0x28 zephyr/libzephyr.a(spm.c.obj)
 .text.config_regions
                0x00012e34       0xb8 zephyr/libzephyr.a(spm.c.obj)
 .text.spm_jump
                0x00012eec       0xc0 zephyr/libzephyr.a(spm.c.obj)
                0x00012eec                spm_jump
 .text.spm_config
                0x00012fac      0x1d8 zephyr/libzephyr.a(spm.c.obj)
                0x00012fac                spm_config
 .text.spm_secure_services_init
                0x00013184       0x10 zephyr/libzephyr.a(secure_services.c.obj)
                0x00013184                spm_secure_services_init
 .text.spm_request_random_number_nse
                0x00013194       0x48 zephyr/libzephyr.a(secure_services.c.obj)
                0x00013194                __acle_se_spm_request_random_number_nse
 .text.nrf_cc3xx_platform_abort_init
                0x000131dc        0xc zephyr/libzephyr.a(nrf_cc3xx_platform_abort_zephyr.c.obj)
                0x000131dc                nrf_cc3xx_platform_abort_init
 .text.mutex_unlock_platform
                0x000131e8       0x60 zephyr/libzephyr.a(nrf_cc3xx_platform_mutex_zephyr.c.obj)
 .text.mutex_free_platform
                0x00013248       0x48 zephyr/libzephyr.a(nrf_cc3xx_platform_mutex_zephyr.c.obj)
 .text.mutex_init_platform
                0x00013290       0x70 zephyr/libzephyr.a(nrf_cc3xx_platform_mutex_zephyr.c.obj)
 .text.mutex_lock_platform
                0x00013300       0x68 zephyr/libzephyr.a(nrf_cc3xx_platform_mutex_zephyr.c.obj)
 .text.nrf_cc3xx_platform_mutex_init
                0x00013368       0x2c zephyr/libzephyr.a(nrf_cc3xx_platform_mutex_zephyr.c.obj)
                0x00013368                nrf_cc3xx_platform_mutex_init
 .text.z_arm_cpu_idle_init
                0x00013394        0xc zephyr/arch/arch/arm/core/aarch32/libarch__arm__core__aarch32.a(cpu_idle.S.obj)
                0x00013394                z_arm_cpu_idle_init
 .text.arch_cpu_idle
                0x000133a0       0x1c zephyr/arch/arch/arm/core/aarch32/libarch__arm__core__aarch32.a(cpu_idle.S.obj)
                0x000133a0                arch_cpu_idle
 .text.arch_cpu_atomic_idle
                0x000133bc       0x14 zephyr/arch/arch/arm/core/aarch32/libarch__arm__core__aarch32.a(cpu_idle.S.obj)
                0x000133bc                arch_cpu_atomic_idle
 .text.z_arm_fatal_error
                0x000133d0       0x5c zephyr/arch/arch/arm/core/aarch32/libarch__arm__core__aarch32.a(fatal.c.obj)
                0x000133d0                z_arm_fatal_error
 .text.arch_irq_enable
                0x0001342c       0x20 zephyr/arch/arch/arm/core/aarch32/libarch__arm__core__aarch32.a(irq_manage.c.obj)
                0x0001342c                arch_irq_enable
 .text.arch_irq_is_enabled
                0x0001344c       0x1c zephyr/arch/arch/arm/core/aarch32/libarch__arm__core__aarch32.a(irq_manage.c.obj)
                0x0001344c                arch_irq_is_enabled
 .text.z_arm_irq_priority_set
                0x00013468       0x4c zephyr/arch/arch/arm/core/aarch32/libarch__arm__core__aarch32.a(irq_manage.c.obj)
                0x00013468                z_arm_irq_priority_set
 .text.z_SysNmiOnReset
                0x000134b4        0x8 zephyr/arch/arch/arm/core/aarch32/libarch__arm__core__aarch32.a(nmi_on_reset.S.obj)
                0x000134b4                z_SysNmiOnReset
 .text.z_arm_prep_c
                0x000134bc       0x38 zephyr/arch/arch/arm/core/aarch32/libarch__arm__core__aarch32.a(prep_c.c.obj)
                0x000134bc                z_arm_prep_c
 .text.arch_swap
                0x000134f4       0x34 zephyr/arch/arch/arm/core/aarch32/libarch__arm__core__aarch32.a(swap.c.obj)
                0x000134f4                arch_swap
 .text.z_arm_pendsv
                0x00013528       0x58 zephyr/arch/arch/arm/core/aarch32/libarch__arm__core__aarch32.a(swap_helper.S.obj)
                0x00013528                z_arm_pendsv
 .text.z_arm_svc
                0x00013580       0x20 zephyr/arch/arch/arm/core/aarch32/libarch__arm__core__aarch32.a(swap_helper.S.obj)
                0x00013580                z_arm_svc
 .text.arch_new_thread
                0x000135a0       0x38 zephyr/arch/arch/arm/core/aarch32/libarch__arm__core__aarch32.a(thread.c.obj)
                0x000135a0                arch_new_thread
 .text.arch_switch_to_main_thread
                0x000135d8       0x28 zephyr/arch/arch/arm/core/aarch32/libarch__arm__core__aarch32.a(thread.c.obj)
                0x000135d8                arch_switch_to_main_thread
 .text._isr_wrapper
                0x00013600       0x40 zephyr/arch/arch/arm/core/aarch32/libarch__arm__core__aarch32.a(isr_wrapper.S.obj)
                0x00013600                _isr_wrapper
 .text._HandlerModeExit
                0x00013640       0x1c zephyr/arch/arch/arm/core/aarch32/cortex_m/libarch__arm__core__aarch32__cortex_m.a(exc_exit.S.obj)
                0x00013640                z_arm_int_exit
                0x00013640                z_arm_exc_exit
 .text.mem_manage_fault.isra.0
                0x0001365c       0xd8 zephyr/arch/arch/arm/core/aarch32/cortex_m/libarch__arm__core__aarch32__cortex_m.a(fault.c.obj)
 .text.bus_fault.isra.0
                0x00013734       0xb4 zephyr/arch/arch/arm/core/aarch32/cortex_m/libarch__arm__core__aarch32__cortex_m.a(fault.c.obj)
 .text.usage_fault.isra.0
                0x000137e8       0xac zephyr/arch/arch/arm/core/aarch32/cortex_m/libarch__arm__core__aarch32__cortex_m.a(fault.c.obj)
 .text.secure_fault.isra.0
                0x00013894       0xa4 zephyr/arch/arch/arm/core/aarch32/cortex_m/libarch__arm__core__aarch32__cortex_m.a(fault.c.obj)
 .text.z_arm_fault
                0x00013938      0x234 zephyr/arch/arch/arm/core/aarch32/cortex_m/libarch__arm__core__aarch32__cortex_m.a(fault.c.obj)
                0x00013938                z_arm_fault
 .text.z_arm_fault_init
                0x00013b6c       0x18 zephyr/arch/arch/arm/core/aarch32/cortex_m/libarch__arm__core__aarch32__cortex_m.a(fault.c.obj)
                0x00013b6c                z_arm_fault_init
 .text.__fault  0x00013b84       0x14 zephyr/arch/arch/arm/core/aarch32/cortex_m/libarch__arm__core__aarch32__cortex_m.a(fault_s.S.obj)
                0x00013b84                z_arm_bus_fault
                0x00013b84                z_arm_usage_fault
                0x00013b84                z_arm_mpu_fault
                0x00013b84                z_arm_exc_spurious
                0x00013b84                z_arm_debug_monitor
                0x00013b84                z_arm_hard_fault
                0x00013b84                z_arm_secure_fault
 .text.z_arm_interrupt_init
                0x00013b98       0x18 zephyr/arch/arch/arm/core/aarch32/cortex_m/libarch__arm__core__aarch32__cortex_m.a(irq_init.c.obj)
                0x00013b98                z_arm_interrupt_init
 .text._reset_section
                0x00013bb0       0x60 zephyr/arch/arch/arm/core/aarch32/cortex_m/libarch__arm__core__aarch32__cortex_m.a(reset.S.obj)
                0x00013bb0                __start
                0x00013bb0                z_arm_reset
 .text.sys_arch_reboot
                0x00013c10       0x24 zephyr/arch/arch/arm/core/aarch32/cortex_m/libarch__arm__core__aarch32__cortex_m.a(scb.c.obj)
                0x00013c10                sys_arch_reboot
 .text.z_arm_clear_arm_mpu_config
                0x00013c34       0x20 zephyr/arch/arch/arm/core/aarch32/cortex_m/libarch__arm__core__aarch32__cortex_m.a(scb.c.obj)
                0x00013c34                z_arm_clear_arm_mpu_config
 .text.z_arm_init_arch_hw_at_boot
                0x00013c54       0x4c zephyr/arch/arch/arm/core/aarch32/cortex_m/libarch__arm__core__aarch32__cortex_m.a(scb.c.obj)
                0x00013c54                z_arm_init_arch_hw_at_boot
 .text.z_impl_k_thread_abort
                0x00013ca0       0x24 zephyr/arch/arch/arm/core/aarch32/cortex_m/libarch__arm__core__aarch32__cortex_m.a(thread_abort.c.obj)
                0x00013ca0                z_impl_k_thread_abort
 .text.tz_nonsecure_state_setup
                0x00013cc4       0x3c zephyr/arch/arch/arm/core/aarch32/cortex_m/tz/libarch__arm__core__aarch32__cortex_m__tz.a(arm_core_tz.c.obj)
                0x00013cc4                tz_nonsecure_state_setup
 .text.tz_nbanked_exception_target_state_set
                0x00013d00       0x28 zephyr/arch/arch/arm/core/aarch32/cortex_m/tz/libarch__arm__core__aarch32__cortex_m__tz.a(arm_core_tz.c.obj)
                0x00013d00                tz_nbanked_exception_target_state_set
 .text.tz_nonsecure_exception_prio_config
                0x00013d28       0x28 zephyr/arch/arch/arm/core/aarch32/cortex_m/tz/libarch__arm__core__aarch32__cortex_m__tz.a(arm_core_tz.c.obj)
                0x00013d28                tz_nonsecure_exception_prio_config
 .text.tz_nonsecure_system_reset_req_block
                0x00013d50       0x28 zephyr/arch/arch/arm/core/aarch32/cortex_m/tz/libarch__arm__core__aarch32__cortex_m__tz.a(arm_core_tz.c.obj)
                0x00013d50                tz_nonsecure_system_reset_req_block
 .text.tz_nonsecure_fpu_access_enable
                0x00013d78       0x14 zephyr/arch/arch/arm/core/aarch32/cortex_m/tz/libarch__arm__core__aarch32__cortex_m__tz.a(arm_core_tz.c.obj)
                0x00013d78                tz_nonsecure_fpu_access_enable
 .text.tz_sau_configure
                0x00013d8c       0x28 zephyr/arch/arch/arm/core/aarch32/cortex_m/tz/libarch__arm__core__aarch32__cortex_m__tz.a(arm_core_tz.c.obj)
                0x00013d8c                tz_sau_configure
 .text.z_arm_configure_static_mpu_regions
                0x00013db4       0x38 zephyr/arch/arch/arm/core/aarch32/mpu/libarch__arm__core__aarch32__mpu.a(arm_core_mpu.c.obj)
                0x00013db4                z_arm_configure_static_mpu_regions
 .text.region_init
                0x00013dec       0x30 zephyr/arch/arch/arm/core/aarch32/mpu/libarch__arm__core__aarch32__mpu.a(arm_mpu.c.obj)
 .text.mpu_configure_region
                0x00013e1c       0x50 zephyr/arch/arch/arm/core/aarch32/mpu/libarch__arm__core__aarch32__mpu.a(arm_mpu.c.obj)
 .text.mpu_configure_regions_and_partition.constprop.0
                0x00013e6c      0x168 zephyr/arch/arch/arm/core/aarch32/mpu/libarch__arm__core__aarch32__mpu.a(arm_mpu.c.obj)
 .text.arm_core_mpu_enable
                0x00013fd4       0x14 zephyr/arch/arch/arm/core/aarch32/mpu/libarch__arm__core__aarch32__mpu.a(arm_mpu.c.obj)
                0x00013fd4                arm_core_mpu_enable
 .text.arm_core_mpu_disable
                0x00013fe8       0x10 zephyr/arch/arch/arm/core/aarch32/mpu/libarch__arm__core__aarch32__mpu.a(arm_mpu.c.obj)
                0x00013fe8                arm_core_mpu_disable
 .text.arm_core_mpu_configure_static_mpu_regions
                0x00013ff8       0x38 zephyr/arch/arch/arm/core/aarch32/mpu/libarch__arm__core__aarch32__mpu.a(arm_mpu.c.obj)
                0x00013ff8                arm_core_mpu_configure_static_mpu_regions
 .text.arm_core_mpu_mark_areas_for_dynamic_regions
                0x00014030       0xd0 zephyr/arch/arch/arm/core/aarch32/mpu/libarch__arm__core__aarch32__mpu.a(arm_mpu.c.obj)
                0x00014030                arm_core_mpu_mark_areas_for_dynamic_regions
 .text.z_arm_mpu_init
                0x00014100       0x88 zephyr/arch/arch/arm/core/aarch32/mpu/libarch__arm__core__aarch32__mpu.a(arm_mpu.c.obj)
                0x00014100                z_arm_mpu_init
 .text.__stdout_hook_install
                0x00014188        0xc zephyr/lib/libc/minimal/liblib__libc__minimal.a(stdout_console.c.obj)
                0x00014188                __stdout_hook_install
 .text.onoff_start
                0x00014194       0x4c zephyr/drivers/clock_control/libdrivers__clock_control.a(clock_control_nrf.c.obj)
 .text.get_status
                0x000141e0       0x38 zephyr/drivers/clock_control/libdrivers__clock_control.a(clock_control_nrf.c.obj)
 .text.stop     0x00014218       0x7c zephyr/drivers/clock_control/libdrivers__clock_control.a(clock_control_nrf.c.obj)
 .text.onoff_stop
                0x00014294       0x28 zephyr/drivers/clock_control/libdrivers__clock_control.a(clock_control_nrf.c.obj)
 .text.clk_init
                0x000142bc       0x68 zephyr/drivers/clock_control/libdrivers__clock_control.a(clock_control_nrf.c.obj)
 .text.clkstarted_handle.constprop.0
                0x00014324       0x38 zephyr/drivers/clock_control/libdrivers__clock_control.a(clock_control_nrf.c.obj)
 .text.clock_event_handler
                0x0001435c       0x6c zephyr/drivers/clock_control/libdrivers__clock_control.a(clock_control_nrf.c.obj)
 .text.generic_hfclk_start
                0x000143c8       0x64 zephyr/drivers/clock_control/libdrivers__clock_control.a(clock_control_nrf.c.obj)
 .text.generic_hfclk_stop
                0x0001442c       0x24 zephyr/drivers/clock_control/libdrivers__clock_control.a(clock_control_nrf.c.obj)
 .text.api_blocking_start
                0x00014450       0x34 zephyr/drivers/clock_control/libdrivers__clock_control.a(clock_control_nrf.c.obj)
 .text.z_nrf_clock_control_lf_on
                0x00014484      0x148 zephyr/drivers/clock_control/libdrivers__clock_control.a(clock_control_nrf.c.obj)
                0x00014484                z_nrf_clock_control_lf_on
 .text.uart_console_init
                0x000145cc       0x30 zephyr/drivers/console/libdrivers__console.a(uart_console.c.obj)
 .text.console_out
                0x000145fc       0x28 zephyr/drivers/console/libdrivers__console.a(uart_console.c.obj)
 .text.uarte_nrfx_configure
                0x00014624      0x184 zephyr/drivers/serial/libdrivers__serial.a(uart_nrfx_uarte.c.obj)
 .text.nrf_gpio_pin_port_decode
                0x000147a8       0x78 zephyr/drivers/serial/libdrivers__serial.a(uart_nrfx_uarte.c.obj)
 .text.uarte_nrfx_poll_out
                0x00014820       0xc4 zephyr/drivers/serial/libdrivers__serial.a(uart_nrfx_uarte.c.obj)
 .text.entropy_cc3xx_rng_get_entropy
                0x000148e4       0x74 zephyr/drivers/entropy/libdrivers__entropy.a(entropy_cc310.c.obj)
 .text.sys_clock_isr
                0x00014958       0x24 zephyr/drivers/timer/libdrivers__timer.a(sys_clock_init.c.obj)
                0x00014958                sys_clock_isr
 .text.sys_clock_timeout_handler
                0x0001497c       0x78 zephyr/drivers/timer/libdrivers__timer.a(nrf_rtc_timer.c.obj)
 .text.compare_int_lock
                0x000149f4       0x44 zephyr/drivers/timer/libdrivers__timer.a(nrf_rtc_timer.c.obj)
 .text.compare_int_unlock.part.0
                0x00014a38       0x4c zephyr/drivers/timer/libdrivers__timer.a(nrf_rtc_timer.c.obj)
 .text.z_nrf_rtc_timer_read
                0x00014a84       0x44 zephyr/drivers/timer/libdrivers__timer.a(nrf_rtc_timer.c.obj)
                0x00014a84                z_nrf_rtc_timer_read
 .text.compare_set
                0x00014ac8      0x140 zephyr/drivers/timer/libdrivers__timer.a(nrf_rtc_timer.c.obj)
 .text.rtc_nrf_isr
                0x00014c08       0xe8 zephyr/drivers/timer/libdrivers__timer.a(nrf_rtc_timer.c.obj)
                0x00014c08                rtc_nrf_isr
 .text.sys_clock_driver_init
                0x00014cf0       0x88 zephyr/drivers/timer/libdrivers__timer.a(nrf_rtc_timer.c.obj)
                0x00014cf0                sys_clock_driver_init
 .text.sys_clock_set_timeout
                0x00014d78       0x60 zephyr/drivers/timer/libdrivers__timer.a(nrf_rtc_timer.c.obj)
                0x00014d78                sys_clock_set_timeout
 .text.sys_clock_elapsed
                0x00014dd8       0x14 zephyr/drivers/timer/libdrivers__timer.a(nrf_rtc_timer.c.obj)
                0x00014dd8                sys_clock_elapsed
 .text.k_sys_fatal_error_handler
                0x00014dec       0x14 modules/nrf/lib/fatal_error/lib..__nrf__lib__fatal_error.a(fatal_error.c.obj)
                0x00014dec                k_sys_fatal_error_handler
 .text.check_ext_api_requests
                0x00014e00       0x9c modules/nrf/subsys/fw_info/lib..__nrf__subsys__fw_info.a(fw_info.c.obj)
 .text.nrf53_errata_42
                0x00014e9c       0x28 modules/hal_nordic/nrfx/libmodules__hal_nordic__nrfx.a(system_nrf5340_application.c.obj)
 .text.SystemCoreClockUpdate
                0x00014ec4       0x20 modules/hal_nordic/nrfx/libmodules__hal_nordic__nrfx.a(system_nrf5340_application.c.obj)
                0x00014ec4                SystemCoreClockUpdate
 .text.SystemInit
                0x00014ee4      0x128 modules/hal_nordic/nrfx/libmodules__hal_nordic__nrfx.a(system_nrf5340_application.c.obj)
                0x00014ee4                SystemInit
 .text.nrfx_clock_init
                0x0001500c       0x40 modules/hal_nordic/nrfx/libmodules__hal_nordic__nrfx.a(nrfx_clock.c.obj)
                0x0001500c                nrfx_clock_init
 .text.nrfx_clock_enable
                0x0001504c       0x44 modules/hal_nordic/nrfx/libmodules__hal_nordic__nrfx.a(nrfx_clock.c.obj)
                0x0001504c                nrfx_clock_enable
 .text.nrfx_clock_start
                0x00015090       0xec modules/hal_nordic/nrfx/libmodules__hal_nordic__nrfx.a(nrfx_clock.c.obj)
                0x00015090                nrfx_clock_start
 .text.nrfx_clock_stop
                0x0001517c      0x138 modules/hal_nordic/nrfx/libmodules__hal_nordic__nrfx.a(nrfx_clock.c.obj)
                0x0001517c                nrfx_clock_stop
 .text.nrfx_power_clock_irq_handler
                0x000152b4       0xb0 modules/hal_nordic/nrfx/libmodules__hal_nordic__nrfx.a(nrfx_clock.c.obj)
                0x000152b4                nrfx_power_clock_irq_handler
 .text.z_sys_init_run_level
                0x00015364       0x40 zephyr/kernel/libkernel.a(device.c.obj)
                0x00015364                z_sys_init_run_level
 .text.z_fatal_error
                0x000153a4       0xb8 zephyr/kernel/libkernel.a(fatal.c.obj)
                0x000153a4                z_fatal_error
 .text.init_idle_thread
                0x0001545c       0x54 zephyr/kernel/libkernel.a(init.c.obj)
 .text.bg_thread_main
                0x000154b0       0x34 zephyr/kernel/libkernel.a(init.c.obj)
 .text.z_bss_zero
                0x000154e4       0x14 zephyr/kernel/libkernel.a(init.c.obj)
                0x000154e4                z_bss_zero
 .text.z_cstart
                0x000154f8       0xfc zephyr/kernel/libkernel.a(init.c.obj)
                0x000154f8                z_cstart
 .text.init_mem_slab_module
                0x000155f4       0x68 zephyr/kernel/libkernel.a(mem_slab.c.obj)
 .text.k_mem_slab_alloc
                0x0001565c       0xb4 zephyr/kernel/libkernel.a(mem_slab.c.obj)
                0x0001565c                k_mem_slab_alloc
 .text.k_mem_slab_free
                0x00015710       0xa4 zephyr/kernel/libkernel.a(mem_slab.c.obj)
                0x00015710                k_mem_slab_free
 .text.z_setup_new_thread
                0x000157b4       0xa8 zephyr/kernel/libkernel.a(thread.c.obj)
                0x000157b4                z_setup_new_thread
 .text.z_init_static_threads
                0x0001585c      0x100 zephyr/kernel/libkernel.a(thread.c.obj)
                0x0001585c                z_init_static_threads
 .text.z_spin_lock_valid
                0x0001595c       0x1c zephyr/kernel/libkernel.a(thread.c.obj)
                0x0001595c                z_spin_lock_valid
 .text.z_spin_unlock_valid
                0x00015978       0x1c zephyr/kernel/libkernel.a(thread.c.obj)
                0x00015978                z_spin_unlock_valid
 .text.z_spin_lock_set_owner
                0x00015994       0x10 zephyr/kernel/libkernel.a(thread.c.obj)
                0x00015994                z_spin_lock_set_owner
 .text.idle     0x000159a4       0x50 zephyr/kernel/libkernel.a(idle.c.obj)
                0x000159a4                idle
 .text.z_impl_k_mutex_lock
                0x000159f4      0x1b0 zephyr/kernel/libkernel.a(mutex.c.obj)
                0x000159f4                z_impl_k_mutex_lock
 .text.z_impl_k_mutex_unlock
                0x00015ba4      0x138 zephyr/kernel/libkernel.a(mutex.c.obj)
                0x00015ba4                z_impl_k_mutex_unlock
 .text.z_impl_k_sem_give
                0x00015cdc       0x6c zephyr/kernel/libkernel.a(sem.c.obj)
                0x00015cdc                z_impl_k_sem_give
 .text.z_impl_k_sem_take
                0x00015d48       0xd4 zephyr/kernel/libkernel.a(sem.c.obj)
                0x00015d48                z_impl_k_sem_take
 .text.z_reset_time_slice
                0x00015e1c       0x2c zephyr/kernel/libkernel.a(sched.c.obj)
                0x00015e1c                z_reset_time_slice
 .text.k_sched_time_slice_set
                0x00015e48       0xa8 zephyr/kernel/libkernel.a(sched.c.obj)
                0x00015e48                k_sched_time_slice_set
 .text.z_reschedule
                0x00015ef0       0x6c zephyr/kernel/libkernel.a(sched.c.obj)
                0x00015ef0                z_reschedule
 .text.k_sched_lock
                0x00015f5c       0xa8 zephyr/kernel/libkernel.a(sched.c.obj)
                0x00015f5c                k_sched_lock
 .text.z_priq_dumb_remove
                0x00016004       0x3c zephyr/kernel/libkernel.a(sched.c.obj)
                0x00016004                z_priq_dumb_remove
 .text.unpend_thread_no_timeout
                0x00016040       0x3c zephyr/kernel/libkernel.a(sched.c.obj)
 .text.update_cache
                0x0001607c       0x60 zephyr/kernel/libkernel.a(sched.c.obj)
 .text.move_thread_to_end_of_prio_q
                0x000160dc       0xa8 zephyr/kernel/libkernel.a(sched.c.obj)
 .text.z_time_slice
                0x00016184       0xcc zephyr/kernel/libkernel.a(sched.c.obj)
                0x00016184                z_time_slice
 .text.ready_thread
                0x00016250       0x9c zephyr/kernel/libkernel.a(sched.c.obj)
 .text.z_ready_thread
                0x000162ec       0x6c zephyr/kernel/libkernel.a(sched.c.obj)
                0x000162ec                z_ready_thread
 .text.z_sched_start
                0x00016358       0x84 zephyr/kernel/libkernel.a(sched.c.obj)
                0x00016358                z_sched_start
 .text.z_thread_timeout
                0x000163dc       0x90 zephyr/kernel/libkernel.a(sched.c.obj)
                0x000163dc                z_thread_timeout
 .text.unready_thread
                0x0001646c       0x38 zephyr/kernel/libkernel.a(sched.c.obj)
 .text.add_to_waitq_locked
                0x000164a4       0x80 zephyr/kernel/libkernel.a(sched.c.obj)
 .text.pend     0x00016524       0x98 zephyr/kernel/libkernel.a(sched.c.obj)
 .text.z_pend_curr
                0x000165bc       0x4c zephyr/kernel/libkernel.a(sched.c.obj)
                0x000165bc                z_pend_curr
 .text.z_set_prio
                0x00016608      0x110 zephyr/kernel/libkernel.a(sched.c.obj)
                0x00016608                z_set_prio
 .text.z_impl_k_thread_suspend
                0x00016718       0xb0 zephyr/kernel/libkernel.a(sched.c.obj)
                0x00016718                z_impl_k_thread_suspend
 .text.k_sched_unlock
                0x000167c8       0xb8 zephyr/kernel/libkernel.a(sched.c.obj)
                0x000167c8                k_sched_unlock
 .text.z_unpend_first_thread
                0x00016880       0x7c zephyr/kernel/libkernel.a(sched.c.obj)
                0x00016880                z_unpend_first_thread
 .text.z_sched_init
                0x000168fc       0x18 zephyr/kernel/libkernel.a(sched.c.obj)
                0x000168fc                z_sched_init
 .text.z_impl_k_yield
                0x00016914      0x10c zephyr/kernel/libkernel.a(sched.c.obj)
                0x00016914                z_impl_k_yield
 .text.z_tick_sleep
                0x00016a20      0x11c zephyr/kernel/libkernel.a(sched.c.obj)
 .text.z_impl_k_sleep
                0x00016b3c       0x60 zephyr/kernel/libkernel.a(sched.c.obj)
                0x00016b3c                z_impl_k_sleep
 .text.z_impl_z_current_get
                0x00016b9c        0xc zephyr/kernel/libkernel.a(sched.c.obj)
                0x00016b9c                z_impl_z_current_get
 .text.z_thread_abort
                0x00016ba8      0x128 zephyr/kernel/libkernel.a(sched.c.obj)
                0x00016ba8                z_thread_abort
 .text.z_data_copy
                0x00016cd0       0x34 zephyr/kernel/libkernel.a(xip.c.obj)
                0x00016cd0                z_data_copy
 .text.elapsed  0x00016d04       0x14 zephyr/kernel/libkernel.a(timeout.c.obj)
 .text.remove_timeout
                0x00016d18       0x34 zephyr/kernel/libkernel.a(timeout.c.obj)
 .text.next_timeout
                0x00016d4c       0x58 zephyr/kernel/libkernel.a(timeout.c.obj)
 .text.z_add_timeout
                0x00016da4      0x174 zephyr/kernel/libkernel.a(timeout.c.obj)
                0x00016da4                z_add_timeout
 .text.z_abort_timeout
                0x00016f18       0x78 zephyr/kernel/libkernel.a(timeout.c.obj)
                0x00016f18                z_abort_timeout
 .text.z_get_next_timeout_expiry
                0x00016f90       0x6c zephyr/kernel/libkernel.a(timeout.c.obj)
                0x00016f90                z_get_next_timeout_expiry
 .text.z_set_timeout_expiry
                0x00016ffc       0x7c zephyr/kernel/libkernel.a(timeout.c.obj)
                0x00016ffc                z_set_timeout_expiry
 .text.sys_clock_announce
                0x00017078      0x168 zephyr/kernel/libkernel.a(timeout.c.obj)
                0x00017078                sys_clock_announce
 .text.sys_clock_tick_get
                0x000171e0       0x7c zephyr/kernel/libkernel.a(timeout.c.obj)
                0x000171e0                sys_clock_tick_get
 .text.boot_banner
                0x0001725c       0x18 zephyr/kernel/libkernel.a(banner.c.obj)
                0x0001725c                boot_banner
 .text.ocrypto_aes_ctr_init
                0x00017274       0x28 C:/Users/Administrador/ncs/v1.8.0/nrfxlib/crypto/nrf_oberon/lib/cortex-m33/soft-float/liboberon_3.0.8.a(ocrypto_aes_ctr.c.obj)
                0x00017274                ocrypto_aes_ctr_init
 .text.ocrypto_aes_ctr_decrypt
                0x0001729c      0x124 C:/Users/Administrador/ncs/v1.8.0/nrfxlib/crypto/nrf_oberon/lib/cortex-m33/soft-float/liboberon_3.0.8.a(ocrypto_aes_ctr.c.obj)
                0x0001729c                ocrypto_aes_ctr_decrypt
 .text.sha256_blocks
                0x000173c0      0x180 C:/Users/Administrador/ncs/v1.8.0/nrfxlib/crypto/nrf_oberon/lib/cortex-m33/soft-float/liboberon_3.0.8.a(ocrypto_sha256.c.obj)
 .text.sha256_blocks.constprop.0
                0x00017540      0x120 C:/Users/Administrador/ncs/v1.8.0/nrfxlib/crypto/nrf_oberon/lib/cortex-m33/soft-float/liboberon_3.0.8.a(ocrypto_sha256.c.obj)
 .text.nrf_cc3xx_platform_init
                0x00017660       0x44 C:/Users/Administrador/ncs/v1.8.0/nrfxlib/crypto/nrf_cc312_platform/lib/cortex-m33/soft-float/no-interrupts/libnrf_cc312_platform_0.9.12.a(nrf_cc3xx_platform.c.obj)
                0x00017660                nrf_cc3xx_platform_init
 .text.nrf_cc3xx_platform_abort
                0x000176a4       0x24 C:/Users/Administrador/ncs/v1.8.0/nrfxlib/crypto/nrf_cc312_platform/lib/cortex-m33/soft-float/no-interrupts/libnrf_cc312_platform_0.9.12.a(nrf_cc3xx_platform_abort.c.obj)
 .text.CC_PalAbort
                0x000176c8       0x40 C:/Users/Administrador/ncs/v1.8.0/nrfxlib/crypto/nrf_cc312_platform/lib/cortex-m33/soft-float/no-interrupts/libnrf_cc312_platform_0.9.12.a(nrf_cc3xx_platform_abort.c.obj)
                0x000176c8                CC_PalAbort
 .text.nrf_cc3xx_platform_set_abort
                0x00017708       0x10 C:/Users/Administrador/ncs/v1.8.0/nrfxlib/crypto/nrf_cc312_platform/lib/cortex-m33/soft-float/no-interrupts/libnrf_cc312_platform_0.9.12.a(nrf_cc3xx_platform_abort.c.obj)
                0x00017708                nrf_cc3xx_platform_set_abort
 .text.nrf_cc3xx_platform_ctr_drbg_init
                0x00017718       0x68 C:/Users/Administrador/ncs/v1.8.0/nrfxlib/crypto/nrf_cc312_platform/lib/cortex-m33/soft-float/no-interrupts/libnrf_cc312_platform_0.9.12.a(nrf_cc3xx_platform_ctr_drbg.c.obj)
                0x00017718                nrf_cc3xx_platform_ctr_drbg_init
 .text.nrf_cc3xx_platform_ctr_drbg_get
                0x00017780       0x44 C:/Users/Administrador/ncs/v1.8.0/nrfxlib/crypto/nrf_cc312_platform/lib/cortex-m33/soft-float/no-interrupts/libnrf_cc312_platform_0.9.12.a(nrf_cc3xx_platform_ctr_drbg.c.obj)
                0x00017780                nrf_cc3xx_platform_ctr_drbg_get
 .text.mutex_free
                0x000177c4       0x28 C:/Users/Administrador/ncs/v1.8.0/nrfxlib/crypto/nrf_cc312_platform/lib/cortex-m33/soft-float/no-interrupts/libnrf_cc312_platform_0.9.12.a(nrf_cc3xx_platform_mutex.c.obj)
 .text.mutex_unlock
                0x000177ec       0x2c C:/Users/Administrador/ncs/v1.8.0/nrfxlib/crypto/nrf_cc312_platform/lib/cortex-m33/soft-float/no-interrupts/libnrf_cc312_platform_0.9.12.a(nrf_cc3xx_platform_mutex.c.obj)
 .text.mutex_init
                0x00017818       0x1c C:/Users/Administrador/ncs/v1.8.0/nrfxlib/crypto/nrf_cc312_platform/lib/cortex-m33/soft-float/no-interrupts/libnrf_cc312_platform_0.9.12.a(nrf_cc3xx_platform_mutex.c.obj)
 .text.mutex_lock
                0x00017834       0x3c C:/Users/Administrador/ncs/v1.8.0/nrfxlib/crypto/nrf_cc312_platform/lib/cortex-m33/soft-float/no-interrupts/libnrf_cc312_platform_0.9.12.a(nrf_cc3xx_platform_mutex.c.obj)
 .text.nrf_cc3xx_platform_set_mutexes
                0x00017870       0x64 C:/Users/Administrador/ncs/v1.8.0/nrfxlib/crypto/nrf_cc312_platform/lib/cortex-m33/soft-float/no-interrupts/libnrf_cc312_platform_0.9.12.a(nrf_cc3xx_platform_mutex.c.obj)
                0x00017870                nrf_cc3xx_platform_set_mutexes
 .text.entropy_update
                0x000178d4       0x7c C:/Users/Administrador/ncs/v1.8.0/nrfxlib/crypto/nrf_cc312_platform/lib/cortex-m33/soft-float/no-interrupts/libnrf_cc312_platform_0.9.12.a(entropy.c.obj)
 .text.entropy_gather_internal.part.0
                0x00017950       0x78 C:/Users/Administrador/ncs/v1.8.0/nrfxlib/crypto/nrf_cc312_platform/lib/cortex-m33/soft-float/no-interrupts/libnrf_cc312_platform_0.9.12.a(entropy.c.obj)
 .text.cc_mbedtls_entropy_init
                0x000179c8       0x80 C:/Users/Administrador/ncs/v1.8.0/nrfxlib/crypto/nrf_cc312_platform/lib/cortex-m33/soft-float/no-interrupts/libnrf_cc312_platform_0.9.12.a(entropy.c.obj)
                0x000179c8                cc_mbedtls_entropy_init
 .text.cc_mbedtls_entropy_func
                0x00017a48      0x10c C:/Users/Administrador/ncs/v1.8.0/nrfxlib/crypto/nrf_cc312_platform/lib/cortex-m33/soft-float/no-interrupts/libnrf_cc312_platform_0.9.12.a(entropy.c.obj)
                0x00017a48                cc_mbedtls_entropy_func
 .text.RndStartupTest.constprop.0
                0x00017b54       0xac C:/Users/Administrador/ncs/v1.8.0/nrfxlib/crypto/nrf_cc312_platform/lib/cortex-m33/soft-float/no-interrupts/libnrf_cc312_platform_0.9.12.a(cc_lib.c.obj)
 .text.CC_LibInit
                0x00017c00       0x5c C:/Users/Administrador/ncs/v1.8.0/nrfxlib/crypto/nrf_cc312_platform/lib/cortex-m33/soft-float/no-interrupts/libnrf_cc312_platform_0.9.12.a(cc_lib.c.obj)
                0x00017c00                CC_LibInit
 .text.CC_HalInit
                0x00017c5c        0x4 C:/Users/Administrador/ncs/v1.8.0/nrfxlib/crypto/nrf_cc312_platform/lib/cortex-m33/soft-float/no-interrupts/libnrf_cc312_platform_0.9.12.a(cc_hal.c.obj)
                0x00017c5c                CC_HalInit
 .text.CC_HalClearInterruptBit
                0x00017c60       0x1c C:/Users/Administrador/ncs/v1.8.0/nrfxlib/crypto/nrf_cc312_platform/lib/cortex-m33/soft-float/no-interrupts/libnrf_cc312_platform_0.9.12.a(cc_hal.c.obj)
                0x00017c60                CC_HalClearInterruptBit
 .text.CC_HalMaskInterrupt
                0x00017c7c        0xc C:/Users/Administrador/ncs/v1.8.0/nrfxlib/crypto/nrf_cc312_platform/lib/cortex-m33/soft-float/no-interrupts/libnrf_cc312_platform_0.9.12.a(cc_hal.c.obj)
                0x00017c7c                CC_HalMaskInterrupt
 .text.CC_HalWaitInterrupt
                0x00017c88        0xc C:/Users/Administrador/ncs/v1.8.0/nrfxlib/crypto/nrf_cc312_platform/lib/cortex-m33/soft-float/no-interrupts/libnrf_cc312_platform_0.9.12.a(cc_hal.c.obj)
                0x00017c88                CC_HalWaitInterrupt
 .text.CC_HalWaitInterruptRND
                0x00017c94        0xc C:/Users/Administrador/ncs/v1.8.0/nrfxlib/crypto/nrf_cc312_platform/lib/cortex-m33/soft-float/no-interrupts/libnrf_cc312_platform_0.9.12.a(cc_hal.c.obj)
                0x00017c94                CC_HalWaitInterruptRND
 .text.CC_PalInit
                0x00017ca0       0x5c C:/Users/Administrador/ncs/v1.8.0/nrfxlib/crypto/nrf_cc312_platform/lib/cortex-m33/soft-float/no-interrupts/libnrf_cc312_platform_0.9.12.a(cc_pal.c.obj)
                0x00017ca0                CC_PalInit
 .text.CC_PalTerminate
                0x00017cfc       0x34 C:/Users/Administrador/ncs/v1.8.0/nrfxlib/crypto/nrf_cc312_platform/lib/cortex-m33/soft-float/no-interrupts/libnrf_cc312_platform_0.9.12.a(cc_pal.c.obj)
                0x00017cfc                CC_PalTerminate
 .text.CC_PalDmaInit
                0x00017d30        0x4 C:/Users/Administrador/ncs/v1.8.0/nrfxlib/crypto/nrf_cc312_platform/lib/cortex-m33/soft-float/no-interrupts/libnrf_cc312_platform_0.9.12.a(cc_pal_dma.c.obj)
                0x00017d30                CC_PalDmaInit
 .text.CC_PalDmaTerminate
                0x00017d34        0x4 C:/Users/Administrador/ncs/v1.8.0/nrfxlib/crypto/nrf_cc312_platform/lib/cortex-m33/soft-float/no-interrupts/libnrf_cc312_platform_0.9.12.a(cc_pal_dma.c.obj)
                0x00017d34                CC_PalDmaTerminate
 .text.CC_PalWaitInterruptRND
                0x00017d38       0x40 C:/Users/Administrador/ncs/v1.8.0/nrfxlib/crypto/nrf_cc312_platform/lib/cortex-m33/soft-float/no-interrupts/libnrf_cc312_platform_0.9.12.a(cc_pal_interrupt_ctrl.c.obj)
                0x00017d38                CC_PalWaitInterruptRND
 .text.CC_PalWaitInterrupt
                0x00017d78       0x28 C:/Users/Administrador/ncs/v1.8.0/nrfxlib/crypto/nrf_cc312_platform/lib/cortex-m33/soft-float/no-interrupts/libnrf_cc312_platform_0.9.12.a(cc_pal_interrupt_ctrl.c.obj)
                0x00017d78                CC_PalWaitInterrupt
 .text.CC_PalMutexCreate
                0x00017da0       0x14 C:/Users/Administrador/ncs/v1.8.0/nrfxlib/crypto/nrf_cc312_platform/lib/cortex-m33/soft-float/no-interrupts/libnrf_cc312_platform_0.9.12.a(cc_pal_mutex.c.obj)
                0x00017da0                CC_PalMutexCreate
 .text.CC_PalMutexDestroy
                0x00017db4       0x14 C:/Users/Administrador/ncs/v1.8.0/nrfxlib/crypto/nrf_cc312_platform/lib/cortex-m33/soft-float/no-interrupts/libnrf_cc312_platform_0.9.12.a(cc_pal_mutex.c.obj)
                0x00017db4                CC_PalMutexDestroy
 .text.CC_PalMutexLock
                0x00017dc8       0x10 C:/Users/Administrador/ncs/v1.8.0/nrfxlib/crypto/nrf_cc312_platform/lib/cortex-m33/soft-float/no-interrupts/libnrf_cc312_platform_0.9.12.a(cc_pal_mutex.c.obj)
                0x00017dc8                CC_PalMutexLock
 .text.CC_PalMutexUnlock
                0x00017dd8       0x14 C:/Users/Administrador/ncs/v1.8.0/nrfxlib/crypto/nrf_cc312_platform/lib/cortex-m33/soft-float/no-interrupts/libnrf_cc312_platform_0.9.12.a(cc_pal_mutex.c.obj)
                0x00017dd8                CC_PalMutexUnlock
 .text.CC_PalPowerSaveModeInit
                0x00017dec       0x3c C:/Users/Administrador/ncs/v1.8.0/nrfxlib/crypto/nrf_cc312_platform/lib/cortex-m33/soft-float/no-interrupts/libnrf_cc312_platform_0.9.12.a(cc_pal_pm.c.obj)
                0x00017dec                CC_PalPowerSaveModeInit
 .text.CC_PalPowerSaveModeSelect
                0x00017e28       0x84 C:/Users/Administrador/ncs/v1.8.0/nrfxlib/crypto/nrf_cc312_platform/lib/cortex-m33/soft-float/no-interrupts/libnrf_cc312_platform_0.9.12.a(cc_pal_pm.c.obj)
                0x00017e28                CC_PalPowerSaveModeSelect
 .text.mutex_init
                0x00017eac        0xc C:/Users/Administrador/ncs/v1.8.0/nrfxlib/crypto/nrf_cc312_platform/lib/cortex-m33/soft-float/no-interrupts/libnrf_cc312_platform_0.9.12.a(threading_alt.c.obj)
                0x00017eac                mutex_init
 .text.mutex_lock
                0x00017eb8        0xc C:/Users/Administrador/ncs/v1.8.0/nrfxlib/crypto/nrf_cc312_platform/lib/cortex-m33/soft-float/no-interrupts/libnrf_cc312_platform_0.9.12.a(threading_alt.c.obj)
                0x00017eb8                mutex_lock
 .text.mutex_unlock
                0x00017ec4        0xc C:/Users/Administrador/ncs/v1.8.0/nrfxlib/crypto/nrf_cc312_platform/lib/cortex-m33/soft-float/no-interrupts/libnrf_cc312_platform_0.9.12.a(threading_alt.c.obj)
                0x00017ec4                mutex_unlock
 .text.startTrngHW
                0x00017ed0      0x134 C:/Users/Administrador/ncs/v1.8.0/nrfxlib/crypto/nrf_cc312_platform/lib/cortex-m33/soft-float/no-interrupts/libnrf_cc312_platform_0.9.12.a(llf_rnd_trng90b.c.obj)
 .text.LLF_RND_RepetitionCounterTest.part.0
                0x00018004       0x58 C:/Users/Administrador/ncs/v1.8.0/nrfxlib/crypto/nrf_cc312_platform/lib/cortex-m33/soft-float/no-interrupts/libnrf_cc312_platform_0.9.12.a(llf_rnd_trng90b.c.obj)
 .text.LLF_RND_AdaptiveProportionTest
                0x0001805c       0xcc C:/Users/Administrador/ncs/v1.8.0/nrfxlib/crypto/nrf_cc312_platform/lib/cortex-m33/soft-float/no-interrupts/libnrf_cc312_platform_0.9.12.a(llf_rnd_trng90b.c.obj)
                0x0001805c                LLF_RND_AdaptiveProportionTest
 .text.getTrngSource
                0x00018128      0x2c8 C:/Users/Administrador/ncs/v1.8.0/nrfxlib/crypto/nrf_cc312_platform/lib/cortex-m33/soft-float/no-interrupts/libnrf_cc312_platform_0.9.12.a(llf_rnd_trng90b.c.obj)
 .text.LLF_RND_GetTrngSource
                0x000183f0       0x18 C:/Users/Administrador/ncs/v1.8.0/nrfxlib/crypto/nrf_cc312_platform/lib/cortex-m33/soft-float/no-interrupts/libnrf_cc312_platform_0.9.12.a(llf_rnd_trng90b.c.obj)
                0x000183f0                LLF_RND_GetTrngSource
 .text.LLF_RND_RunTrngStartupTest
                0x00018408       0x1c C:/Users/Administrador/ncs/v1.8.0/nrfxlib/crypto/nrf_cc312_platform/lib/cortex-m33/soft-float/no-interrupts/libnrf_cc312_platform_0.9.12.a(llf_rnd_trng90b.c.obj)
                0x00018408                LLF_RND_RunTrngStartupTest
 .text.mbedtls_platform_zeroize
                0x00018424       0x14 C:/Users/Administrador/ncs/v1.8.0/nrfxlib/crypto/nrf_cc312_platform/lib/cortex-m33/soft-float/no-interrupts/libnrf_cc312_platform_0.9.12.a(mbedtls_common.c.obj)
                0x00018424                mbedtls_platform_zeroize
 .text.mbedtls_hardware_poll
                0x00018438      0x10c C:/Users/Administrador/ncs/v1.8.0/nrfxlib/crypto/nrf_cc312_platform/lib/cortex-m33/soft-float/no-interrupts/libnrf_cc312_platform_0.9.12.a(trng_api.c.obj)
                0x00018438                mbedtls_hardware_poll
 .text.cc_mbedtls_sha256_init
                0x00018544       0x28 C:/Users/Administrador/ncs/v1.8.0/nrfxlib/crypto/nrf_cc312_platform/lib/cortex-m33/soft-float/no-interrupts/libnrf_cc312_platform_0.9.12.a(sha256_alt.c.obj)
                0x00018544                cc_mbedtls_sha256_init
 .text.cc_mbedtls_sha256_free
                0x0001856c        0xc C:/Users/Administrador/ncs/v1.8.0/nrfxlib/crypto/nrf_cc312_platform/lib/cortex-m33/soft-float/no-interrupts/libnrf_cc312_platform_0.9.12.a(sha256_alt.c.obj)
                0x0001856c                cc_mbedtls_sha256_free
 .text.cc_mbedtls_sha256_starts_ret
                0x00018578       0x28 C:/Users/Administrador/ncs/v1.8.0/nrfxlib/crypto/nrf_cc312_platform/lib/cortex-m33/soft-float/no-interrupts/libnrf_cc312_platform_0.9.12.a(sha256_alt.c.obj)
                0x00018578                cc_mbedtls_sha256_starts_ret
 .text.cc_mbedtls_sha256_update_ret
                0x000185a0       0x10 C:/Users/Administrador/ncs/v1.8.0/nrfxlib/crypto/nrf_cc312_platform/lib/cortex-m33/soft-float/no-interrupts/libnrf_cc312_platform_0.9.12.a(sha256_alt.c.obj)
                0x000185a0                cc_mbedtls_sha256_update_ret
 .text.cc_mbedtls_sha256_finish_ret
                0x000185b0       0x48 C:/Users/Administrador/ncs/v1.8.0/nrfxlib/crypto/nrf_cc312_platform/lib/cortex-m33/soft-float/no-interrupts/libnrf_cc312_platform_0.9.12.a(sha256_alt.c.obj)
                0x000185b0                cc_mbedtls_sha256_finish_ret
 .text.mbedtls_sha_starts_internal
                0x000185f8       0x28 C:/Users/Administrador/ncs/v1.8.0/nrfxlib/crypto/nrf_cc312_platform/lib/cortex-m33/soft-float/no-interrupts/libnrf_cc312_platform_0.9.12.a(mbedtls_hash_common.c.obj)
                0x000185f8                mbedtls_sha_starts_internal
 .text.mbedtls_sha_finish_internal
                0x00018620       0x5c C:/Users/Administrador/ncs/v1.8.0/nrfxlib/crypto/nrf_cc312_platform/lib/cortex-m33/soft-float/no-interrupts/libnrf_cc312_platform_0.9.12.a(mbedtls_hash_common.c.obj)
                0x00018620                mbedtls_sha_finish_internal
 .text.mbedtls_sha_update_internal
                0x0001867c       0xe4 C:/Users/Administrador/ncs/v1.8.0/nrfxlib/crypto/nrf_cc312_platform/lib/cortex-m33/soft-float/no-interrupts/libnrf_cc312_platform_0.9.12.a(mbedtls_hash_common.c.obj)
                0x0001867c                mbedtls_sha_update_internal
 .text.block_cipher_df
                0x00018760      0x280 C:/Users/Administrador/ncs/v1.8.0/nrfxlib/crypto/nrf_cc312_platform/lib/cortex-m33/soft-float/no-interrupts/libnrf_cc312_platform_0.9.12.a(ctr_drbg.c.obj)
 .text.ctr_drbg_update_internal
                0x000189e0      0x168 C:/Users/Administrador/ncs/v1.8.0/nrfxlib/crypto/nrf_cc312_platform/lib/cortex-m33/soft-float/no-interrupts/libnrf_cc312_platform_0.9.12.a(ctr_drbg.c.obj)
 .text.mbedtls_ctr_drbg_reseed_internal
                0x00018b48       0xc8 C:/Users/Administrador/ncs/v1.8.0/nrfxlib/crypto/nrf_cc312_platform/lib/cortex-m33/soft-float/no-interrupts/libnrf_cc312_platform_0.9.12.a(ctr_drbg.c.obj)
 .text.cc_mbedtls_ctr_drbg_init
                0x00018c10       0x24 C:/Users/Administrador/ncs/v1.8.0/nrfxlib/crypto/nrf_cc312_platform/lib/cortex-m33/soft-float/no-interrupts/libnrf_cc312_platform_0.9.12.a(ctr_drbg.c.obj)
                0x00018c10                cc_mbedtls_ctr_drbg_init
 .text.cc_mbedtls_ctr_drbg_seed
                0x00018c34       0xa4 C:/Users/Administrador/ncs/v1.8.0/nrfxlib/crypto/nrf_cc312_platform/lib/cortex-m33/soft-float/no-interrupts/libnrf_cc312_platform_0.9.12.a(ctr_drbg.c.obj)
                0x00018c34                cc_mbedtls_ctr_drbg_seed
 .text.cc_mbedtls_ctr_drbg_random_with_add
                0x00018cd8      0x1e8 C:/Users/Administrador/ncs/v1.8.0/nrfxlib/crypto/nrf_cc312_platform/lib/cortex-m33/soft-float/no-interrupts/libnrf_cc312_platform_0.9.12.a(ctr_drbg.c.obj)
                0x00018cd8                cc_mbedtls_ctr_drbg_random_with_add
 .text.cc_mbedtls_sha256_ret
                0x00018ec0       0x50 C:/Users/Administrador/ncs/v1.8.0/nrfxlib/crypto/nrf_cc312_platform/lib/cortex-m33/soft-float/no-interrupts/libnrf_cc312_platform_0.9.12.a(sha256.c.obj)
                0x00018ec0                cc_mbedtls_sha256_ret
 .text.RNG_PLAT_SetUserRngParameters
                0x00018f10       0x7c C:/Users/Administrador/ncs/v1.8.0/nrfxlib/crypto/nrf_cc312_platform/lib/cortex-m33/soft-float/no-interrupts/libnrf_cc312_platform_0.9.12.a(cc_rng_plat.c.obj)
                0x00018f10                RNG_PLAT_SetUserRngParameters
 .text.CC_PalMemCopyPlat
                0x00018f8c        0x4 C:/Users/Administrador/ncs/v1.8.0/nrfxlib/crypto/nrf_cc312_platform/lib/cortex-m33/soft-float/no-interrupts/libnrf_cc312_platform_0.9.12.a(cc_pal_mem.c.obj)
                0x00018f8c                CC_PalMemCopyPlat
 .text.CC_PalMemSetPlat
                0x00018f90        0x4 C:/Users/Administrador/ncs/v1.8.0/nrfxlib/crypto/nrf_cc312_platform/lib/cortex-m33/soft-float/no-interrupts/libnrf_cc312_platform_0.9.12.a(cc_pal_mem.c.obj)
                0x00018f90                CC_PalMemSetPlat
 .text.CC_PalMemSetZeroPlat
                0x00018f94        0x8 C:/Users/Administrador/ncs/v1.8.0/nrfxlib/crypto/nrf_cc312_platform/lib/cortex-m33/soft-float/no-interrupts/libnrf_cc312_platform_0.9.12.a(cc_pal_mem.c.obj)
                0x00018f94                CC_PalMemSetZeroPlat
 .text.CC_PalTrngParamGet
                0x00018f9c       0xa8 C:/Users/Administrador/ncs/v1.8.0/nrfxlib/crypto/nrf_cc312_platform/lib/cortex-m33/soft-float/no-interrupts/libnrf_cc312_platform_0.9.12.a(cc_pal_trng.c.obj)
                0x00018f9c                CC_PalTrngParamGet
 .text.LLF_RND_WaitRngInterrupt
                0x00019044       0x20 C:/Users/Administrador/ncs/v1.8.0/nrfxlib/crypto/nrf_cc312_platform/lib/cortex-m33/soft-float/no-interrupts/libnrf_cc312_platform_0.9.12.a(llf_rnd.c.obj)
                0x00019044                LLF_RND_WaitRngInterrupt
 .text.LLF_RND_GetRoscSampleCnt
                0x00019064       0x3c C:/Users/Administrador/ncs/v1.8.0/nrfxlib/crypto/nrf_cc312_platform/lib/cortex-m33/soft-float/no-interrupts/libnrf_cc312_platform_0.9.12.a(llf_rnd.c.obj)
                0x00019064                LLF_RND_GetRoscSampleCnt
 .text.LLF_RND_GetFastestRosc
                0x000190a0       0x20 C:/Users/Administrador/ncs/v1.8.0/nrfxlib/crypto/nrf_cc312_platform/lib/cortex-m33/soft-float/no-interrupts/libnrf_cc312_platform_0.9.12.a(llf_rnd.c.obj)
                0x000190a0                LLF_RND_GetFastestRosc
 .text.LLF_RND_TurnOffTrng
                0x000190c0       0x2c C:/Users/Administrador/ncs/v1.8.0/nrfxlib/crypto/nrf_cc312_platform/lib/cortex-m33/soft-float/no-interrupts/libnrf_cc312_platform_0.9.12.a(llf_rnd.c.obj)
                0x000190c0                LLF_RND_TurnOffTrng
 .text.SetDataBuffersInfo
                0x000190ec       0x64 C:/Users/Administrador/ncs/v1.8.0/nrfxlib/crypto/nrf_cc312_platform/lib/cortex-m33/soft-float/no-interrupts/libnrf_cc312_platform_0.9.12.a(driver_common.c.obj)
                0x000190ec                SetDataBuffersInfo
 .text.InitHashDrv
                0x00019150       0x54 C:/Users/Administrador/ncs/v1.8.0/nrfxlib/crypto/nrf_cc312_platform/lib/cortex-m33/soft-float/no-interrupts/libnrf_cc312_platform_0.9.12.a(hash_driver.c.obj)
                0x00019150                InitHashDrv
 .text.ProcessHashDrv
                0x000191a4      0x23c C:/Users/Administrador/ncs/v1.8.0/nrfxlib/crypto/nrf_cc312_platform/lib/cortex-m33/soft-float/no-interrupts/libnrf_cc312_platform_0.9.12.a(hash_driver.c.obj)
                0x000191a4                ProcessHashDrv
 .text.FinishHashDrv
                0x000193e0       0x80 C:/Users/Administrador/ncs/v1.8.0/nrfxlib/crypto/nrf_cc312_platform/lib/cortex-m33/soft-float/no-interrupts/libnrf_cc312_platform_0.9.12.a(hash_driver.c.obj)
                0x000193e0                FinishHashDrv
 .text.cc_mbedtls_aes_init
                0x00019460       0x20 C:/Users/Administrador/ncs/v1.8.0/nrfxlib/crypto/nrf_cc312_platform/lib/cortex-m33/soft-float/no-interrupts/libnrf_cc312_platform_0.9.12.a(aes_alt.c.obj)
                0x00019460                cc_mbedtls_aes_init
 .text.cc_mbedtls_aes_free
                0x00019480        0xc C:/Users/Administrador/ncs/v1.8.0/nrfxlib/crypto/nrf_cc312_platform/lib/cortex-m33/soft-float/no-interrupts/libnrf_cc312_platform_0.9.12.a(aes_alt.c.obj)
                0x00019480                cc_mbedtls_aes_free
 .text.cc_mbedtls_aes_setkey_enc
                0x0001948c       0x44 C:/Users/Administrador/ncs/v1.8.0/nrfxlib/crypto/nrf_cc312_platform/lib/cortex-m33/soft-float/no-interrupts/libnrf_cc312_platform_0.9.12.a(aes_alt.c.obj)
                0x0001948c                cc_mbedtls_aes_setkey_enc
 .text.cc_mbedtls_aes_crypt_ecb
                0x000194d0       0x54 C:/Users/Administrador/ncs/v1.8.0/nrfxlib/crypto/nrf_cc312_platform/lib/cortex-m33/soft-float/no-interrupts/libnrf_cc312_platform_0.9.12.a(aes_alt.c.obj)
                0x000194d0                cc_mbedtls_aes_crypt_ecb
 .text.CC_PalDataBufferAttrGet
                0x00019524        0x8 C:/Users/Administrador/ncs/v1.8.0/nrfxlib/crypto/nrf_cc312_platform/lib/cortex-m33/soft-float/no-interrupts/libnrf_cc312_platform_0.9.12.a(cc_pal_buff_attr.c.obj)
                0x00019524                CC_PalDataBufferAttrGet
 .text.LoadAesKey
                0x0001952c      0x110 C:/Users/Administrador/ncs/v1.8.0/nrfxlib/crypto/nrf_cc312_platform/lib/cortex-m33/soft-float/no-interrupts/libnrf_cc312_platform_0.9.12.a(aes_driver.c.obj)
 .text.ProcessAesDrv
                0x0001963c      0x424 C:/Users/Administrador/ncs/v1.8.0/nrfxlib/crypto/nrf_cc312_platform/lib/cortex-m33/soft-float/no-interrupts/libnrf_cc312_platform_0.9.12.a(aes_driver.c.obj)
                0x0001963c                ProcessAesDrv
 .text.FinishAesDrv
                0x00019a60      0x2b8 C:/Users/Administrador/ncs/v1.8.0/nrfxlib/crypto/nrf_cc312_platform/lib/cortex-m33/soft-float/no-interrupts/libnrf_cc312_platform_0.9.12.a(aes_driver.c.obj)
                0x00019a60                FinishAesDrv
 .text.kmu_validate_slot_and_size
                0x00019d18       0x2c C:/Users/Administrador/ncs/v1.8.0/nrfxlib/crypto/nrf_cc312_platform/lib/cortex-m33/soft-float/no-interrupts/libnrf_cc312_platform_0.9.12.a(kmu_shared.c.obj)
                0x00019d18                kmu_validate_slot_and_size
 .text.kmu_validate_slot_and_size_no_kdr
                0x00019d44       0x2c C:/Users/Administrador/ncs/v1.8.0/nrfxlib/crypto/nrf_cc312_platform/lib/cortex-m33/soft-float/no-interrupts/libnrf_cc312_platform_0.9.12.a(kmu_shared.c.obj)
                0x00019d44                kmu_validate_slot_and_size_no_kdr
 .text.kmu_load_key_aes
                0x00019d70      0x3c4 C:/Users/Administrador/ncs/v1.8.0/nrfxlib/crypto/nrf_cc312_platform/lib/cortex-m33/soft-float/no-interrupts/libnrf_cc312_platform_0.9.12.a(kmu_shared.c.obj)
                0x00019d70                kmu_load_key_aes
 .text.kmu_derive_cmac
                0x0001a134      0x120 C:/Users/Administrador/ncs/v1.8.0/nrfxlib/crypto/nrf_cc312_platform/lib/cortex-m33/soft-float/no-interrupts/libnrf_cc312_platform_0.9.12.a(kmu_shared.c.obj)
                0x0001a134                kmu_derive_cmac
 .text.UtilCmacBuildDataForDerivation
                0x0001a254       0xb8 C:/Users/Administrador/ncs/v1.8.0/nrfxlib/crypto/nrf_cc312_platform/lib/cortex-m33/soft-float/no-interrupts/libnrf_cc312_platform_0.9.12.a(cc_util_cmac.c.obj)
                0x0001a254                UtilCmacBuildDataForDerivation
 .text.hash     0x0001a30c       0x1a app/libapp.a(main.c.obj)
                0x0001a30c                __acle_se_hash
 .text.aes128ctr
                0x0001a326       0x36 app/libapp.a(main.c.obj)
                0x0001a326                __acle_se_aes128ctr
 .text.main     0x0001a35c        0xe app/libapp.a(main.c.obj)
                0x0001a35c                main
 .text.sys_notify_validate
                0x0001a36a       0x22 zephyr/libzephyr.a(notify.c.obj)
                0x0001a36a                sys_notify_validate
 .text.arch_printk_char_out
                0x0001a38c        0x4 zephyr/libzephyr.a(printk.c.obj)
                0x0001a38c                arch_printk_char_out
 .text.printk   0x0001a390       0x1a zephyr/libzephyr.a(printk.c.obj)
                0x0001a390                printk
 .text.process_recheck
                0x0001a3aa       0x38 zephyr/libzephyr.a(onoff.c.obj)
 .text.notify_one
                0x0001a3e2       0x2c zephyr/libzephyr.a(onoff.c.obj)
 .text.validate_args
                0x0001a40e       0x1e zephyr/libzephyr.a(onoff.c.obj)
 .text.onoff_manager_init
                0x0001a42c       0x26 zephyr/libzephyr.a(onoff.c.obj)
                0x0001a42c                onoff_manager_init
 .text.z_thread_entry
                0x0001a452       0x14 zephyr/libzephyr.a(thread_entry.c.obj)
                0x0001a452                z_thread_entry
 .text.encode_uint
                0x0001a466       0x96 zephyr/libzephyr.a(cbprintf_complete.c.obj)
 .text.outs     0x0001a4fc       0x2c zephyr/libzephyr.a(cbprintf_complete.c.obj)
 .text.assert_post_action
                0x0001a528        0xe zephyr/libzephyr.a(assert.c.obj)
                0x0001a528                assert_post_action
 .text._ConfigAbsSyms
                0x0001a536        0x2 zephyr/libzephyr.a(configs.c.obj)
                0x0001a536                _ConfigAbsSyms
 .text.pm_power_state_exit_post_ops
                0x0001a538       0x16 zephyr/libzephyr.a(power.c.obj)
                0x0001a538                pm_power_state_exit_post_ops
 .text.z_log_minimal_printk
                0x0001a54e       0x1a zephyr/libzephyr.a(log_minimal.c.obj)
                0x0001a54e                z_log_minimal_printk
 .text.pm_policy_next_state
                0x0001a568        0xa zephyr/libzephyr.a(policy_residency.c.obj)
                0x0001a568                pm_policy_next_state
 .text.abort_function
                0x0001a572        0x8 zephyr/libzephyr.a(nrf_cc3xx_platform_abort_zephyr.c.obj)
 .text.z_do_kernel_oops
                0x0001a57a        0x8 zephyr/arch/arch/arm/core/aarch32/libarch__arm__core__aarch32.a(fatal.c.obj)
                0x0001a57a                z_do_kernel_oops
 .text.z_irq_spurious
                0x0001a582        0x8 zephyr/arch/arch/arm/core/aarch32/libarch__arm__core__aarch32.a(irq_manage.c.obj)
                0x0001a582                z_irq_spurious
 .text.irq_target_state_set
                0x0001a58a       0x5e zephyr/arch/arch/arm/core/aarch32/libarch__arm__core__aarch32.a(irq_manage.c.obj)
                0x0001a58a                irq_target_state_set
 .text.z_arm_nmi
                0x0001a5e8        0xe zephyr/arch/arch/arm/core/aarch32/libarch__arm__core__aarch32.a(nmi.c.obj)
                0x0001a5e8                z_arm_nmi
 .text.configure_builtin_stack_guard
                0x0001a5f6        0x8 zephyr/arch/arch/arm/core/aarch32/libarch__arm__core__aarch32.a(thread.c.obj)
                0x0001a5f6                configure_builtin_stack_guard
 .text.arm_cmse_mpu_region_get
                0x0001a5fe       0x12 zephyr/arch/arch/arm/core/aarch32/cortex_m/cmse/libarch__arm__core__aarch32__cortex_m__cmse.a(arm_core_cmse.c.obj)
                0x0001a5fe                arm_cmse_mpu_region_get
 .text.arm_cmse_addr_is_secure
                0x0001a610        0xa zephyr/arch/arch/arm/core/aarch32/cortex_m/cmse/libarch__arm__core__aarch32__cortex_m__cmse.a(arm_core_cmse.c.obj)
                0x0001a610                arm_cmse_addr_is_secure
 .text.strlen   0x0001a61a        0xe zephyr/lib/libc/minimal/liblib__libc__minimal.a(string.c.obj)
                0x0001a61a                strlen
 .text.strnlen  0x0001a628       0x12 zephyr/lib/libc/minimal/liblib__libc__minimal.a(string.c.obj)
                0x0001a628                strnlen
 .text.memcmp   0x0001a63a       0x20 zephyr/lib/libc/minimal/liblib__libc__minimal.a(string.c.obj)
                0x0001a63a                memcmp
 .text.memmove  0x0001a65a       0x2e zephyr/lib/libc/minimal/liblib__libc__minimal.a(string.c.obj)
                0x0001a65a                memmove
 .text.memcpy   0x0001a688       0x16 zephyr/lib/libc/minimal/liblib__libc__minimal.a(string.c.obj)
                0x0001a688                memcpy
 .text.memset   0x0001a69e       0x12 zephyr/lib/libc/minimal/liblib__libc__minimal.a(string.c.obj)
                0x0001a69e                memset
 .text._stdout_hook_default
                0x0001a6b0        0x6 zephyr/lib/libc/minimal/liblib__libc__minimal.a(stdout_console.c.obj)
 .text.set_starting_state
                0x0001a6b6       0x3c zephyr/drivers/clock_control/libdrivers__clock_control.a(clock_control_nrf.c.obj)
 .text.set_on_state
                0x0001a6f2       0x26 zephyr/drivers/clock_control/libdrivers__clock_control.a(clock_control_nrf.c.obj)
 .text.onoff_started_callback
                0x0001a718        0xc zephyr/drivers/clock_control/libdrivers__clock_control.a(clock_control_nrf.c.obj)
 .text.hfclkaudio_start
                0x0001a724        0x6 zephyr/drivers/clock_control/libdrivers__clock_control.a(clock_control_nrf.c.obj)
 .text.hfclk192m_start
                0x0001a72a        0x6 zephyr/drivers/clock_control/libdrivers__clock_control.a(clock_control_nrf.c.obj)
 .text.lfclk_start
                0x0001a730        0x6 zephyr/drivers/clock_control/libdrivers__clock_control.a(clock_control_nrf.c.obj)
 .text.hfclkaudio_stop
                0x0001a736        0x6 zephyr/drivers/clock_control/libdrivers__clock_control.a(clock_control_nrf.c.obj)
 .text.hfclk192m_stop
                0x0001a73c        0x6 zephyr/drivers/clock_control/libdrivers__clock_control.a(clock_control_nrf.c.obj)
 .text.lfclk_stop
                0x0001a742        0x6 zephyr/drivers/clock_control/libdrivers__clock_control.a(clock_control_nrf.c.obj)
 .text.api_stop
                0x0001a748        0x6 zephyr/drivers/clock_control/libdrivers__clock_control.a(clock_control_nrf.c.obj)
 .text.blocking_start_callback
                0x0001a74e        0x6 zephyr/drivers/clock_control/libdrivers__clock_control.a(clock_control_nrf.c.obj)
 .text.api_start
                0x0001a754       0x34 zephyr/drivers/clock_control/libdrivers__clock_control.a(clock_control_nrf.c.obj)
 .text.uarte_nrfx_isr_int
                0x0001a788       0x74 zephyr/drivers/serial/libdrivers__serial.a(uart_nrfx_uarte.c.obj)
 .text.uarte_nrfx_config_get
                0x0001a7fc       0x10 zephyr/drivers/serial/libdrivers__serial.a(uart_nrfx_uarte.c.obj)
 .text.uarte_nrfx_err_check
                0x0001a80c        0xe zephyr/drivers/serial/libdrivers__serial.a(uart_nrfx_uarte.c.obj)
 .text.is_tx_ready
                0x0001a81a       0x20 zephyr/drivers/serial/libdrivers__serial.a(uart_nrfx_uarte.c.obj)
 .text.uarte_nrfx_poll_in
                0x0001a83a       0x26 zephyr/drivers/serial/libdrivers__serial.a(uart_nrfx_uarte.c.obj)
 .text.nrf_gpio_cfg_input
                0x0001a860       0x26 zephyr/drivers/serial/libdrivers__serial.a(uart_nrfx_uarte.c.obj)
 .text.nrf_gpio_cfg_output
                0x0001a886       0x26 zephyr/drivers/serial/libdrivers__serial.a(uart_nrfx_uarte.c.obj)
 .text.uarte_0_init
                0x0001a8ac       0xe6 zephyr/drivers/serial/libdrivers__serial.a(uart_nrfx_uarte.c.obj)
 .text.entropy_cc3xx_rng_init
                0x0001a992       0x16 zephyr/drivers/entropy/libdrivers__entropy.a(entropy_cc310.c.obj)
 .text.sys_clock_idle_exit
                0x0001a9a8        0x2 zephyr/drivers/timer/libdrivers__timer.a(sys_clock_init.c.obj)
                0x0001a9a8                sys_clock_idle_exit
 .text.sys_clock_disable
                0x0001a9aa        0x2 zephyr/drivers/timer/libdrivers__timer.a(sys_clock_init.c.obj)
                0x0001a9aa                sys_clock_disable
 .text.hw_cc3xx_init_internal
                0x0001a9ac        0x4 modules/nrf/drivers/hw_cc310/lib..__nrf__drivers__hw_cc310.a(hw_cc310.c.obj)
 .text.hw_cc3xx_init
                0x0001a9b0       0x12 modules/nrf/drivers/hw_cc310/lib..__nrf__drivers__hw_cc310.a(hw_cc310.c.obj)
 .text.nrfx_isr
                0x0001a9c2        0x2 modules/hal_nordic/nrfx/libmodules__hal_nordic__nrfx.a(nrfx_glue.c.obj)
                0x0001a9c2                nrfx_isr
 .text.nrfx_busy_wait
                0x0001a9c4        0x4 modules/hal_nordic/nrfx/libmodules__hal_nordic__nrfx.a(nrfx_glue.c.obj)
                0x0001a9c4                nrfx_busy_wait
 .text.z_device_state_init
                0x0001a9c8        0x2 zephyr/kernel/libkernel.a(device.c.obj)
                0x0001a9c8                z_device_state_init
 .text.z_device_ready
                0x0001a9ca       0x14 zephyr/kernel/libkernel.a(device.c.obj)
                0x0001a9ca                z_device_ready
 .text.k_mem_slab_init
                0x0001a9de       0x38 zephyr/kernel/libkernel.a(mem_slab.c.obj)
                0x0001a9de                k_mem_slab_init
 .text.k_is_in_isr
                0x0001aa16        0xc zephyr/kernel/libkernel.a(thread.c.obj)
                0x0001aa16                k_is_in_isr
 .text.k_thread_name_get
                0x0001aa22        0x4 zephyr/kernel/libkernel.a(thread.c.obj)
                0x0001aa22                k_thread_name_get
 .text.z_pm_save_idle_exit
                0x0001aa26        0xe zephyr/kernel/libkernel.a(idle.c.obj)
                0x0001aa26                z_pm_save_idle_exit
 .text.z_impl_k_mutex_init
                0x0001aa34        0xe zephyr/kernel/libkernel.a(mutex.c.obj)
                0x0001aa34                z_impl_k_mutex_init
 .text.z_reschedule_irqlock
                0x0001aa42       0x18 zephyr/kernel/libkernel.a(sched.c.obj)
                0x0001aa42                z_reschedule_irqlock
 .text.z_reschedule_unlocked
                0x0001aa5a       0x14 zephyr/kernel/libkernel.a(sched.c.obj)
 .text.z_priq_dumb_best
                0x0001aa6e       0x14 zephyr/kernel/libkernel.a(sched.c.obj)
                0x0001aa6e                z_priq_dumb_best
 .text.sys_clock_tick_get_32
                0x0001aa82        0x8 zephyr/kernel/libkernel.a(timeout.c.obj)
                0x0001aa82                sys_clock_tick_get_32
 .text.z_impl_k_busy_wait
                0x0001aa8a        0x8 zephyr/kernel/libkernel.a(timeout.c.obj)
                0x0001aa8a                z_impl_k_busy_wait
 .text._OffsetAbsSyms
                0x0001aa92        0x2 zephyr/CMakeFiles/offsets.dir/./arch/arm/core/offsets/offsets.c.obj
                0x0001aa92                _OffsetAbsSyms
 *(SORT_BY_ALIGNMENT(.TEXT.*))
 .TEXT.z_arm_platform_init
                0x0001aa94        0x4 zephyr/libzephyr.a(soc_nrf_common.S.obj)
                0x0001aa94                z_arm_platform_init
 *(SORT_BY_ALIGNMENT(.gnu.linkonce.t.*))
 *(SORT_BY_ALIGNMENT(.glue_7t))
 .glue_7t       0x0001aa98        0x0 linker stubs
 *(SORT_BY_ALIGNMENT(.glue_7))
 .glue_7        0x0001aa98        0x0 linker stubs
 *(SORT_BY_ALIGNMENT(.vfp11_veneer))
 .vfp11_veneer  0x0001aa98        0x0 linker stubs
 *(SORT_BY_ALIGNMENT(.v4_bx))
 .v4_bx         0x0001aa98        0x0 linker stubs
                0x0001aa98                __text_region_end = .

.ARM.exidx      0x0001aa98        0x8
                0x0001aa98                __exidx_start = .
 *(SORT_BY_ALIGNMENT(.ARM.exidx*) SORT_BY_ALIGNMENT(gnu.linkonce.armexidx.*))
 .ARM.exidx     0x0001aa98        0x8 c:/users/administrador/ncs/v1.8.0/toolchain/opt/bin/../lib/gcc/arm-none-eabi/9.2.1/thumb/v8-m.main/nofp\libgcc.a(_udivmoddi4.o)
                0x0001aaa0                __exidx_end = .
                0x0001aaa0                __rodata_region_start = .

initlevel       0x0001aaa0       0x50
                0x0001aaa0                __init_start = .
                0x0001aaa0                __init_PRE_KERNEL_1_start = .
 *(SORT_BY_NAME(SORT_BY_ALIGNMENT(.z_init_PRE_KERNEL_1[0-9]_*)))
 .z_init_PRE_KERNEL_10_
                0x0001aaa0        0x8 zephyr/libzephyr.a(soc.c.obj)
 *(SORT_BY_NAME(SORT_BY_ALIGNMENT(.z_init_PRE_KERNEL_1[1-9][0-9]_*)))
 .z_init_PRE_KERNEL_130_
                0x0001aaa8        0x8 zephyr/kernel/libkernel.a(mem_slab.c.obj)
 .z_init_PRE_KERNEL_140_
                0x0001aab0        0x8 modules/nrf/drivers/hw_cc310/lib..__nrf__drivers__hw_cc310.a(hw_cc310.c.obj)
 .z_init_PRE_KERNEL_150_
                0x0001aab8        0x8 zephyr/drivers/clock_control/libdrivers__clock_control.a(clock_control_nrf.c.obj)
 .z_init_PRE_KERNEL_150_
                0x0001aac0        0x8 zephyr/drivers/serial/libdrivers__serial.a(uart_nrfx_uarte.c.obj)
 .z_init_PRE_KERNEL_150_
                0x0001aac8        0x8 zephyr/drivers/entropy/libdrivers__entropy.a(entropy_cc310.c.obj)
 .z_init_PRE_KERNEL_160_
                0x0001aad0        0x8 zephyr/drivers/console/libdrivers__console.a(uart_console.c.obj)
                0x0001aad8                __init_PRE_KERNEL_2_start = .
 *(SORT_BY_NAME(SORT_BY_ALIGNMENT(.z_init_PRE_KERNEL_2[0-9]_*)))
 .z_init_PRE_KERNEL_20_
                0x0001aad8        0x8 zephyr/drivers/timer/libdrivers__timer.a(sys_clock_init.c.obj)
 *(SORT_BY_NAME(SORT_BY_ALIGNMENT(.z_init_PRE_KERNEL_2[1-9][0-9]_*)))
                0x0001aae0                __init_POST_KERNEL_start = .
 *(SORT_BY_NAME(SORT_BY_ALIGNMENT(.z_init_POST_KERNEL[0-9]_*)))
 *(SORT_BY_NAME(SORT_BY_ALIGNMENT(.z_init_POST_KERNEL[1-9][0-9]_*)))
 .z_init_POST_KERNEL40_
                0x0001aae0        0x8 modules/nrf/drivers/hw_cc310/lib..__nrf__drivers__hw_cc310.a(hw_cc310.c.obj)
 .z_init_POST_KERNEL90_
                0x0001aae8        0x8 modules/nrf/subsys/fw_info/lib..__nrf__subsys__fw_info.a(fw_info.c.obj)
                0x0001aaf0                __init_APPLICATION_start = .
 *(SORT_BY_NAME(SORT_BY_ALIGNMENT(.z_init_APPLICATION[0-9]_*)))
 *(SORT_BY_NAME(SORT_BY_ALIGNMENT(.z_init_APPLICATION[1-9][0-9]_*)))
                0x0001aaf0                __init_SMP_start = .
 *(SORT_BY_NAME(SORT_BY_ALIGNMENT(.z_init_SMP[0-9]_*)))
 *(SORT_BY_NAME(SORT_BY_ALIGNMENT(.z_init_SMP[1-9][0-9]_*)))
                0x0001aaf0                __init_end = .

devices         0x0001aaf0       0x60
                0x0001aaf0                __device_start = .
                0x0001aaf0                __device_PRE_KERNEL_1_start = .
 *(SORT_BY_NAME(SORT_BY_ALIGNMENT(.z_device_PRE_KERNEL_1[0-9]_*)))
 *(SORT_BY_NAME(SORT_BY_ALIGNMENT(.z_device_PRE_KERNEL_1[1-9][0-9]_*)))
 .z_device_PRE_KERNEL_150_
                0x0001aaf0       0x18 zephyr/drivers/clock_control/libdrivers__clock_control.a(clock_control_nrf.c.obj)
                0x0001aaf0                __device_dts_ord_40
 .z_device_PRE_KERNEL_150_
                0x0001ab08       0x18 zephyr/drivers/serial/libdrivers__serial.a(uart_nrfx_uarte.c.obj)
                0x0001ab08                __device_dts_ord_93
 .z_device_PRE_KERNEL_150_
                0x0001ab20       0x18 zephyr/drivers/entropy/libdrivers__entropy.a(entropy_cc310.c.obj)
                0x0001ab20                __device_dts_ord_37
                0x0001ab38                __device_PRE_KERNEL_2_start = .
 *(SORT_BY_NAME(SORT_BY_ALIGNMENT(.z_device_PRE_KERNEL_2[0-9]_*)))
 .z_device_PRE_KERNEL_20_
                0x0001ab38       0x18 zephyr/drivers/timer/libdrivers__timer.a(sys_clock_init.c.obj)
 *(SORT_BY_NAME(SORT_BY_ALIGNMENT(.z_device_PRE_KERNEL_2[1-9][0-9]_*)))
                0x0001ab50                __device_POST_KERNEL_start = .
 *(SORT_BY_NAME(SORT_BY_ALIGNMENT(.z_device_POST_KERNEL[0-9]_*)))
 *(SORT_BY_NAME(SORT_BY_ALIGNMENT(.z_device_POST_KERNEL[1-9][0-9]_*)))
                0x0001ab50                __device_APPLICATION_start = .
 *(SORT_BY_NAME(SORT_BY_ALIGNMENT(.z_device_APPLICATION[0-9]_*)))
 *(SORT_BY_NAME(SORT_BY_ALIGNMENT(.z_device_APPLICATION[1-9][0-9]_*)))
                0x0001ab50                __device_SMP_start = .
 *(SORT_BY_NAME(SORT_BY_ALIGNMENT(.z_device_SMP[0-9]_*)))
 *(SORT_BY_NAME(SORT_BY_ALIGNMENT(.z_device_SMP[1-9][0-9]_*)))
                0x0001ab50                __device_end = .

sw_isr_table    0x0001ab50      0x228
                0x0001ab50                . = ALIGN (0x0)
 *(SORT_BY_ALIGNMENT(.gnu.linkonce.sw_isr_table*))
 .gnu.linkonce.sw_isr_table
                0x0001ab50      0x228 zephyr/CMakeFiles/zephyr_final.dir/isr_tables.c.obj
                0x0001ab50                _sw_isr_table

initlevel_error
                0x0001aaa0        0x0
 *(SORT_BY_NAME(SORT_BY_ALIGNMENT(.z_init_[_A-Z0-9]*)))
                0x00000001                ASSERT ((SIZEOF (initlevel_error) == 0x0), Undefined initialization levels used.)

app_shmem_regions
                0x0001ad78        0x0
                0x0001ad78                __app_shmem_regions_start = .
 *(SORT_BY_NAME(SORT_BY_ALIGNMENT(.app_regions.*)))
                0x0001ad78                __app_shmem_regions_end = .

bt_l2cap_fixed_chan_area
                0x0001ad78        0x0
                0x0001ad78                _bt_l2cap_fixed_chan_list_start = .
 *(SORT_BY_NAME(SORT_BY_ALIGNMENT(._bt_l2cap_fixed_chan.static.*)))
                0x0001ad78                _bt_l2cap_fixed_chan_list_end = .

bt_gatt_service_static_area
                0x0001ad78        0x0
                0x0001ad78                _bt_gatt_service_static_list_start = .
 *(SORT_BY_NAME(SORT_BY_ALIGNMENT(._bt_gatt_service_static.static.*)))
                0x0001ad78                _bt_gatt_service_static_list_end = .

k_p4wq_initparam_area
                0x0001ad78        0x0
                0x0001ad78                _k_p4wq_initparam_list_start = .
 *(SORT_BY_NAME(SORT_BY_ALIGNMENT(._k_p4wq_initparam.static.*)))
                0x0001ad78                _k_p4wq_initparam_list_end = .

log_strings_sections
                0x0001ad78        0x0
                0x0001ad78                __log_strings_start = .
 *(SORT_BY_NAME(SORT_BY_ALIGNMENT(.log_strings*)))
                0x0001ad78                __log_strings_end = .

log_const_sections
                0x0001ad78       0x38
                0x0001ad78                __log_const_start = .
 *(SORT_BY_NAME(SORT_BY_ALIGNMENT(.log_const_*)))
 .log_const_clock_control
                0x0001ad78        0x8 zephyr/drivers/clock_control/libdrivers__clock_control.a(clock_control_nrf.c.obj)
                0x0001ad78                log_const_clock_control
 .log_const_fatal_error
                0x0001ad80        0x8 modules/nrf/lib/fatal_error/lib..__nrf__lib__fatal_error.a(fatal_error.c.obj)
                0x0001ad80                log_const_fatal_error
 .log_const_mpu
                0x0001ad88        0x8 zephyr/arch/arch/arm/core/aarch32/mpu/libarch__arm__core__aarch32__mpu.a(arm_core_mpu.c.obj)
                0x0001ad88                log_const_mpu
 .log_const_os  0x0001ad90        0x8 zephyr/kernel/libkernel.a(init.c.obj)
                0x0001ad90                log_const_os
 .log_const_power
                0x0001ad98        0x8 zephyr/libzephyr.a(power.c.obj)
                0x0001ad98                log_const_power
 .log_const_soc
                0x0001ada0        0x8 zephyr/libzephyr.a(soc.c.obj)
                0x0001ada0                log_const_soc
 .log_const_uart_nrfx_uarte
                0x0001ada8        0x8 zephyr/drivers/serial/libdrivers__serial.a(uart_nrfx_uarte.c.obj)